02-06 15:46:45.535  1663  2175 W TurboSchedManagerService: 	at android.os.Binder.execTransactInternal(Binder.java:1154)
02-06 15:46:45.535  1663  2175 W TurboSchedManagerService: 	at android.os.Binder.execTransact(Binder.java:1123)
02-06 15:46:45.535  1663  2175 W TurboSchedManagerService: Caused by: android.system.ErrnoException: open failed: ENOENT (No such file or directory)
02-06 15:46:45.535  1663  2175 W TurboSchedManagerService: 	at libcore.io.Linux.open(Native Method)
02-06 15:46:45.535  1663  2175 W TurboSchedManagerService: 	at libcore.io.ForwardingOs.open(ForwardingOs.java:166)
02-06 15:46:45.535  1663  2175 W TurboSchedManagerService: 	at libcore.io.BlockGuardOs.open(BlockGuardOs.java:254)
02-06 15:46:45.535  1663  2175 W TurboSchedManagerService: 	at libcore.io.IoBridge.open(IoBridge.java:478)
02-06 15:46:45.535  1663  2175 W TurboSchedManagerService: 	... 9 more
02-06 15:46:46.932  1663  2266 W SchedBoost: SchedBoost continue: proc: 20419/20602
02-06 15:46:46.932 20419 20419 D Launcher.CellLayout: touch item:ShortcutInfo, id=89, itemType=0, user=UserHandle{0}, mIconType=0, pkgName=com.minima.android, className=com.minima.android.LauncherActivity, screenId=2, container=-100, cellX=1, cellY=3, spanX=1, spanY=1, isLandscapePos=false
02-06 15:46:46.933 20419 20419 D Launcher.itemIcon: folmeDown
02-06 15:46:46.933  1663  4853 W TurboSchedManagerService: Failed to write path : /sys/module/migt/parameters/mi_viptask  value : 20419:20602-200
02-06 15:46:46.933  1663  4853 W TurboSchedManagerService: java.io.FileNotFoundException: /sys/module/migt/parameters/mi_viptask: open failed: ENOENT (No such file or directory)
02-06 15:46:46.933  1663  4853 W TurboSchedManagerService: 	at libcore.io.IoBridge.open(IoBridge.java:492)
02-06 15:46:46.933  1663  4853 W TurboSchedManagerService: 	at java.io.FileOutputStream.<init>(FileOutputStream.java:236)
02-06 15:46:46.933  1663  4853 W TurboSchedManagerService: 	at java.io.FileOutputStream.<init>(FileOutputStream.java:125)
02-06 15:46:46.933  1663  4853 W TurboSchedManagerService: 	at java.io.PrintWriter.<init>(PrintWriter.java:184)
02-06 15:46:46.933  1663  4853 W TurboSchedManagerService: 	at com.miui.server.turbosched.TurboSchedManagerService.writeTurboSchedNode(TurboSchedManagerService.java:85)
02-06 15:46:46.933  1663  4853 W TurboSchedManagerService: 	at com.miui.server.turbosched.TurboSchedManagerService.setTurboSchedActionInternal(TurboSchedManagerService.java:79)
02-06 15:46:46.933  1663  4853 W TurboSchedManagerService: 	at com.miui.server.turbosched.TurboSchedManagerService.setTurboSchedAction(TurboSchedManagerService.java:170)
02-06 15:46:46.933  1663  4853 W TurboSchedManagerService: 	at miui.turbosched.ITurboSchedManager$Stub.onTransact(ITurboSchedManager.java:94)
02-06 15:46:46.933  1663  4853 W TurboSchedManagerService: 	at android.os.Binder.execTransactInternal(Binder.java:1154)
02-06 15:46:46.933  1663  4853 W TurboSchedManagerService: 	at android.os.Binder.execTransact(Binder.java:1123)
02-06 15:46:46.933  1663  4853 W TurboSchedManagerService: Caused by: android.system.ErrnoException: open failed: ENOENT (No such file or directory)
02-06 15:46:46.933  1663  4853 W TurboSchedManagerService: 	at libcore.io.Linux.open(Native Method)
02-06 15:46:46.933  1663  4853 W TurboSchedManagerService: 	at libcore.io.ForwardingOs.open(ForwardingOs.java:166)
02-06 15:46:46.933  1663  4853 W TurboSchedManagerService: 	at libcore.io.BlockGuardOs.open(BlockGuardOs.java:254)
02-06 15:46:46.933  1663  4853 W TurboSchedManagerService: 	at libcore.io.IoBridge.open(IoBridge.java:478)
02-06 15:46:46.933  1663  4853 W TurboSchedManagerService: 	... 9 more
02-06 15:46:46.934 20419 20741 D Launcher.Boost: bindcore 200
02-06 15:46:46.942 20419 20743 D Launcher_dispatchTouchEvent_View: [motionEvent view:]   
02-06 15:46:46.942 20419 20743 D Launcher_dispatchTouchEvent_View: 46:46.935 View=com.miui.home.launcher.ShortcutMenuLayer{62f23b8 V.E...... .......D 0,0-1080,2340 #7f0a01d5 app:id/shortcut_menu_layer}
02-06 15:46:46.942 20419 20743 D Launcher_dispatchTouchEvent_View: 46:46.935 View=com.miui.home.launcher.DragLayer{726b1d0 V.E...... .......D 0,0-1080,2340 #7f0a00be app:id/drag_layer}
02-06 15:46:46.942 20419 20743 D Launcher_dispatchTouchEvent_View: 46:46.936 View=com.miui.home.launcher.search.SearchEdgeLayout{c8745c9 V.ED..... .......D 0,0-1080,2340 #7f0a019e app:id/screen}
02-06 15:46:46.942 20419 20743 D Launcher_dispatchTouchEvent_View: 46:46.936 View=com.miui.home.launcher.FitSystemWindowView{f5224ce V.E...... .......D 0,0-1080,2340 #7f0a019f app:id/screen_content}
02-06 15:46:46.942 20419 20743 D Launcher_dispatchTouchEvent_View: 46:46.936 View=com.miui.home.launcher.Workspace{2849fef V.E...... .......D 0,0-1080,2210 #7f0a025d app:id/workspace}
02-06 15:46:46.942 20419 20743 D Launcher_dispatchTouchEvent_View: 46:46.937 View=com.miui.home.launcher.CellScreen{682d258 V.E...... .......D 1080,80-2160,2210}
02-06 15:46:46.943 20419 20743 D Launcher_dispatchTouchEvent_View: 46:46.940 View= mHCells=4 mVCells=6 mTotalCells=24 mCellXY[0]=3 mCellXY[1]=5 childCount=15 EmptyCellsNum=9   [ tag 0 =com.miui.home.launcher.FolderIcon{284da93 VFE...CL. ........ 287,84-541,373}| childWidth 0 =254| childHeight 0 =289| childTranslationX 0 =0.0| childTranslationY 0 =0.0| childX 0 =287.0|  childY 0 =84.0|  childAlpha 0 =1.0] [ tag 1 =com.miui.home.launcher.FolderIcon{81c40af VFE...CL. ........ 33,379-287,668}| childWidth 1 =254| childHeight 1 =289| childTranslationX 1 =0.0| childTranslationY 1 =0.0| childX 1 =33.0|  childY 1 =379.0|  childAlpha 1 =1.0] [ tag 2 =com.miui.home.launcher.FolderIcon{3a7f8ab VFE...CL. ........ 795,674-1049,963}| childWidth 2 =254| childHeight 2 =289| childTranslationX 2 =0.0| childTranslationY 2 =0.0| childX 2 =795.0|  childY 2 =674.0|  childAlpha 2 =1.0] [ tag 3 =com.miui.home.launcher.ShortcutIcon{5d006da VFE...CL. ........ 33,84-287,373}(Telèfon)| childWidth 3 =254| childHeight 3 =289| childTranslationX 3 =0.0| childTranslationY 3 =0.0| childX 3 =33.0|  childY 3 =84.0|  childAlpha 3 =1.0] [ tag 4 =com.miui.home.launcher.ShortcutIcon{a878cf5 VFE...CL. ........ 541,84-795,373}(ChatGPT)| childWidth 4 =254| childHeight 4 =289| childTranslationX 4 =0.0| childTranslationY 4 =0.0| childX 4 =541.0|  childY 4 =84.0|  childAlpha 4 =1.0] [ tag 5 =com.miui.home.launcher.ShortcutIcon{26786c7 VFE...CL. ........ 795,84-1049,373}(Gestor de fitxers)| childWidth 5 =254| childHeight 5 =289| childTranslationX 5 =0.0| childTranslationY 5 =0.0| childX 5 =795.0|  childY 5 =84.0|  childAlpha 5 =1.0] [ tag 6 =com.miui.home.launcher.ShortcutIcon{b51e4fd VFE...CL. ........ 287,379-541,668}(El temps)| childWidth 6 =254| childHeight 6 =289| childTranslationX 6 =0.0| childTranslationY 6 =0.0| childX 6 =287.0|  childY 6 =379.0|  childAlpha 6 =1.0] [ tag 7 =com.miui.home.launcher.ShortcutIcon{1995597 VFE...CL. ........ 541,379-795,668}(Calendari)| childWidth 7 =254| childHeight 7 =289| childTranslationX 7 =0.0| childTranslationY 7 =0.0| childX 7 =541.0|  childY 7 =379.0|  childAlpha 7 =1.0] [ tag 8 =com.miui.home.launcher.ShortcutIcon{4a4a0a1 VFE...CL. ........ 795,379-1049,668}(Volta d'aplicacions)| childWidth 8 =254| childHeight 8 =289| childTranslationX 8 =0.0| childTranslationY 8 =0.0| childX 8 =795.0|  childY 8 =379.0|  childAlpha 8 =1.0] [ tag 9 =com.miui.home.launcher.ShortcutIcon{1220caa VFE...CL. ........ 33,674-287,963}(Seguretat)| childWidth 9 =254| childHeight 9 =289| childTranslationX 9 =0.0| childTranslationY 9 =0.0| childX 9 =33.0|  childY 9 =674.0|  childAlpha 9 =1.0] [ tag 10 =com.miui.home.launcher.ShortcutIcon{656ac05 VFE...CL. ...P.... 287,969-541,1258}(Minima)| childWidth 10 =254| childHeight 10 =289| childTranslationX 10 =0.0| childTranslationY 10 =0.0| childX 10 =287.0|  childY 10 =969.0|  childAlpha 10 =1.0] [ tag 11 =com.miui.home.launcher.ShortcutIcon{72e5bac VFE...CL. ........ 541,674-795,963}(Missatges)| childWidth 11 =254| childHeight 11 =289| childTranslationX 11 =0.0| childTranslationY 11 =0.0| childX 11 =541.0|  childY 11 =674.0|  childAlpha 11 =1.0] [ tag 12 =com.miui.home.launcher.ShortcutIcon{d9bb44f VFE...CL. ........ 33,969-287,1258}(Alsa)| childWidth 12 =254| childHeight 12 =289| childTranslationX 12 =0.0| childTranslationY 12 =0.0| childX 12 =33.0|  childY 12 =969.0|  childAlpha 12 =1.0] [ tag 13 =com.miui.home.launcher.ShortcutIcon{efc596e VFE...CL. ........ 287,674-541,963}(Temes)| childWidth 13 =254| childHeight 13 =289| childTranslationX 13 =0.0| childTranslationY 13 =0.0| childX 13 =287.0|  childY 13 =674.0|  childAlpha 13 =1.0] [ tag 14 =com.miui.home.launcher.ShortcutIcon{e5e6531 VFE...CL. ........ 541,969-795,1258}(MetaChain)| childWidth 14 =254| childHeight 14 =289| childTranslationX 14 =0.0| childTranslationY 14 =0.0| childX 14 =541.0|  childY 14 =969.0|  childAlpha 14 =1.0] 
02-06 15:46:46.943 20419 20743 D Launcher_dispatchTouchEvent_View: 46:46.941 View=com.miui.home.launcher.ShortcutIcon{656ac05 VFE...CL. ...P.... 287,969-541,1258}(Minima)
02-06 15:46:47.015  1663  2204 D MIUIInput: [MotionEvent] publisher action=0x1, 94315263, channel '3299199 com.miui.home/com.miui.home.launcher.Launcher (server)'
02-06 15:46:47.016  1663  2204 D MIUIInput: [MotionEvent] publisher action=0x1, 94315263, channel 'a577da5 com.miui.miwallpaper.wallpaperservice.MiuiKeyguardPictorialWallpaper (server)'
02-06 15:46:47.016  1663  2204 D MIUIInput: [MotionEvent] publisher action=0x1, 94315263, channel 'b23bb7d com.miui.miwallpaper.wallpaperservice.ImageWallpaper (server)'
02-06 15:46:47.017 20419 20419 D Launcher.Workspace: Workspace touch up or cancel
02-06 15:46:47.017 20419 20419 D ScreenView_Workspace: oninterceput up
02-06 15:46:47.017 20419 20643 I RenderThread: RenderThread resumed
02-06 15:46:47.017 20419 20643 I RenderThread: All controllers paused.
02-06 15:46:47.017 20419 20643 I RenderThread: RenderThread paused, waiting for signal
02-06 15:46:47.017 20419 20419 D Launcher.itemIcon: folmeUp
02-06 15:46:47.019 20419 20741 D Launcher.Boost: bindcore 200
02-06 15:46:47.021 20419 20419 E QuickstepAppTransitionManagerImpl: getActivityLaunchOptions   iconLoc=Rect(333, 1070 - 501, 1238)
02-06 15:46:47.019  1663  4853 W TurboSchedManagerService: Failed to write path : /sys/module/migt/parameters/mi_viptask  value : 20419:20602-200
02-06 15:46:47.019  1663  4853 W TurboSchedManagerService: java.io.FileNotFoundException: /sys/module/migt/parameters/mi_viptask: open failed: ENOENT (No such file or directory)
02-06 15:46:47.019  1663  4853 W TurboSchedManagerService: 	at libcore.io.IoBridge.open(IoBridge.java:492)
02-06 15:46:47.019  1663  4853 W TurboSchedManagerService: 	at java.io.FileOutputStream.<init>(FileOutputStream.java:236)
02-06 15:46:47.019  1663  4853 W TurboSchedManagerService: 	at java.io.FileOutputStream.<init>(FileOutputStream.java:125)
02-06 15:46:47.019  1663  4853 W TurboSchedManagerService: 	at java.io.PrintWriter.<init>(PrintWriter.java:184)
02-06 15:46:47.019  1663  4853 W TurboSchedManagerService: 	at com.miui.server.turbosched.TurboSchedManagerService.writeTurboSchedNode(TurboSchedManagerService.java:85)
02-06 15:46:47.019  1663  4853 W TurboSchedManagerService: 	at com.miui.server.turbosched.TurboSchedManagerService.setTurboSchedActionInternal(TurboSchedManagerService.java:79)
02-06 15:46:47.019  1663  4853 W TurboSchedManagerService: 	at com.miui.server.turbosched.TurboSchedManagerService.setTurboSchedAction(TurboSchedManagerService.java:170)
02-06 15:46:47.019  1663  4853 W TurboSchedManagerService: 	at miui.turbosched.ITurboSchedManager$Stub.onTransact(ITurboSchedManager.java:94)
02-06 15:46:47.019  1663  4853 W TurboSchedManagerService: 	at android.os.Binder.execTransactInternal(Binder.java:1154)
02-06 15:46:47.019  1663  4853 W TurboSchedManagerService: 	at android.os.Binder.execTransact(Binder.java:1123)
02-06 15:46:47.019  1663  4853 W TurboSchedManagerService: Caused by: android.system.ErrnoException: open failed: ENOENT (No such file or directory)
02-06 15:46:47.019  1663  4853 W TurboSchedManagerService: 	at libcore.io.Linux.open(Native Method)
02-06 15:46:47.019  1663  4853 W TurboSchedManagerService: 	at libcore.io.ForwardingOs.open(ForwardingOs.java:166)
02-06 15:46:47.019  1663  4853 W TurboSchedManagerService: 	at libcore.io.BlockGuardOs.open(BlockGuardOs.java:254)
02-06 15:46:47.019  1663  4853 W TurboSchedManagerService: 	at libcore.io.IoBridge.open(IoBridge.java:478)
02-06 15:46:47.019  1663  4853 W TurboSchedManagerService: 	... 9 more
02-06 15:46:47.022 20419 20419 I Timeline: Timeline: Activity_launch_request time:94315270
02-06 15:46:47.026  1663  2175 I ActivityTaskManager: START u0 {act=android.intent.action.MAIN cat=[android.intent.category.LAUNCHER] flg=0x10200000 cmp=com.minima.android/.LauncherActivity bnds=[333,1070][501,1238] (has extras)} from uid 10103
02-06 15:46:47.027  1663  2175 D MiuiMultiWindowAdapter: MiuiMultiWindowAdapter::getFreeformBlackList::sSmallWindowBlackList = [com.miui.securitycenter, com.miui.weather2, com.miui.miservice, com.android.calendar, com.xiaomi.calendar, com.android.contacts, com.miui.mishare.connectivity, com.android.settings, com.android.printspooler, com.miui.backup, com.miui.huanji, com.miui.calculator, com.android.deskclock, com.android.thememanager, com.mfashiongallery.emag, com.miui.virtualsim, com.miui.smarttravel, com.mi.health, com.android.camera, com.lbe.security.miui, com.miui.cleanmaster, com.miui.newhome, com.miui.voiceassist, com.android.phone, com.miui.yellowpage, com.android.updater, com.miui.tsmclient, com.miui.securitycore, com.xiaomi.account, com.xiaomi.shop, com.mipay.wallet, com.xiaomi.youpin, com.xiaomi.hm.health, com.miui.bugreport, com.xiaomi.mibrain.speech, com.xiaomi.mimoji, com.xiaomi.scanner, com.duokan.phone.remotecontroller, com.miui.hybrid, com.android.incallui, com.miui.video, com.miui.videoplayer, com.miui.player, com.miui.fm, com.miui.packageinstaller, com.mi.android.globallauncher, com.google.android.dialer, com.google.android.apps.magazines, com.miui.compass, com.miui.greenguard, com.kiteguard, com.google.android.apps.prodcasts, com.google.ar.lens, com.xiangkan.android, com.android.bankabc, com.sohu.inputmethod.sogou, com.tencent.mtt, com.shyz.toutiao, com.netease.mc.mi, com.outfit7.talkingtomgoldrun.mi, com.doudz.mi, com.wepie.snake.new.mi, cn.jj, com.standddz002.mi, com.miHoYo.bh3.mi, com.qqgame.hlddz, com.happyelements.AndroidAnimal, com.minitech.miniworld.TMobile.mi, com.mfp.jelly.xiaomi, com.lilithgames.afk.mi, com.tencent.peng, com.teenpatti.hd.gold, blockpuzzle.jewelgames.jewelslegend, com.playgendary.tanks, com.chillingo.robberybobfree.android.row, com.episodeinteractive.android.catalog, com.playrix.township, com.ansangha.drdriving, com.google.android.youtube, com.gbits.atm.mi]
02-06 15:46:47.039 20419 20433 W System  : A resource failed to call release. 
02-06 15:46:47.042 20419 20433 I chatty  : uid=10103(com.miui.home) FinalizerDaemon identical 5 lines
02-06 15:46:47.042 20419 20433 W System  : A resource failed to call release. 
02-06 15:46:47.043  1663  2175 D CompatibilityInfo: mCompatibilityFlags - 0
02-06 15:46:47.043  1663  2175 D CompatibilityInfo: applicationDensity - 440
02-06 15:46:47.043  1663  2175 D CompatibilityInfo: applicationScale - 1.0
02-06 15:46:47.045  1663  2175 D ActivityTrigger: ActivityTrigger activityPauseTrigger 
02-06 15:46:47.050 20419 20743 D Launcher_dispatchTouchEvent: [motionEvent action:(rawX,rawY)]  46:46.943[0(430,0,1187,0)] 46:47.050[1(430,0,1187,0)] 
02-06 15:46:47.050 20419 20743 D Launcher_Scrollto: [(rawX,rawY)|scrollX]  
02-06 15:46:47.060 20419 20419 D Launcher.Lifecycle: onPause:UserHandle{0},c76c0a5,true
02-06 15:46:47.060 20419 20419 D Launcher_UnlockAnimationStateMachine: setState:PAUSE_WAIT
02-06 15:46:47.077 20419 20485 D StatusBarController: handleMessage: flag 800000  disable false
02-06 15:46:47.082   614   614 D Zygote  : Forked child process 32127
02-06 15:46:47.086  1663  1828 I ActivityManager: Start proc 32127:com.minima.android/u0a251 for pre-top-activity {com.minima.android/com.minima.android.LauncherActivity} caller=com.miui.home
02-06 15:46:47.090 20419 20419 D Launcher_WallpaperUtils: changeStatusBarMode:false
02-06 15:46:47.094 32127 32127 E .minima.androi: Unknown bits set in runtime_flags: 0x800000
02-06 15:46:47.099 32127 32127 E .minima.androi: Not starting debugger since process cannot load the jdwp agent.
02-06 15:46:47.111  1663  2175 D CompatibilityInfo: mCompatibilityFlags - 0
02-06 15:46:47.111  1663  2175 D CompatibilityInfo: applicationDensity - 440
02-06 15:46:47.111  1663  2175 D CompatibilityInfo: applicationScale - 1.0
02-06 15:46:47.114  1663  2175 D CompatibilityInfo: mCompatibilityFlags - 0
02-06 15:46:47.114  1663  2175 D CompatibilityInfo: applicationDensity - 440
02-06 15:46:47.114  1663  2175 D CompatibilityInfo: applicationScale - 1.0
02-06 15:46:47.116 21080 21098 D AutoInstallService: onForegroundInfoChanged: com.minima.android
02-06 15:46:47.116  6165 10231 D PerfEngineController: ForegroundInfo{mForegroundPackageName='com.minima.android', mForegroundUid=10251, mForegroundPid=32127, mLastForegroundPackageName='com.miui.home', mLastForegroundUid=10103, mLastForegroundPid=20419, mMultiWindowForegroundPackageName='null', mMultiWindowForegroundUid=-1, mFlags=1}
02-06 15:46:47.116 24714 24892 I ProcessMonitor: onForegroundInfoChanged: ForegroundInfo{mForegroundPackageName='com.minima.android', mForegroundUid=10251, mForegroundPid=32127, mLastForegroundPackageName='com.miui.home', mLastForegroundUid=10103, mLastForegroundPid=20419, mMultiWindowForegroundPackageName='null', mMultiWindowForegroundUid=-1, mFlags=1}
02-06 15:46:47.116  6165  6184 W MessageQueue: Handler (com.miui.powerkeeper.feedbackcontrol.FeedbackControlService$FeedbackControlHandler) {9885f8e} sending message to a Handler on a dead thread
02-06 15:46:47.116  6165  6184 W MessageQueue: java.lang.IllegalStateException: Handler (com.miui.powerkeeper.feedbackcontrol.FeedbackControlService$FeedbackControlHandler) {9885f8e} sending message to a Handler on a dead thread
02-06 15:46:47.116  6165  6184 W MessageQueue: 	at android.os.MessageQueue.enqueueMessage(MessageQueue.java:563)
02-06 15:46:47.116  6165  6184 W MessageQueue: 	at android.os.Handler.enqueueMessage(Handler.java:778)
02-06 15:46:47.116  6165  6184 W MessageQueue: 	at android.os.Handler.sendMessageAtTime(Handler.java:727)
02-06 15:46:47.116  6165  6184 W MessageQueue: 	at com.miui.powerkeeper.event.EventsAggregator$EventRegistrant.notifyResult(Unknown Source:26)
02-06 15:46:47.116  6165  6184 W MessageQueue: 	at com.miui.powerkeeper.event.EventsAggregator.notifyForForegroundInfo(Unknown Source:47)
02-06 15:46:47.116  6165  6184 W MessageQueue: 	at com.miui.powerkeeper.utils.ProcessObserver.notifyForegroundListener(Unknown Source:17)
02-06 15:46:47.116  6165  6184 W MessageQueue: 	at com.miui.powerkeeper.utils.ProcessObserver.access$1000(Unknown Source:0)
02-06 15:46:47.116  6165  6184 W MessageQueue: 	at com.miui.powerkeeper.utils.ProcessObserver$2.onForegroundInfoChanged(Unknown Source:2)
02-06 15:46:47.116  6165  6184 W MessageQueue: 	at miui.process.IForegroundInfoListener$Stub.onTransact(IForegroundInfoListener.java:87)
02-06 15:46:47.116  6165  6184 W MessageQueue: 	at android.os.Binder.execTransactInternal(Binder.java:1159)
02-06 15:46:47.116  6165  6184 W MessageQueue: 	at android.os.Binder.execTransact(Binder.java:1123)
02-06 15:46:47.116  6165  6629 I ThermalInfoCollector: collectForgroundAppsInfo
02-06 15:46:47.117 24714 24892 I GameBoosterService: onForegroundInfoChanged: Cur=com.minima.android	 last=com.miui.home
02-06 15:46:47.120  1663  1769 I Timeline: Timeline: App_transition_ready time:94315369
02-06 15:46:47.122  1663  2175 D MIUIInput: [FoucsChange]: Display  0 FocusedWindow From Window{3299199 mode=1 rootTaskId=1 u0 com.miui.home/com.miui.home.launcher.Launcher}(1,0)  to null(0,0)
02-06 15:46:47.122 24714 24892 D GameBoosterService: onGameStatusChange foreground:ForegroundInfo{mForegroundPackageName='com.minima.android', mForegroundUid=10251, mForegroundPid=32127, mLastForegroundPackageName='com.miui.home', mLastForegroundUid=10103, mLastForegroundPid=20419, mMultiWindowForegroundPackageName='null', mMultiWindowForegroundUid=-1, mFlags=1}
02-06 15:46:47.122 24714 24892 I VideoBoxUtils: isSupportVideoBox: false
02-06 15:46:47.122 24714 24892 I VideoToolBoxService: vtb is closed!!!
02-06 15:46:47.124  2696  6188 I SarService: Receiver polling >>>> Change receiver mode: off
02-06 15:46:47.127 20419 20419 D Launcher.Lifecycle: onWindowFocusChanged:false,UserHandle{0},c76c0a5,true
02-06 15:46:47.128  5825  3843 D PMonitor:  onForegroundActivitiesChanged:pid = 32127,activity-uid=10251,foregroundActivities=true
02-06 15:46:47.132  1663  2223 I MiuiNetworkPolicy: updateUidState uid = 10251, uidState = 2
02-06 15:46:47.146 32127 32127 W .minima.androi: JIT profile information will not be recorded: profile file does not exist.
02-06 15:46:47.146 32127 32127 I chatty  : uid=10251(com.minima.android) identical 1 line
02-06 15:46:47.146 32127 32127 W .minima.androi: JIT profile information will not be recorded: profile file does not exist.
02-06 15:46:47.154 32127 32127 I Perf    : Connecting to perf service.
02-06 15:46:47.167 24714 28492 I SCTaskStackListener: onTaskStackChanged! inSplit = false
02-06 15:46:47.167 24714 30554 I SCTaskStackListener: onTaskStackChanged! inSplit = false
02-06 15:46:47.168 32127 32127 D NetworkSecurityConfig: No Network Security Config specified, using platform default
02-06 15:46:47.168 32127 32127 D NetworkSecurityConfig: No Network Security Config specified, using platform default
02-06 15:46:47.186   828   911 W DisplayIdentification: Invalid EDID: falling back to serial number due to missing display name.
02-06 15:46:47.186   828   911 W DisplayIdentification: Invalid EDID: falling back to ASCII text due to missing serial number.
02-06 15:46:47.209 32127 32127 I Timeline: Timeline: Activity_launch_request time:94315458
02-06 15:46:47.210  1663  2175 I ActivityTaskManager: START u0 {flg=0x10000 cmp=com.minima.android/.StartMinimaActivity} from uid 10251
02-06 15:46:47.211  1663  2175 D MiuiMultiWindowAdapter: MiuiMultiWindowAdapter::getFreeformBlackList::sSmallWindowBlackList = [com.miui.securitycenter, com.miui.weather2, com.miui.miservice, com.android.calendar, com.xiaomi.calendar, com.android.contacts, com.miui.mishare.connectivity, com.android.settings, com.android.printspooler, com.miui.backup, com.miui.huanji, com.miui.calculator, com.android.deskclock, com.android.thememanager, com.mfashiongallery.emag, com.miui.virtualsim, com.miui.smarttravel, com.mi.health, com.android.camera, com.lbe.security.miui, com.miui.cleanmaster, com.miui.newhome, com.miui.voiceassist, com.android.phone, com.miui.yellowpage, com.android.updater, com.miui.tsmclient, com.miui.securitycore, com.xiaomi.account, com.xiaomi.shop, com.mipay.wallet, com.xiaomi.youpin, com.xiaomi.hm.health, com.miui.bugreport, com.xiaomi.mibrain.speech, com.xiaomi.mimoji, com.xiaomi.scanner, com.duokan.phone.remotecontroller, com.miui.hybrid, com.android.incallui, com.miui.video, com.miui.videoplayer, com.miui.player, com.miui.fm, com.miui.packageinstaller, com.mi.android.globallauncher, com.google.android.dialer, com.google.android.apps.magazines, com.miui.compass, com.miui.greenguard, com.kiteguard, com.google.android.apps.prodcasts, com.google.ar.lens, com.xiangkan.android, com.android.bankabc, com.sohu.inputmethod.sogou, com.tencent.mtt, com.shyz.toutiao, com.netease.mc.mi, com.outfit7.talkingtomgoldrun.mi, com.doudz.mi, com.wepie.snake.new.mi, cn.jj, com.standddz002.mi, com.miHoYo.bh3.mi, com.qqgame.hlddz, com.happyelements.AndroidAnimal, com.minitech.miniworld.TMobile.mi, com.mfp.jelly.xiaomi, com.lilithgames.afk.mi, com.tencent.peng, com.teenpatti.hd.gold, blockpuzzle.jewelgames.jewelslegend, com.playgendary.tanks, com.chillingo.robberybobfree.android.row, com.episodeinteractive.android.catalog, com.playrix.township, com.ansangha.drdriving, com.google.android.youtube, com.gbits.atm.mi]
02-06 15:46:47.107     0     0 I pmi632_charger: wdog_snarl_irq_handler: IRQ: wdog-snarl
02-06 15:46:47.107     0     0 I pmi632_charger: smblib_get_prop_usb_online: POWER_PATH_STATUS = 0x95
02-06 15:46:47.107     0     0 I pmi632_charger: smblib_get_prop_batt_health: BATTERY_CHARGER_STATUS_2 = 0x28
02-06 15:46:47.107     0     0 I pmi632_charger: smblib_get_prop_usb_online: POWER_PATH_STATUS = 0x95
02-06 15:46:47.107     0     0 I pmi632_charger: smblib_get_prop_batt_health: BATTERY_CHARGER_STATUS_2 = 0x28
02-06 15:46:47.107     0     0 I pmi632_charger: smblib_get_prop_batt_health: BATTERY_CHARGER_STATUS_2 = 0x28
02-06 15:46:47.108     0     0 I pmi632_charger: smblib_get_prop_usb_online: POWER_PATH_STATUS = 0x95
02-06 15:46:47.108     0     0 I pmi632_charger: smblib_get_prop_batt_health: BATTERY_CHARGER_STATUS_2 = 0x28
02-06 15:46:47.108     0     0 I QG-K    : qg_status_change_work: charge_status=4 charge_done=1
02-06 15:46:47.108     0     0 E PL_DISABLE: CHG_STATE_VOTER,0 same vote on of val=1
02-06 15:46:47.108     0     0 E PL_DISABLE: CHG_STATE_VOTER,0 Ignoring similar vote on of val=1
02-06 15:46:47.108     0     0 I pmi632_charger: smblib_get_charge_param: input current limit status = 1000000 (0x14)
02-06 15:46:47.108     0     0 E PL_ENABLE_INDIRECT: USBIN_I_VOTER,0 same vote on of val=1
02-06 15:46:47.108     0     0 E PL_ENABLE_INDIRECT: USBIN_I_VOTER,0 Ignoring similar vote on of val=1
02-06 15:46:47.108     0     0 I QCOM-BATT: pl_fcc_vote_callback: cp_fcc_ua=3000000 total_fcc_ua=3000000 forced_main_fcc=0
02-06 15:46:47.108     0     0 E QCOM-BATT: pl_disable_vote_callback: FCC Stepper disabled
02-06 15:46:47.108     0     0 E FCC_MAIN: MAIN_FCC_VOTER,0 same vote on of val=3000000
02-06 15:46:47.108     0     0 E FCC_MAIN: MAIN_FCC_VOTER,0 Ignoring similar vote on of val=3000000
02-06 15:46:47.108     0     0 I pmi632_charger: smblib_set_charge_param: float voltage = 4400000 (0x50)
02-06 15:46:47.108     0     0 I QCOM-BATT: pl_disable_vote_callback: parallel charging disabled
02-06 15:46:47.109     0     0 I         : length 2 addr=48c0
02-06 15:46:47.109     0     0 I val[0]  : 2b
02-06 15:46:47.109     0     0 I val[1]  : 57
02-06 15:46:47.109     0     0 I addr=4842 mask: 01 val: 01
02-06 15:46:47.109     0     0 I         : length 2 addr=48c6
02-06 15:46:47.109     0     0 I val[0]  : 00
02-06 15:46:47.109     0     0 I val[1]  : 00
02-06 15:46:47.109     0     0 I addr=4842 mask: 01 val: 00
02-06 15:46:47.111     0     0 I         : length 2 addr=48c0
02-06 15:46:47.111     0     0 I val[0]  : 2b
02-06 15:46:47.111     0     0 I val[1]  : 57
02-06 15:46:47.111     0     0 I addr=4842 mask: 01 val: 01
02-06 15:46:47.111     0     0 I         : length 2 addr=48c6
02-06 15:46:47.111     0     0 I val[0]  : 00
02-06 15:46:47.111     0     0 I val[1]  : 00
02-06 15:46:47.111     0     0 I addr=4842 mask: 01 val: 00
02-06 15:46:47.111     0     0 I pmi632_charger: smblib_get_charge_param: input current limit status = 1000000 (0x14)
02-06 15:46:47.111     0     0 I pmi632_charger: smblib_get_prop_batt_health: BATTERY_CHARGER_STATUS_2 = 0x28
02-06 15:46:47.112     0     0 I addr=4842 mask: 01 val: 01
02-06 15:46:47.219  1663  2175 D CompatibilityInfo: mCompatibilityFlags - 0
02-06 15:46:47.112     0     0 I         : length 2 addr=48c6
02-06 15:46:47.220  1663  2175 D CompatibilityInfo: applicationDensity - 440
02-06 15:46:47.112     0     0 I val[0]  : 00
02-06 15:46:47.220  1663  2175 D CompatibilityInfo: applicationScale - 1.0
02-06 15:46:47.112     0     0 I val[1]  : 00
02-06 15:46:47.112     0     0 I addr=4842 mask: 01 val: 00
02-06 15:46:47.112     0     0 I pmi632_charger: smblib_get_charge_param: input current limit status = 1000000 (0x14)
02-06 15:46:47.112     0     0 I         : length 2 addr=48c0
02-06 15:46:47.112     0     0 I val[0]  : 2b
02-06 15:46:47.112     0     0 I val[1]  : 57
02-06 15:46:47.222  1663  2175 D ActivityTrigger: ActivityTrigger activityPauseTrigger 
02-06 15:46:47.115     0     0 I pmi632_charger: smblib_get_prop_batt_health: BATTERY_CHARGER_STATUS_2 = 0x28
02-06 15:46:47.115     0     0 I QG-K    : qg_charge_full_update: msoc=100 health=1 charge_full=1 charge_done=1
02-06 15:46:47.116     0     0 E FCC     : JEITA_VOTER,3 same vote on of val=3000000
02-06 15:46:47.116     0     0 E FCC     : JEITA_VOTER,3 Ignoring similar vote on of val=3000000
02-06 15:46:47.116     0     0 E USB_ICL : JEITA_VOTER,11 same vote off of val=0
02-06 15:46:47.116     0     0 E USB_ICL : JEITA_VOTER,11 Ignoring similar vote off of val=0
02-06 15:46:47.116     0     0 I QCOM-STEPCHG: handle_jeita:  jeita vote fv_uv:4400000 last_vol:4400000
02-06 15:46:47.116     0     0 E FV      : JEITA_VOTER,3 same vote on of val=4400000
02-06 15:46:47.116     0     0 E FV      : JEITA_VOTER,3 Ignoring similar vote on of val=4400000
02-06 15:46:47.116     0     0 E FCC     : STEP_CHG_VOTER,4 same vote off of val=0
02-06 15:46:47.116     0     0 E FCC     : STEP_CHG_VOTER,4 Ignoring similar vote off of val=0
02-06 15:46:47.119     0     0 I pmi632_charger: smblib_get_prop_usb_online: POWER_PATH_STATUS = 0x95
02-06 15:46:47.119     0     0 I pmi632_charger: smblib_get_prop_batt_health: BATTERY_CHARGER_STATUS_2 = 0x28
02-06 15:46:47.119     0     0 I pmi632_charger: smblib_get_prop_batt_health: BATTERY_CHARGER_STATUS_2 = 0x28
02-06 15:46:47.119     0     0 I pmi632_charger: smblib_get_prop_usb_online: POWER_PATH_STATUS = 0x95
02-06 15:46:47.119     0     0 I pmi632_charger: smblib_get_prop_usb_online: POWER_PATH_STATUS = 0x95
02-06 15:46:47.119     0     0 I pmi632_charger: smblib_get_charge_param: usb input current limit = 1500000 (0x1e)
02-06 15:46:47.119     0     0 I pmi632_charger: smblib_get_charge_param: input current limit status = 1000000 (0x14)
02-06 15:46:47.119     0     0 W healthd : battery l=100 v=4343 t=26.6 h=2 st=5 c=0 fc=3984000 cc=8 tl=0 ct=USB_CDP pluged=1 chg=a
02-06 15:46:47.119     0     0 I         : length 2 addr=48c0
02-06 15:46:47.232  1663  1769 D DecorView: createDecorCaptionView windowingMode:1 mWindowMode 1 isFullscreen: true
02-06 15:46:47.119     0     0 I val[0]  : 2b
02-06 15:46:47.119     0     0 I val[1]  : 57
02-06 15:46:47.119     0     0 I addr=4842 mask: 01 val: 01
02-06 15:46:47.119     0     0 I         : length 2 addr=48c6
02-06 15:46:47.119     0     0 I val[0]  : 00
02-06 15:46:47.119     0     0 I val[1]  : 00
02-06 15:46:47.119     0     0 I addr=4842 mask: 01 val: 00
02-06 15:46:47.248 32127 32127 D DecorView[]: getWindowModeFromSystem  windowmode is 1
02-06 15:46:47.248 32127 32127 D DecorView: createDecorCaptionView windowingMode:1 mWindowMode 1 isFullscreen: true
02-06 15:46:47.254 32127 32127 E ThemeUtils: View class androidx.appcompat.widget.AppCompatTextView is an AppCompat widget that can only be used with a Theme.AppCompat theme (or descendant).
02-06 15:46:47.146     0     0 I pmi632_charger: smblib_get_charge_param: input current limit status = 1000000 (0x14)
02-06 15:46:47.148     0     0 I pmi632_charger: smblib_get_prop_usb_online: POWER_PATH_STATUS = 0x95
02-06 15:46:47.148     0     0 I pmi632_charger: smblib_get_prop_batt_health: BATTERY_CHARGER_STATUS_2 = 0x28
02-06 15:46:47.149     0     0 I pmi632_charger: smblib_get_prop_batt_health: BATTERY_CHARGER_STATUS_2 = 0x28
02-06 15:46:47.149     0     0 I pmi632_charger: smblib_get_prop_usb_online: POWER_PATH_STATUS = 0x95
02-06 15:46:47.149     0     0 I pmi632_charger: smblib_get_prop_usb_online: POWER_PATH_STATUS = 0x95
02-06 15:46:47.150     0     0 I pmi632_charger: smblib_get_charge_param: usb input current limit = 1500000 (0x1e)
02-06 15:46:47.150     0     0 I pmi632_charger: smblib_get_charge_param: input current limit status = 1000000 (0x14)
02-06 15:46:47.261 20419 20419 D RecentsImpl: mActivityStateObserver com.minima.android.LauncherActivity
02-06 15:46:47.262 20419 20419 W RecentsImpl: onResumed className=com.minima.android.LauncherActivity   mIsInAnotherPro=false
02-06 15:46:47.263  1663  2175 I ActivityTaskManager: The Process com.minima.android Already Exists in BG. So sending its PID: 32127
02-06 15:46:47.263  1663  2175 W ActivityTaskManager: Tried to set launchTime (0) < mLastActivityLaunchTime (94315363)
02-06 15:46:47.264  2362  2362 D BatteryController: onReceive: Intent = Intent { act=android.intent.action.BATTERY_CHANGED flg=0x60000010 (has extras) } action = android.intent.action.BATTERY_CHANGED
02-06 15:46:47.264  2362  2362 D KeyguardUpdateMonitor: received broadcast android.intent.action.BATTERY_CHANGED
02-06 15:46:47.264  6165  6539 D PowerCheckerService: onBatteryChanged, mBatteryLevel = 100, status = 5, level = 100, plug = 1, scale = 100
02-06 15:46:47.265 24714 24714 I PowerSaveService: onReceive: android.intent.action.BATTERY_CHANGED
02-06 15:46:47.265 28090 28090 D DeviceStatisticsService: chargerType=1 batteryLevel=100 totalBatteryCapacity=3864400
02-06 15:46:47.265 28090 28090 D DeviceInfoHidlClient: isPowerInfoNeverSent()=true
02-06 15:46:47.266 24714 24714 I PowerNoticeUI: handleBatteryChanged oldPlugType 1 mPlugType 1 oldBatteryLevel 100 mBatteryLevel 100 temperature 266
02-06 15:46:47.266 24714 24714 I ChargerBatteryIntelligenceReceiver: onBatteryChanged temperature：26,plugType:1
02-06 15:46:47.266 24714 24714 I PowerFeatureUtils: getVendorName:qcom
02-06 15:46:47.267  1663  2175 D CompatibilityInfo: mCompatibilityFlags - 0
02-06 15:46:47.267  1663  2175 D CompatibilityInfo: applicationDensity - 440
02-06 15:46:47.267  1663  2175 D CompatibilityInfo: applicationScale - 1.0
02-06 15:46:47.270  1663  2175 I Timeline: Timeline: App_transition_ready time:94315519
02-06 15:46:47.281  1663  1769 I Timeline: Timeline: App_transition_ready time:94315529
02-06 15:46:47.176     0     0 I pmi632_charger: smblib_get_prop_usb_online: POWER_PATH_STATUS = 0x95
02-06 15:46:47.176     0     0 I pmi632_charger: smblib_get_prop_batt_health: BATTERY_CHARGER_STATUS_2 = 0x28
02-06 15:46:47.176     0     0 E batteryd: /sys/class/power_supply/usb/real_type = USB_CDP
02-06 15:46:47.290 20419 20437 W System.err: java.lang.NoSuchFieldException: android.view.RemoteAnimationTarget#packageName
02-06 15:46:47.291 20419 20437 W System.err: 	at miui.util.ReflectionUtils.findField(ReflectionUtils.java:105)
02-06 15:46:47.291 20419 20437 W System.err: 	at com.android.systemui.shared.recents.system.RemoteAnimationTargetCompat.<init>(RemoteAnimationTargetCompat.java:69)
02-06 15:46:47.291 20419 20437 W System.err: 	at com.android.systemui.shared.recents.system.RemoteAnimationTargetCompat.wrap(RemoteAnimationTargetCompat.java:99)
02-06 15:46:47.291 20419 20437 W System.err: 	at com.android.systemui.shared.recents.system.RemoteAnimationAdapterCompat$1.onAnimationStart(RemoteAnimationAdapterCompat.java:50)
02-06 15:46:47.291 20419 20437 W System.err: 	at com.android.systemui.shared.recents.system.RemoteAnimationAdapterCompat$1.onAnimationStart(RemoteAnimationAdapterCompat.java:68)
02-06 15:46:47.291 20419 20437 W System.err: 	at android.view.IRemoteAnimationRunner$Stub.onTransact(IRemoteAnimationRunner.java:108)
02-06 15:46:47.291 20419 20437 W System.err: 	at android.os.Binder.execTransactInternal(Binder.java:1159)
02-06 15:46:47.292 20419 20437 W System.err: 	at android.os.Binder.execTransact(Binder.java:1123)
02-06 15:46:47.292 20419 20437 W System.err: java.lang.NoSuchFieldException: android.view.RemoteAnimationTarget#packageName
02-06 15:46:47.292 20419 20437 W System.err: 	at miui.util.ReflectionUtils.findField(ReflectionUtils.java:105)
02-06 15:46:47.292 20419 20437 W System.err: 	at com.android.systemui.shared.recents.system.RemoteAnimationTargetCompat.<init>(RemoteAnimationTargetCompat.java:69)
02-06 15:46:47.292 20419 20437 W System.err: 	at com.android.systemui.shared.recents.system.RemoteAnimationTargetCompat.wrap(RemoteAnimationTargetCompat.java:99)
02-06 15:46:47.292 20419 20437 W System.err: 	at com.android.systemui.shared.recents.system.RemoteAnimationAdapterCompat$1.onAnimationStart(RemoteAnimationAdapterCompat.java:50)
02-06 15:46:47.292 20419 20437 W System.err: 	at com.android.systemui.shared.recents.system.RemoteAnimationAdapterCompat$1.onAnimationStart(RemoteAnimationAdapterCompat.java:68)
02-06 15:46:47.292 20419 20437 W System.err: 	at android.view.IRemoteAnimationRunner$Stub.onTransact(IRemoteAnimationRunner.java:108)
02-06 15:46:47.292 20419 20437 W System.err: 	at android.os.Binder.execTransactInternal(Binder.java:1159)
02-06 15:46:47.292 20419 20437 W System.err: 	at android.os.Binder.execTransact(Binder.java:1123)
02-06 15:46:47.292 20419 20437 E LauncherAnimationRunner: onAnimationStart
02-06 15:46:47.292 20419 20437 E LauncherAnimationRunner: onAnimationStart:   mode=1   taskId=2
02-06 15:46:47.292 20419 20437 E LauncherAnimationRunner: onAnimationStart:   mode=0   taskId=258
02-06 15:46:47.295  2362  2917 D MiuiPhoneStatusBarPolicy: updateManagedProfile: secondSpace = false
02-06 15:46:47.297 20419 20419 E QuickstepAppTransitionManagerImpl: startIconLaunchAnimator:launcherClosing=true   iconLoc=Rect(333, 1070 - 501, 1238)
02-06 15:46:47.297 20419 20419 E QuickstepAppTransitionManagerImpl: startOpeningWindowAnimators:rotation0IconLoc=Rect(333, 1070 - 501, 1238)
02-06 15:46:47.297 20419 20419 E ClipAnimationHelper: updateSourceStack  mSourceInsets=Rect(0, 0 - 0, 130), mSourceStackBounds=Rect(0, 0 - 1080, 2340)
02-06 15:46:47.297 20419 20419 E ClipAnimationHelper: updateHomeStack  mSourceInsets=Rect(0, 0 - 0, 130), mHomeStackBounds=Rect(0, 0 - 1080, 2340)
02-06 15:46:47.297 20419 20419 E ClipAnimationHelper: updateTargetRect  mSourceRect=RectF(0.0, 0.0, 1080.0, 2340.0)   mTargetRect=RectF(0.0, 0.0, 1080.0, 2340.0)   mSourceWindowClipInsets=RectF(0.0, 0.0, 0.0, 0.0)   mHomeStackBounds=Rect(0, 0 - 1080, 2340)   targetRect=Rect(0, 0 - 1080, 2340)
02-06 15:46:47.298 20419 20419 E QuickstepAppTransitionManagerImpl: startLauncherContentAnimator:isAppOpening=true
02-06 15:46:47.299  1663  4848 D CompatibilityInfo: mCompatibilityFlags - 0
02-06 15:46:47.299  1663  4848 D CompatibilityInfo: applicationDensity - 440
02-06 15:46:47.299  1663  4848 D CompatibilityInfo: applicationScale - 1.0
02-06 15:46:47.300  5825  3843 D PMonitor:  onProcessDied:pid = 32127,died-uid=10251
02-06 15:46:47.305   828   911 W SurfaceFlinger: eEarlyWakeup is deprecated. Use eExplicitEarlyWakeup[Start|End]
02-06 15:46:47.309 32127 32127 E libc    : Access denied finding property "ro.vendor.df.effect.conflict"
02-06 15:46:47.309 32127 32127 E libc    : Access denied finding property "ro.vendor.knock.type"
02-06 15:46:47.315  4301  4342 I com.miui.daemo: oneway function results will be dropped but finished with status OK and parcel size 4
02-06 15:46:47.319 32127 32127 I System.out: Minima @ 06/02/2026 15:46:47 [8,0 MB] : Wait for Startup.. Main.getInstance = false
02-06 15:46:47.319 32127 32127 I System.out: Minima @ 06/02/2026 15:46:47 [8,0 MB] : MAINACTIVITY - waiting for Minima to StartUp..
02-06 15:46:47.322 32127 32127 D DecorView: createDecorCaptionView windowingMode:1 mWindowMode 1 isFullscreen: true
02-06 15:46:47.322   828   911 W SurfaceFlinger: eEarlyWakeup is deprecated. Use eExplicitEarlyWakeup[Start|End]
02-06 15:46:47.323   828  3823 W SurfaceFlinger: eEarlyWakeup is deprecated. Use eExplicitEarlyWakeup[Start|End]
02-06 15:46:47.323   828   911 W SurfaceFlinger: eEarlyWakeup is deprecated. Use eExplicitEarlyWakeup[Start|End]
02-06 15:46:47.324  4301  4342 I com.miui.daemo: oneway function results will be dropped but finished with status OK and parcel size 4
02-06 15:46:47.324  2696  6188 I SarService: Receiver polling >>>> Change receiver mode: off
02-06 15:46:47.326  4301  4342 I com.miui.daemo: oneway function results will be dropped but finished with status OK and parcel size 4
02-06 15:46:47.326  4301  4342 I com.miui.daemo: oneway function results will be dropped but finished with status OK and parcel size 4
02-06 15:46:47.339   828  3823 W SurfaceFlinger: eEarlyWakeup is deprecated. Use eExplicitEarlyWakeup[Start|End]
02-06 15:46:47.355   828   911 W SurfaceFlinger: eEarlyWakeup is deprecated. Use eExplicitEarlyWakeup[Start|End]
02-06 15:46:47.360 20419 20419 D Launcher_UnlockAnimationStateMachine: mResetIdleStateRunnable
02-06 15:46:47.362  4069  4069 I CNSS    : Failed to send nl message
02-06 15:46:47.368  4069  4069 I chatty  : uid=1000(system) /system/vendor/bin/cnss_diag identical 4 lines
02-06 15:46:47.369  4069  4069 I CNSS    : Failed to send nl message
02-06 15:46:47.370 24714 24892 I SCTaskStackListener: onTaskStackChanged! inSplit = false
02-06 15:46:47.371 24714 31033 I SCTaskStackListener: onTaskStackChanged! inSplit = false
02-06 15:46:47.372   828   911 W SurfaceFlinger: eEarlyWakeup is deprecated. Use eExplicitEarlyWakeup[Start|End]
02-06 15:46:47.389   828  3823 W SurfaceFlinger: eEarlyWakeup is deprecated. Use eExplicitEarlyWakeup[Start|End]
02-06 15:46:47.397 32127 32127 D DecorView[]: getWindowModeFromSystem  windowmode is 1
02-06 15:46:47.397 32127 32127 D DecorView: createDecorCaptionView windowingMode:1 mWindowMode 1 isFullscreen: true
02-06 15:46:47.405   828  3823 W SurfaceFlinger: eEarlyWakeup is deprecated. Use eExplicitEarlyWakeup[Start|End]
02-06 15:46:47.407 32127 32127 D DecorView[]: getWindowModeFromSystem  windowmode is 1
02-06 15:46:47.412 20419 20419 D RecentsImpl: mActivityStateObserver com.minima.android.StartMinimaActivity
02-06 15:46:47.412 20419 20419 W RecentsImpl: onResumed className=com.minima.android.StartMinimaActivity   mIsInAnotherPro=false
02-06 15:46:47.419 32127 32127 I System.out: Minima @ 06/02/2026 15:46:47 [8,9 MB] : Minima Service Started
02-06 15:46:47.421  4069  4069 I CNSS    : Failed to send nl message
02-06 15:46:47.422   828  3823 W SurfaceFlinger: eEarlyWakeup is deprecated. Use eExplicitEarlyWakeup[Start|End]
02-06 15:46:47.426  1663  4848 I WifiService: acquireWifiLock uid=10251 lockMode=1
02-06 15:46:47.426  4069  4069 I CNSS    : Failed to send nl message
02-06 15:46:47.430  4069  4069 I chatty  : uid=1000(system) /system/vendor/bin/cnss_diag identical 1 line
02-06 15:46:47.432  4069  4069 I CNSS    : Failed to send nl message
02-06 15:46:47.435 32127 32127 D CompatibilityChangeReporter: Compat change id reported: 147798919; UID 10251; state: ENABLED
02-06 15:46:47.437 32127 32164 I System.out: Minima @ 06/02/2026 15:46:47 [9,0 MB] : **********************************************
02-06 15:46:47.437 32127 32164 I System.out: Minima @ 06/02/2026 15:46:47 [9,0 MB] : *  __  __  ____  _  _  ____  __  __    __    *
02-06 15:46:47.437 32127 32164 I System.out: Minima @ 06/02/2026 15:46:47 [9,0 MB] : * (  \/  )(_  _)( \( )(_  _)(  \/  )  /__\   *
02-06 15:46:47.437 32127 32164 I System.out: Minima @ 06/02/2026 15:46:47 [9,0 MB] : *  )    (  _)(_  )  (  _)(_  )    (  /(__)\  *
02-06 15:46:47.438 32127 32164 I System.out: Minima @ 06/02/2026 15:46:47 [9,0 MB] : * (_/\/\_)(____)(_)\_)(____)(_/\/\_)(__)(__) *
02-06 15:46:47.438 32127 32164 I System.out: Minima @ 06/02/2026 15:46:47 [9,0 MB] : *                                            *
02-06 15:46:47.438 32127 32164 I System.out: Minima @ 06/02/2026 15:46:47 [9,0 MB] : **********************************************
02-06 15:46:47.438 32127 32164 I System.out: Minima @ 06/02/2026 15:46:47 [9,0 MB] : Welcome to Minima 1.0.46.6 - for assistance type help. Then press enter.
02-06 15:46:47.438   828   911 W SurfaceFlinger: eEarlyWakeup is deprecated. Use eExplicitEarlyWakeup[Start|End]
02-06 15:46:47.455   828   911 W SurfaceFlinger: eEarlyWakeup is deprecated. Use eExplicitEarlyWakeup[Start|End]
02-06 15:46:47.457  2362  9063 D CommandQueue: setStatus: setStatus: what = 0, action = upate_specail_mode, ext = Bundle[mParcelledData.dataSize=104][pkg = com.minima.android[enable_config = false
02-06 15:46:47.472 32127 32149 I AdrenoGLES-0: QUALCOMM build                   : 03e27f8, I326e6aff90
02-06 15:46:47.472 32127 32149 I AdrenoGLES-0: Build Date                       : 11/02/20
02-06 15:46:47.472 32127 32149 I AdrenoGLES-0: OpenGL ES Shader Compiler Version: EV031.32.02.04
02-06 15:46:47.472 32127 32149 I AdrenoGLES-0: Local Branch                     : mybrancheb1d781c-1a78-f1f4-8c78-ac1f6bcc2cee
02-06 15:46:47.472 32127 32149 I AdrenoGLES-0: Remote Branch                    : quic/gfx-adreno.lnx.1.0.r116-rel
02-06 15:46:47.472 32127 32149 I AdrenoGLES-0: Remote Branch                    : NONE
02-06 15:46:47.472 32127 32149 I AdrenoGLES-0: Reconstruct Branch               : NOTHING
02-06 15:46:47.472 32127 32149 I AdrenoGLES-0: Build Config                     : S P 10.0.7 AArch64
02-06 15:46:47.472 32127 32149 I AdrenoGLES-0: Driver Path                      : /vendor/lib64/egl/libGLESv2_adreno.so
02-06 15:46:47.472   828   911 W SurfaceFlinger: eEarlyWakeup is deprecated. Use eExplicitEarlyWakeup[Start|End]
02-06 15:46:47.477 20419 20541 E LauncherAnimationRunner: finish: mFinishRunnable.run
02-06 15:46:47.479 32127 32149 I AdrenoGLES-0: PFP: 0x016ee190, ME: 0x00000000
02-06 15:46:47.485  1663  1769 I Timeline: Timeline: App_transition_stopped time:94315734
02-06 15:46:47.506  1663  1663 W NotificationHistory: Attempted to add notif for locked/gone/disabled user 0
02-06 15:46:47.509 24714 24770 V g       : flags=98
02-06 15:46:47.511 24714 24770 V g       : ret=0
02-06 15:46:47.524  2696  6188 I SarService: Receiver polling >>>> Change receiver mode: off
02-06 15:46:47.547 32127 32149 E LB      : fail to open file: No such file or directory
02-06 15:46:47.548  2362  2362 D InterruptionStateProvider: No alerting: suppressed due to group alert behavior
02-06 15:46:47.586  1663  1769 I Timeline: Timeline: Activity_windows_visible id: ActivityRecord{3f89ea9 u0 com.minima.android/.StartMinimaActivity t258} time:94315834
02-06 15:46:47.548  2362  2362 D InterruptionStateProvider: No alerting: suppressed due to group alert behavior
02-06 15:46:47.589  1663  1826 D ArtManagerInternalImpl: /data/misc/iorapd/com.minima.android/392/com.minima.android.StartMinimaActivity/compiled_traces/compiled_trace.pb doesn't exist
02-06 15:46:47.591  1663  1826 I ActivityTaskManager: Displayed com.minima.android/.StartMinimaActivity: +560ms
02-06 15:46:47.597  2362  2362 D NotifBadge: update app badge num: com.minima.android/,num=0,isAllowed=false,userId=0
02-06 15:46:47.598  1663  4848 W ActivityManager: Sending non-protected broadcast android.intent.action.APPLICATION_MESSAGE_UPDATE from system 2362:com.android.systemui/1000 pkg com.android.systemui. Callers=
02-06 15:46:47.600 20419 20485 I Launcher.ApplicationsMessage: onReceive false
02-06 15:46:47.600 20419 20485 I Launcher.ApplicationsMessage: update com.minima.android/ to null
02-06 15:46:47.608  1663  3448 D MIUIInput: [FoucsChange]: Display  0 FocusedWindow From null(0,0)  to Window{8adde24 mode=0 rootTaskId=258 u0 com.minima.android/com.minima.android.StartMinimaActivity}(1,1)
02-06 15:46:47.637 20419 20419 D Launcher.Lifecycle: onStop:UserHandle{0},c76c0a5,false
02-06 15:46:47.641  1663  2223 I MiuiNetworkPolicy: updateUidState uid = 10103, uidState = 5
02-06 15:46:47.652 24714 24770 V g       : flags=98
02-06 15:46:47.654 24714 24770 V g       : ret=0
02-06 15:46:47.662  5825  3843 D PMonitor:  onForegroundActivitiesChanged:pid = 20419,activity-uid=10103,foregroundActivities=false
02-06 15:46:47.681  2362  2362 D InterruptionStateProvider: No alerting: suppressed due to group alert behavior
02-06 15:46:47.682  2362  2362 D InterruptionStateProvider: No alerting: suppressed due to group alert behavior
02-06 15:46:47.689   828   828 D SurfaceFlinger: Launcher Changed hasLauncher=0
02-06 15:46:47.725  2696  6188 I SarService: Receiver polling >>>> Change receiver mode: off
02-06 15:46:47.914  1663  2223 I MiuiNetworkPolicy: updateUidState uid = 10190, uidState = 3
02-06 15:46:47.914  7279  7611 I BtGatt.ScanManager: msg.what = 6
02-06 15:46:47.915 31444 31819 I FontLog : (REDACTED) Received query %s, URI %s
02-06 15:46:47.915 31444 31819 I FontLog : (REDACTED) Query [%s] resolved to %s
02-06 15:46:47.917 31444 31819 I FontLog : (REDACTED) Fetch %s end status %s
02-06 15:46:47.921 31444 31819 I FontLog : (REDACTED) Pulling font file for id = %d, cache size = %d
02-06 15:46:47.925  2696  6188 I SarService: Receiver polling >>>> Change receiver mode: off
02-06 15:46:47.928 31444 31819 I FontLog : (REDACTED) Pulling font file for id = %d, cache size = %d
02-06 15:46:48.125  2696  6188 I SarService: Receiver polling >>>> Change receiver mode: off
02-06 15:46:48.325  2696  6188 I SarService: Receiver polling >>>> Change receiver mode: off
02-06 15:46:48.386  4069  4069 I CNSS    : Failed to send nl message
02-06 15:46:48.387  4069  4069 I CNSS    : Failed to send nl message
02-06 15:46:48.526  2696  6188 I SarService: Receiver polling >>>> Change receiver mode: off
02-06 15:46:48.726  2696  6188 I SarService: Receiver polling >>>> Change receiver mode: off
02-06 15:46:48.796  4069  4069 I CNSS    : Failed to send nl message
02-06 15:46:48.797  4069  4069 I CNSS    : Failed to send nl message
02-06 15:46:48.825 32127 32164 I System.out: Minima @ 06/02/2026 15:46:48 [127,5 MB] : Loading TxPowTree size : 9,1 MB
02-06 15:46:48.927  2696  6188 I SarService: Receiver polling >>>> Change receiver mode: off
02-06 15:46:48.931  1663  2266 D SchedBoost: thread tid=20419, priority is set to -10
02-06 15:46:48.932  1663  2266 W SchedBoost: has reset SchedAffinity ui thread: 20419
02-06 15:46:48.932  1663  2266 D SchedBoost: thread tid=20602, priority is set to -10
02-06 15:46:48.932  1663  2266 W SchedBoost: has reset SchedAffinity render thread: 20602
02-06 15:46:48.932  1663  2266 W SchedBoost: SchedBoost end: proc: 20419/20602 3451 aff:[0, 1, 2, 3, 4, 5, 6, 7]
02-06 15:46:48.934  1663  2223 I MiuiNetworkPolicy: updateUidState uid = 10190, uidState = 5
02-06 15:46:48.934  7279  7611 I BtGatt.ScanManager: msg.what = 6
02-06 15:46:49.043  4069  4069 I CNSS    : Failed to send nl message
