02-06 15:47:20.871     0     0 I init    : starting service 'qccsyshalservice'...
02-06 15:47:20.998  2696  6188 I SarService: Receiver polling >>>> Change receiver mode: off
02-06 15:47:21.019 32490 32490 I qccsyshalservice: Start with system binder
02-06 15:47:21.019 32490 32490 I qccsyshalservice: Registering qccsyshal service...
02-06 15:47:21.020   499   499 I hwservicemanager: getTransport: Cannot find entry vendor.qti.hardware.qccsyshal@1.0::IQccsyshal/qccsyshal in either framework or device manifest.
02-06 15:47:21.021 32490 32490 E HidlServiceManagement: Service vendor.qti.hardware.qccsyshal@1.0::IQccsyshal/qccsyshal must be in VINTF manifest in order to register/get.
02-06 15:47:21.021 32490 32490 E qccsyshalservice: [ERROR] registerAsService() failed with status: -2147483648
02-06 15:47:20.916     0     0 I init    : Service 'qccsyshalservice' (pid 32490) exited with status 1
02-06 15:47:20.916     0     0 I init    : Sending signal 9 to service 'qccsyshalservice' (pid 32490) process group...
02-06 15:47:20.916     0     0 I libprocessgroup: Successfully killed process cgroup uid 1000 pid 32490 in 0ms
02-06 15:47:21.154  4069  4069 I CNSS    : Failed to send nl message
02-06 15:47:21.175  4069  4069 I chatty  : uid=1000(system) /system/vendor/bin/cnss_diag identical 10 lines
02-06 15:47:21.177  4069  4069 I CNSS    : Failed to send nl message
02-06 15:47:21.198  2696  6188 I SarService: Receiver polling >>>> Change receiver mode: off
02-06 15:47:21.224  4069  4069 I CNSS    : Failed to send nl message
02-06 15:47:21.235  4069  4069 I chatty  : uid=1000(system) /system/vendor/bin/cnss_diag identical 2 lines
02-06 15:47:21.238  4069  4069 I CNSS    : Failed to send nl message
02-06 15:47:21.399  2696  6188 I SarService: Receiver polling >>>> Change receiver mode: off
02-06 15:47:21.563  4069  4069 I CNSS    : Failed to send nl message
02-06 15:47:21.570  4069  4069 I chatty  : uid=1000(system) /system/vendor/bin/cnss_diag identical 3 lines
02-06 15:47:21.573  4069  4069 I CNSS    : Failed to send nl message
02-06 15:47:21.599  2696  6188 I SarService: Receiver polling >>>> Change receiver mode: off
02-06 15:47:21.663  4069  4069 I CNSS    : Failed to send nl message
02-06 15:47:21.789  4069  4069 I chatty  : uid=1000(system) /system/vendor/bin/cnss_diag identical 10 lines
02-06 15:47:21.790  4069  4069 I CNSS    : Failed to send nl message
02-06 15:47:21.799  2696  6188 I SarService: Receiver polling >>>> Change receiver mode: off
02-06 15:47:21.816  4069  4069 I CNSS    : Failed to send nl message
02-06 15:47:21.992  4069  4069 I chatty  : uid=1000(system) /system/vendor/bin/cnss_diag identical 17 lines
02-06 15:47:21.994  4069  4069 I CNSS    : Failed to send nl message
02-06 15:47:22.000  2696  6188 I SarService: Receiver polling >>>> Change receiver mode: off
02-06 15:47:22.042  4069  4069 I CNSS    : Failed to send nl message
02-06 15:47:22.131  4069  4069 I chatty  : uid=1000(system) /system/vendor/bin/cnss_diag identical 11 lines
02-06 15:47:22.132  4069  4069 I CNSS    : Failed to send nl message
02-06 15:47:22.200  2696  6188 I SarService: Receiver polling >>>> Change receiver mode: off
02-06 15:47:22.245  4069  4069 I CNSS    : Failed to send nl message
02-06 15:47:22.253  4069  4069 I chatty  : uid=1000(system) /system/vendor/bin/cnss_diag identical 3 lines
02-06 15:47:22.254  4069  4069 I CNSS    : Failed to send nl message
02-06 15:47:22.254  1663  2237 D SlaveWifiManager: getWifiSlaveConnectionInfo
02-06 15:47:22.255  1663  2237 D SlaveWifiManager: getWifiSlaveConnectionInfo
02-06 15:47:22.256  4069  4069 I CNSS    : Failed to send nl message
02-06 15:47:22.256  2362  2629 D NetworkController: onReceive: intent=Intent { act=android.net.wifi.RSSI_CHANGED flg=0x4000010 (has extras) }
02-06 15:47:22.257 26228 26275 D QCNEJ/WlanStaInfoRelay: Received action: android.net.wifi.RSSI_CHANGED
02-06 15:47:22.258  4069  4069 I CNSS    : Failed to send nl message
02-06 15:47:22.261  4069  4069 I chatty  : uid=1000(system) /system/vendor/bin/cnss_diag identical 2 lines
02-06 15:47:22.263  4069  4069 I CNSS    : Failed to send nl message
02-06 15:47:22.275  3905  5773 I CarrierServices: [217] fau.handleMessage:39 RcsEngineImpl[DUAL_REG]:[d174f1db-53ee]>Handler: handleMessage processing message:[NOTIFY_UPTIME_IGNORE_STATE_CHANGED] with [non-null]:RcsEngineImpl reference
02-06 15:47:22.275  3905  5780 I CarrierServices: [218] eqy.c:51 Connected state: [1], networkType: [WIFI]
02-06 15:47:22.291  3905  5773 I CarrierServices: [217] ezm.b:53 ProvisioningEngineDataRetriever: No RCS Configuration was found in Bugle for simID: redacted-pii:sim_id[chars:20,last3:73F]
02-06 15:47:22.400  2696  6188 I SarService: Receiver polling >>>> Change receiver mode: off
02-06 15:47:22.284     0     0 I IRQ 7   : no longer affine to CPU7
02-06 15:47:22.549 32127 32127 W Choreographer: Frame time is 0.011835 ms in the future!  Check that graphics HAL is generating vsync timestamps using the correct timebase.
02-06 15:47:22.601  2696  6188 I SarService: Receiver polling >>>> Change receiver mode: off
02-06 15:47:22.484     0     0 I IRQ 7   : no longer affine to CPU5
02-06 15:47:22.713  4069  4069 I CNSS    : Failed to send nl message
02-06 15:47:22.769  4069  4069 I chatty  : uid=1000(system) /system/vendor/bin/cnss_diag identical 5 lines
02-06 15:47:22.776  4069  4069 I CNSS    : Failed to send nl message
02-06 15:47:22.779 31444 16312 I NearbySharing: Network state changed: NetworkState(isRestricted=false, isOnline=true, isCongested=false, isMetered=false, isWifiConnected=true)
02-06 15:47:22.786  4069  4069 I CNSS    : Failed to send nl message
02-06 15:47:22.794  4069  4069 I chatty  : uid=1000(system) /system/vendor/bin/cnss_diag identical 2 lines
02-06 15:47:22.796  4069  4069 I CNSS    : Failed to send nl message
02-06 15:47:22.801  2696  6188 I SarService: Receiver polling >>>> Change receiver mode: off
02-06 15:47:22.814  4069  4069 I CNSS    : Failed to send nl message
02-06 15:47:22.997  4069  4069 I chatty  : uid=1000(system) /system/vendor/bin/cnss_diag identical 19 lines
02-06 15:47:23.000  4069  4069 I CNSS    : Failed to send nl message
02-06 15:47:23.002  2696  6188 I SarService: Receiver polling >>>> Change receiver mode: off
02-06 15:47:23.003  4069  4069 I CNSS    : Failed to send nl message
02-06 15:47:23.198  4069  4069 I chatty  : uid=1000(system) /system/vendor/bin/cnss_diag identical 17 lines
02-06 15:47:23.201  4069  4069 I CNSS    : Failed to send nl message
02-06 15:47:23.202  2696  6188 I SarService: Receiver polling >>>> Change receiver mode: off
02-06 15:47:23.204  4069  4069 I CNSS    : Failed to send nl message
02-06 15:47:23.360  4069  4069 I chatty  : uid=1000(system) /system/vendor/bin/cnss_diag identical 22 lines
02-06 15:47:23.363  4069  4069 I CNSS    : Failed to send nl message
02-06 15:47:23.369  1663  2223 D MiuiNetworkPolicy: updateLimit mLimitEnabled=true,enabled=false,mNetworkPriorityMode=255
02-06 15:47:23.403  2696  6188 I SarService: Receiver polling >>>> Change receiver mode: off
02-06 15:47:23.404  4069  4069 I CNSS    : Failed to send nl message
02-06 15:47:23.592  4069  4069 I chatty  : uid=1000(system) /system/vendor/bin/cnss_diag identical 15 lines
02-06 15:47:23.594  4069  4069 I CNSS    : Failed to send nl message
02-06 15:47:23.603  2696  6188 I SarService: Receiver polling >>>> Change receiver mode: off
02-06 15:47:23.611  4069  4069 I CNSS    : Failed to send nl message
02-06 15:47:23.721  4069  4069 I chatty  : uid=1000(system) /system/vendor/bin/cnss_diag identical 12 lines
02-06 15:47:23.723  4069  4069 I CNSS    : Failed to send nl message
02-06 15:47:23.727 32127 32316 E chromium: [ERROR:net/socket/ssl_client_socket_impl.cc:916] handshake failed; returned -1, SSL error code 1, net_error -202
02-06 15:47:23.773  4069  4069 I CNSS    : Failed to send nl message
02-06 15:47:23.784  4069  4069 I chatty  : uid=1000(system) /system/vendor/bin/cnss_diag identical 2 lines
02-06 15:47:23.787  4069  4069 I CNSS    : Failed to send nl message
02-06 15:47:23.804  2696  6188 I SarService: Receiver polling >>>> Change receiver mode: off
02-06 15:47:23.816  4069  4069 I CNSS    : Failed to send nl message
02-06 15:47:23.984  4069  4069 I chatty  : uid=1000(system) /system/vendor/bin/cnss_diag identical 11 lines
02-06 15:47:23.987  4069  4069 I CNSS    : Failed to send nl message
02-06 15:47:24.004  2696  6188 I SarService: Receiver polling >>>> Change receiver mode: off
02-06 15:47:24.005  4069  4069 I CNSS    : Failed to send nl message
02-06 15:47:24.158  4069  4069 I chatty  : uid=1000(system) /system/vendor/bin/cnss_diag identical 13 lines
02-06 15:47:24.160  4069  4069 I CNSS    : Failed to send nl message
02-06 15:47:24.205  2696  6188 I SarService: Receiver polling >>>> Change receiver mode: off
02-06 15:47:24.223  4069  4069 I CNSS    : Failed to send nl message
02-06 15:47:24.320  4069  4069 I chatty  : uid=1000(system) /system/vendor/bin/cnss_diag identical 9 lines
02-06 15:47:24.326  4069  4069 I CNSS    : Failed to send nl message
02-06 15:47:24.405  2696  6188 I SarService: Receiver polling >>>> Change receiver mode: off
02-06 15:47:24.411  4069  4069 I CNSS    : Failed to send nl message
02-06 15:47:24.496  4069  4069 I chatty  : uid=1000(system) /system/vendor/bin/cnss_diag identical 12 lines
02-06 15:47:24.499  4069  4069 I CNSS    : Failed to send nl message
02-06 15:47:24.605  2696  6188 I SarService: Receiver polling >>>> Change receiver mode: off
02-06 15:47:24.807  2696  6188 I chatty  : uid=1001(radio) Thread-15 identical 1 line
02-06 15:47:25.007  2696  6188 I SarService: Receiver polling >>>> Change receiver mode: off
02-06 15:47:25.187 31487 31487 W ThreadPoolForeg: type=1400 audit(0.0:86968): avc: denied { write } for name="traced_producer" dev="tmpfs" ino=417 scontext=u:r:gmscore_app:s0:c512,c768 tcontext=u:object_r:traced_producer_socket:s0 tclass=sock_file permissive=0 app=com.google.android.gms
02-06 15:47:25.208  2696  6188 I SarService: Receiver polling >>>> Change receiver mode: off
02-06 15:47:25.284  4069  4069 I CNSS    : Failed to send nl message
02-06 15:47:25.378  4069  4069 I chatty  : uid=1000(system) /system/vendor/bin/cnss_diag identical 21 lines
02-06 15:47:25.407  4069  4069 I CNSS    : Failed to send nl message
02-06 15:47:25.408  2696  6188 I SarService: Receiver polling >>>> Change receiver mode: off
02-06 15:47:25.409  4069  4069 I CNSS    : Failed to send nl message
02-06 15:47:25.603  4069  4069 I chatty  : uid=1000(system) /system/vendor/bin/cnss_diag identical 16 lines
02-06 15:47:25.606  4069  4069 I CNSS    : Failed to send nl message
02-06 15:47:25.609  2696  6188 I SarService: Receiver polling >>>> Change receiver mode: off
02-06 15:47:25.609  4069  4069 I CNSS    : Failed to send nl message
02-06 15:47:25.809  2696  6188 I SarService: Receiver polling >>>> Change receiver mode: off
02-06 15:47:25.883     0     0 I init    : starting service 'qccsyshalservice'...
02-06 15:47:26.010  2696  6188 I SarService: Receiver polling >>>> Change receiver mode: off
02-06 15:47:26.029 32504 32504 I qccsyshalservice: Start with system binder
02-06 15:47:26.030 32504 32504 I qccsyshalservice: Registering qccsyshal service...
02-06 15:47:26.031   499   499 I hwservicemanager: getTransport: Cannot find entry vendor.qti.hardware.qccsyshal@1.0::IQccsyshal/qccsyshal in either framework or device manifest.
02-06 15:47:26.032 32504 32504 E HidlServiceManagement: Service vendor.qti.hardware.qccsyshal@1.0::IQccsyshal/qccsyshal must be in VINTF manifest in order to register/get.
02-06 15:47:26.032 32504 32504 E qccsyshalservice: [ERROR] registerAsService() failed with status: -2147483648
02-06 15:47:25.928     0     0 I init    : Service 'qccsyshalservice' (pid 32504) exited with status 1
02-06 15:47:25.928     0     0 I init    : Sending signal 9 to service 'qccsyshalservice' (pid 32504) process group...
02-06 15:47:25.928     0     0 I libprocessgroup: Successfully killed process cgroup uid 1000 pid 32504 in 0ms
02-06 15:47:26.210  2696  6188 I SarService: Receiver polling >>>> Change receiver mode: off
02-06 15:47:26.410  2696  6188 I chatty  : uid=1001(radio) Thread-15 identical 1 line
02-06 15:47:26.611  2696  6188 I SarService: Receiver polling >>>> Change receiver mode: off
02-06 15:47:26.732 32127 32316 E chromium: [ERROR:net/socket/ssl_client_socket_impl.cc:916] handshake failed; returned -1, SSL error code 1, net_error -202
02-06 15:47:26.727 31444 31444 W ThreadPoolForeg: type=1400 audit(0.0:86969): avc: denied { write } for name="traced_producer" dev="tmpfs" ino=417 scontext=u:r:gmscore_app:s0:c512,c768 tcontext=u:object_r:traced_producer_socket:s0 tclass=sock_file permissive=0 app=com.google.android.gms
02-06 15:47:26.811  2696  6188 I SarService: Receiver polling >>>> Change receiver mode: off
02-06 15:47:26.764     0     0 I IRQ 7   : no longer affine to CPU7
02-06 15:47:27.012  2696  6188 I chatty  : uid=1001(radio) Thread-15 identical 1 line
02-06 15:47:27.212  2696  6188 I SarService: Receiver polling >>>> Change receiver mode: off
02-06 15:47:27.360  4069  4069 I CNSS    : Failed to send nl message
02-06 15:47:27.369  4069  4069 I chatty  : uid=1000(system) /system/vendor/bin/cnss_diag identical 4 lines
02-06 15:47:27.398  4069  4069 I CNSS    : Failed to send nl message
02-06 15:47:27.413  2696  6188 I SarService: Receiver polling >>>> Change receiver mode: off
02-06 15:47:27.420  4069  4069 I CNSS    : Failed to send nl message
02-06 15:47:27.427  4069  4069 I chatty  : uid=1000(system) /system/vendor/bin/cnss_diag identical 2 lines
02-06 15:47:27.430  4069  4069 I CNSS    : Failed to send nl message
02-06 15:47:27.613  2696  6188 I SarService: Receiver polling >>>> Change receiver mode: off
02-06 15:47:27.957     0     0 I pmi632_charger: wdog_snarl_irq_handler: IRQ: wdog-snarl
02-06 15:47:27.957     0     0 I pmi632_charger: smblib_get_prop_usb_online: POWER_PATH_STATUS = 0x95
02-06 15:47:27.957     0     0 I pmi632_charger: smblib_get_prop_batt_health: BATTERY_CHARGER_STATUS_2 = 0x28
02-06 15:47:27.957     0     0 I pmi632_charger: smblib_get_prop_usb_online: POWER_PATH_STATUS = 0x95
02-06 15:47:27.957     0     0 I pmi632_charger: smblib_get_prop_batt_health: BATTERY_CHARGER_STATUS_2 = 0x28
02-06 15:47:27.957     0     0 I pmi632_charger: smblib_get_prop_batt_health: BATTERY_CHARGER_STATUS_2 = 0x28
02-06 15:47:27.957     0     0 I pmi632_charger: smblib_get_prop_usb_online: POWER_PATH_STATUS = 0x95
02-06 15:47:27.957     0     0 I pmi632_charger: smblib_get_prop_batt_health: BATTERY_CHARGER_STATUS_2 = 0x28
02-06 15:47:27.957     0     0 I QG-K    : qg_status_change_work: charge_status=4 charge_done=1
02-06 15:47:27.957     0     0 E PL_DISABLE: CHG_STATE_VOTER,0 same vote on of val=1
02-06 15:47:27.957     0     0 E PL_DISABLE: CHG_STATE_VOTER,0 Ignoring similar vote on of val=1
02-06 15:47:27.958     0     0 I pmi632_charger: smblib_get_charge_param: input current limit status = 1000000 (0x14)
02-06 15:47:27.958     0     0 E PL_ENABLE_INDIRECT: USBIN_I_VOTER,0 same vote on of val=1
02-06 15:47:27.958     0     0 E PL_ENABLE_INDIRECT: USBIN_I_VOTER,0 Ignoring similar vote on of val=1
02-06 15:47:27.958     0     0 I QCOM-BATT: pl_fcc_vote_callback: cp_fcc_ua=3000000 total_fcc_ua=3000000 forced_main_fcc=0
02-06 15:47:27.958     0     0 E QCOM-BATT: pl_disable_vote_callback: FCC Stepper disabled
02-06 15:47:27.958     0     0 E FCC_MAIN: MAIN_FCC_VOTER,0 same vote on of val=3000000
02-06 15:47:27.958     0     0 E FCC_MAIN: MAIN_FCC_VOTER,0 Ignoring similar vote on of val=3000000
02-06 15:47:27.958     0     0 I pmi632_charger: smblib_set_charge_param: float voltage = 4400000 (0x50)
02-06 15:47:27.958     0     0 I QCOM-BATT: pl_disable_vote_callback: parallel charging disabled
02-06 15:47:27.964     0     0 I         : length 2 addr=48c0
02-06 15:47:27.964     0     0 I val[0]  : 2a
02-06 15:47:27.964     0     0 I val[1]  : 57
02-06 15:47:27.964     0     0 I addr=4842 mask: 01 val: 01
02-06 15:47:27.964     0     0 I         : length 2 addr=48c6
02-06 15:47:27.964     0     0 I val[0]  : 00
02-06 15:47:27.964     0     0 I val[1]  : 00
02-06 15:47:27.964     0     0 I addr=4842 mask: 01 val: 00
02-06 15:47:27.971     0     0 I         : length 2 addr=48c0
02-06 15:47:27.971     0     0 I pmi632_charger: smblib_get_charge_param: input current limit status = 1000000 (0x14)
02-06 15:47:27.971     0     0 I val[0]  : 2a
02-06 15:47:27.971     0     0 I val[1]  : 57
02-06 15:47:27.971     0     0 I addr=4842 mask: 01 val: 01
02-06 15:47:27.971     0     0 I         : length 2 addr=48c6
02-06 15:47:27.971     0     0 I val[0]  : 00
02-06 15:47:27.971     0     0 I val[1]  : 00
02-06 15:47:27.971     0     0 I addr=4842 mask: 01 val: 00
02-06 15:47:27.971     0     0 I pmi632_charger: smblib_get_prop_batt_health: BATTERY_CHARGER_STATUS_2 = 0x28
02-06 15:47:27.971     0     0 I addr=4842 mask: 01 val: 01
02-06 15:47:27.971     0     0 I         : length 2 addr=48c6
02-06 15:47:27.971     0     0 I val[0]  : 00
02-06 15:47:27.971     0     0 I val[1]  : 00
02-06 15:47:27.971     0     0 I addr=4842 mask: 01 val: 00
02-06 15:47:27.971     0     0 I         : length 2 addr=48c0
02-06 15:47:27.971     0     0 I val[0]  : 2a
02-06 15:47:27.971     0     0 I val[1]  : 57
02-06 15:47:27.971     0     0 I pmi632_charger: smblib_get_prop_batt_health: BATTERY_CHARGER_STATUS_2 = 0x28
02-06 15:47:27.971     0     0 I QG-K    : qg_charge_full_update: msoc=100 health=1 charge_full=1 charge_done=1
02-06 15:47:27.973     0     0 I pmi632_charger: smblib_get_charge_param: input current limit status = 1000000 (0x14)
02-06 15:47:27.979     0     0 E FCC     : JEITA_VOTER,3 same vote on of val=3000000
02-06 15:47:27.979     0     0 E FCC     : JEITA_VOTER,3 Ignoring similar vote on of val=3000000
02-06 15:47:27.980     0     0 E USB_ICL : JEITA_VOTER,11 same vote off of val=0
02-06 15:47:27.980     0     0 E USB_ICL : JEITA_VOTER,11 Ignoring similar vote off of val=0
02-06 15:47:27.980     0     0 I QCOM-STEPCHG: handle_jeita:  jeita vote fv_uv:4400000 last_vol:4400000
02-06 15:47:27.980     0     0 E FV      : JEITA_VOTER,3 same vote on of val=4400000
02-06 15:47:27.980     0     0 E FV      : JEITA_VOTER,3 Ignoring similar vote on of val=4400000
02-06 15:47:27.980     0     0 E FCC     : STEP_CHG_VOTER,4 same vote off of val=0
02-06 15:47:27.980     0     0 E FCC     : STEP_CHG_VOTER,4 Ignoring similar vote off of val=0
02-06 15:47:27.984     0     0 I pmi632_charger: smblib_get_prop_usb_online: POWER_PATH_STATUS = 0x95
02-06 15:47:27.984     0     0 I pmi632_charger: smblib_get_prop_batt_health: BATTERY_CHARGER_STATUS_2 = 0x28
02-06 15:47:27.984     0     0 I pmi632_charger: smblib_get_prop_batt_health: BATTERY_CHARGER_STATUS_2 = 0x28
02-06 15:47:27.985     0     0 I pmi632_charger: smblib_get_prop_usb_online: POWER_PATH_STATUS = 0x95
02-06 15:47:27.985     0     0 I pmi632_charger: smblib_get_prop_usb_online: POWER_PATH_STATUS = 0x95
02-06 15:47:27.985     0     0 I pmi632_charger: smblib_get_charge_param: usb input current limit = 1500000 (0x1e)
02-06 15:47:27.985     0     0 I pmi632_charger: smblib_get_charge_param: input current limit status = 1000000 (0x14)
02-06 15:47:27.985     0     0 W healthd : battery l=100 v=4343 t=26.7 h=2 st=5 c=0 fc=3984000 cc=8 tl=0 ct=USB_CDP pluged=1 chg=a
02-06 15:47:27.985     0     0 I         : length 2 addr=48c0
02-06 15:47:27.985     0     0 I val[0]  : 2a
02-06 15:47:27.985     0     0 I val[1]  : 57
02-06 15:47:27.985     0     0 I addr=4842 mask: 01 val: 01
02-06 15:47:27.985     0     0 I         : length 2 addr=48c6
02-06 15:47:27.985     0     0 I val[0]  : 00
02-06 15:47:27.985     0     0 I val[1]  : 00
02-06 15:47:27.985     0     0 I addr=4842 mask: 01 val: 00
02-06 15:47:27.987     0     0 I pmi632_charger: smblib_get_prop_usb_online: POWER_PATH_STATUS = 0x95
02-06 15:47:27.987     0     0 I pmi632_charger: smblib_get_prop_batt_health: BATTERY_CHARGER_STATUS_2 = 0x28
02-06 15:47:27.987     0     0 I pmi632_charger: smblib_get_prop_batt_health: BATTERY_CHARGER_STATUS_2 = 0x28
02-06 15:47:27.987     0     0 I pmi632_charger: smblib_get_prop_usb_online: POWER_PATH_STATUS = 0x95
02-06 15:47:27.987     0     0 I pmi632_charger: smblib_get_prop_usb_online: POWER_PATH_STATUS = 0x95
02-06 15:47:27.988     0     0 I pmi632_charger: smblib_get_charge_param: usb input current limit = 1500000 (0x1e)
02-06 15:47:27.988     0     0 I pmi632_charger: smblib_get_charge_param: input current limit status = 1000000 (0x14)
02-06 15:47:27.814  2696  6188 I chatty  : uid=1001(radio) Thread-15 identical 1 line
02-06 15:47:28.014  2696  6188 I SarService: Receiver polling >>>> Change receiver mode: off
02-06 15:47:28.102 24714 24714 I PowerSaveService: onReceive: android.intent.action.BATTERY_CHANGED
02-06 15:47:28.102 24714 24714 I PowerNoticeUI: handleBatteryChanged oldPlugType 1 mPlugType 1 oldBatteryLevel 100 mBatteryLevel 100 temperature 267
02-06 15:47:28.103 24714 24714 I ChargerBatteryIntelligenceReceiver: onBatteryChanged temperature：26,plugType:1
02-06 15:47:28.103 24714 24714 I PowerFeatureUtils: getVendorName:qcom
02-06 15:47:28.104  6165  6539 D PowerCheckerService: onBatteryChanged, mBatteryLevel = 100, status = 5, level = 100, plug = 1, scale = 100
02-06 15:47:28.104  2362  2362 D BatteryController: onReceive: Intent = Intent { act=android.intent.action.BATTERY_CHANGED flg=0x60000010 (has extras) } action = android.intent.action.BATTERY_CHANGED
02-06 15:47:28.104  2362  2362 D KeyguardUpdateMonitor: received broadcast android.intent.action.BATTERY_CHANGED
02-06 15:47:28.105 28090 28090 D DeviceStatisticsService: chargerType=1 batteryLevel=100 totalBatteryCapacity=3864400
02-06 15:47:28.105 28090 28090 D DeviceInfoHidlClient: isPowerInfoNeverSent()=true
02-06 15:47:28.016     0     0 I pmi632_charger: smblib_get_charge_param: input current limit status = 1000000 (0x14)
02-06 15:47:28.050     0     0 I pmi632_charger: smblib_get_prop_usb_online: POWER_PATH_STATUS = 0x95
02-06 15:47:28.050     0     0 I pmi632_charger: smblib_get_prop_batt_health: BATTERY_CHARGER_STATUS_2 = 0x28
02-06 15:47:28.050     0     0 E batteryd: /sys/class/power_supply/usb/real_type = USB_CDP
02-06 15:47:28.214  2696  6188 I SarService: Receiver polling >>>> Change receiver mode: off
02-06 15:47:28.307  4069  4069 I CNSS    : Failed to send nl message
02-06 15:47:28.307  4069  4069 I chatty  : uid=1000(system) /system/vendor/bin/cnss_diag identical 1 line
02-06 15:47:28.319  4069  4069 I CNSS    : Failed to send nl message
02-06 15:47:28.320  1663  2237 D SlaveWifiManager: getWifiSlaveConnectionInfo
02-06 15:47:28.320  1663  2237 I chatty  : uid=1000(system) ConnectivitySer identical 43 lines
02-06 15:47:28.321  1663  2237 D SlaveWifiManager: getWifiSlaveConnectionInfo
02-06 15:47:28.321  4069  4069 I CNSS    : Failed to send nl message
02-06 15:47:28.321  1663  2237 D SlaveWifiManager: getWifiSlaveConnectionInfo
02-06 15:47:28.325  1663  2237 I chatty  : uid=1000(system) ConnectivitySer identical 12 lines
02-06 15:47:28.325  1663  2237 D SlaveWifiManager: getWifiSlaveConnectionInfo
02-06 15:47:28.325  4069  4069 I CNSS    : Failed to send nl message
02-06 15:47:28.326  1663  2237 D SlaveWifiManager: getWifiSlaveConnectionInfo
02-06 15:47:28.326  1663  2237 I chatty  : uid=1000(system) ConnectivitySer identical 1 line
02-06 15:47:28.326  1663  2237 D SlaveWifiManager: getWifiSlaveConnectionInfo
02-06 15:47:28.327  4069  4069 I CNSS    : Failed to send nl message
02-06 15:47:28.328  4069  4069 I CNSS    : Failed to send nl message
02-06 15:47:28.329  1663  2237 D SlaveWifiManager: getWifiSlaveConnectionInfo
02-06 15:47:28.330  4069  4069 I CNSS    : Failed to send nl message
02-06 15:47:28.331  1663  2237 D SlaveWifiManager: getWifiSlaveConnectionInfo
02-06 15:47:28.331  1663  2237 I chatty  : uid=1000(system) ConnectivitySer identical 1 line
02-06 15:47:28.331  1663  2237 D SlaveWifiManager: getWifiSlaveConnectionInfo
02-06 15:47:28.332  4069  4069 I CNSS    : Failed to send nl message
02-06 15:47:28.337  4069  4069 I CNSS    : Failed to send nl message
02-06 15:47:28.371  1663  2223 D MiuiNetworkPolicy: updateLimit mLimitEnabled=false,enabled=true,mNetworkPriorityMode=255
02-06 15:47:28.415  2696  6188 I SarService: Receiver polling >>>> Change receiver mode: off
02-06 15:47:28.616  2696  6188 I SarService: Receiver polling >>>> Change receiver mode: off
02-06 15:47:28.630  4069  4069 I CNSS    : Failed to send nl message
02-06 15:47:28.812  4069  4069 I chatty  : uid=1000(system) /system/vendor/bin/cnss_diag identical 18 lines
02-06 15:47:28.815  4069  4069 I CNSS    : Failed to send nl message
02-06 15:47:28.816  2696  6188 I SarService: Receiver polling >>>> Change receiver mode: off
02-06 15:47:29.417  2696  6188 I chatty  : uid=1001(radio) Thread-15 identical 3 lines
02-06 15:47:29.618  2696  6188 I SarService: Receiver polling >>>> Change receiver mode: off
02-06 15:47:29.617 32507 32507 W getprop : type=1400 audit(0.0:86970): avc: denied { map } for path="/dev/__properties__/u:object_r:fpsensor_prop:s0" dev="tmpfs" ino=9899 scontext=u:r:shell:s0 tcontext=u:object_r:fpsensor_prop:s0 tclass=file permissive=0
02-06 15:47:29.591     0     0 I pmi632_charger: wdog_bark_irq_handler: IRQ: wdog-bark
02-06 15:47:29.722 32127 32316 E chromium: [ERROR:net/socket/ssl_client_socket_impl.cc:916] handshake failed; returned -1, SSL error code 1, net_error -202
02-06 15:47:29.818  2696  6188 I SarService: Receiver polling >>>> Change receiver mode: off
02-06 15:47:30.892     0     0 I init    : starting service 'qccsyshalservice'...
02-06 15:47:30.822  2696  6188 I chatty  : uid=1001(radio) Thread-15 identical 5 lines
02-06 15:47:31.022  2696  6188 I SarService: Receiver polling >>>> Change receiver mode: off
02-06 15:47:31.041 32511 32511 I qccsyshalservice: Start with system binder
02-06 15:47:31.042 32511 32511 I qccsyshalservice: Registering qccsyshal service...
02-06 15:47:31.043   499   499 I hwservicemanager: getTransport: Cannot find entry vendor.qti.hardware.qccsyshal@1.0::IQccsyshal/qccsyshal in either framework or device manifest.
02-06 15:47:31.044 32511 32511 E HidlServiceManagement: Service vendor.qti.hardware.qccsyshal@1.0::IQccsyshal/qccsyshal must be in VINTF manifest in order to register/get.
02-06 15:47:31.044 32511 32511 E qccsyshalservice: [ERROR] registerAsService() failed with status: -2147483648
02-06 15:47:30.939     0     0 I init    : Service 'qccsyshalservice' (pid 32511) exited with status 1
02-06 15:47:30.939     0     0 I init    : Sending signal 9 to service 'qccsyshalservice' (pid 32511) process group...
02-06 15:47:30.939     0     0 I libprocessgroup: Successfully killed process cgroup uid 1000 pid 32511 in 0ms
02-06 15:47:31.222  2696  6188 I SarService: Receiver polling >>>> Change receiver mode: off
02-06 15:47:31.339  4069  4069 I CNSS    : Failed to send nl message
02-06 15:47:31.388  4069  4069 I chatty  : uid=1000(system) /system/vendor/bin/cnss_diag identical 24 lines
02-06 15:47:31.391  4069  4069 I CNSS    : Failed to send nl message
02-06 15:47:31.423  2696  6188 I SarService: Receiver polling >>>> Change receiver mode: off
02-06 15:47:31.425  4069  4069 I CNSS    : Failed to send nl message
02-06 15:47:31.433  4069  4069 I chatty  : uid=1000(system) /system/vendor/bin/cnss_diag identical 2 lines
02-06 15:47:31.435  4069  4069 I CNSS    : Failed to send nl message
02-06 15:47:31.623  2696  6188 I SarService: Receiver polling >>>> Change receiver mode: off
02-06 15:47:32.426  2696  6188 I chatty  : uid=1001(radio) Thread-15 identical 4 lines
02-06 15:47:32.627  2696  6188 I SarService: Receiver polling >>>> Change receiver mode: off
02-06 15:47:32.720 32127 32316 E chromium: [ERROR:net/socket/ssl_client_socket_impl.cc:916] handshake failed; returned -1, SSL error code 1, net_error -202
02-06 15:47:32.827  2696  6188 I SarService: Receiver polling >>>> Change receiver mode: off
02-06 15:47:33.027  2696  6188 I chatty  : uid=1001(radio) Thread-15 identical 1 line
02-06 15:47:33.228  2696  6188 I SarService: Receiver polling >>>> Change receiver mode: off
02-06 15:47:33.263  4069  4069 I CNSS    : Failed to send nl message
02-06 15:47:33.429  2696  6188 I SarService: Receiver polling >>>> Change receiver mode: off
02-06 15:47:33.464 32127 32209 I System.out: Minima @ 06/02/2026 15:47:33 [173,6 MB] : MAXIMA HOST CONNECTED 2HCEH2VF8V0FL 85.244.152.176:9001
02-06 15:47:33.629  2696  6188 I SarService: Receiver polling >>>> Change receiver mode: off
02-06 15:47:33.731 24714 24842 D TrafficManageService: onReceive: intent.action = com.android.server.action.NETWORK_STATS_UPDATED
02-06 15:47:33.750  4069  4069 I CNSS    : Failed to send nl message
02-06 15:47:33.753  4069  4069 I CNSS    : Failed to send nl message
02-06 15:47:33.830  2696  6188 I SarService: Receiver polling >>>> Change receiver mode: off
02-06 15:47:34.030  2696  6188 I chatty  : uid=1001(radio) Thread-15 identical 1 line
02-06 15:47:34.231  2696  6188 I SarService: Receiver polling >>>> Change receiver mode: off
02-06 15:47:34.360  4069  4069 I CNSS    : Failed to send nl message
02-06 15:47:34.385  4069  4069 I chatty  : uid=1000(system) /system/vendor/bin/cnss_diag identical 12 lines
02-06 15:47:34.417  4069  4069 I CNSS    : Failed to send nl message
02-06 15:47:34.432  2696  6188 I SarService: Receiver polling >>>> Change receiver mode: off
02-06 15:47:34.463  4069  4069 I CNSS    : Failed to send nl message
02-06 15:47:34.478  4069  4069 I chatty  : uid=1000(system) /system/vendor/bin/cnss_diag identical 3 lines
02-06 15:47:34.481  4069  4069 I CNSS    : Failed to send nl message
02-06 15:47:34.632  2696  6188 I SarService: Receiver polling >>>> Change receiver mode: off
02-06 15:47:34.696  1663  4853 E PackageParserInjector: dump dex file error ,file message: base.art: 720Kb 
02-06 15:47:34.697  1663  4853 E PackageParserInjector: dump dex file error ,file message: base.art: 720Kb base.odex: 6562Kb 
02-06 15:47:34.697  1663  4853 E PackageParserInjector: dump dex file error ,file message: base.art: 720Kb base.odex: 6562Kb base.vdex: 16390Kb 
02-06 15:47:34.684     0     0 I IRQ 7   : no longer affine to CPU7
02-06 15:47:35.033  2696  6188 I chatty  : uid=1001(radio) Thread-15 identical 2 lines
02-06 15:47:35.233  2696  6188 I SarService: Receiver polling >>>> Change receiver mode: off
02-06 15:47:35.342  4069  4069 I CNSS    : Failed to send nl message
02-06 15:47:35.420  4069  4069 I chatty  : uid=1000(system) /system/vendor/bin/cnss_diag identical 9 lines
02-06 15:47:35.423  4069  4069 I CNSS    : Failed to send nl message
02-06 15:47:35.434  2696  6188 I SarService: Receiver polling >>>> Change receiver mode: off
02-06 15:47:35.634  2696  6188 I SarService: Receiver polling >>>> Change receiver mode: off
02-06 15:47:35.720 32127 32316 E chromium: [ERROR:net/socket/ssl_client_socket_impl.cc:916] handshake failed; returned -1, SSL error code 1, net_error -202
02-06 15:47:35.835  2696  6188 I SarService: Receiver polling >>>> Change receiver mode: off
02-06 15:47:35.644     0     0 I IRQ 7   : no longer affine to CPU7
02-06 15:47:35.904     0     0 I init    : starting service 'qccsyshalservice'...
02-06 15:47:36.035  2696  6188 I SarService: Receiver polling >>>> Change receiver mode: off
02-06 15:47:36.052 32519 32519 I qccsyshalservice: Start with system binder
02-06 15:47:36.052 32519 32519 I qccsyshalservice: Registering qccsyshal service...
02-06 15:47:36.053   499   499 I hwservicemanager: getTransport: Cannot find entry vendor.qti.hardware.qccsyshal@1.0::IQccsyshal/qccsyshal in either framework or device manifest.
02-06 15:47:36.053 32519 32519 E HidlServiceManagement: Service vendor.qti.hardware.qccsyshal@1.0::IQccsyshal/qccsyshal must be in VINTF manifest in order to register/get.
02-06 15:47:36.053 32519 32519 E qccsyshalservice: [ERROR] registerAsService() failed with status: -2147483648
02-06 15:47:35.950     0     0 I init    : Service 'qccsyshalservice' (pid 32519) exited with status 1
02-06 15:47:35.950     0     0 I init    : Sending signal 9 to service 'qccsyshalservice' (pid 32519) process group...
02-06 15:47:35.950     0     0 I libprocessgroup: Successfully killed process cgroup uid 1000 pid 32519 in 0ms
02-06 15:47:36.236  2696  6188 I SarService: Receiver polling >>>> Change receiver mode: off
02-06 15:47:36.127     0     0 I pmi632_charger: wdog_snarl_irq_handler: IRQ: wdog-snarl
02-06 15:47:36.127     0     0 I pmi632_charger: smblib_get_prop_usb_online: POWER_PATH_STATUS = 0x95
02-06 15:47:36.127     0     0 I pmi632_charger: smblib_get_prop_batt_health: BATTERY_CHARGER_STATUS_2 = 0x28
02-06 15:47:36.128     0     0 I pmi632_charger: smblib_get_prop_usb_online: POWER_PATH_STATUS = 0x95
02-06 15:47:36.128     0     0 I pmi632_charger: smblib_get_prop_batt_health: BATTERY_CHARGER_STATUS_2 = 0x28
02-06 15:47:36.128     0     0 I pmi632_charger: smblib_get_prop_batt_health: BATTERY_CHARGER_STATUS_2 = 0x28
02-06 15:47:36.128     0     0 I pmi632_charger: smblib_get_prop_usb_online: POWER_PATH_STATUS = 0x95
02-06 15:47:36.128     0     0 I pmi632_charger: smblib_get_prop_batt_health: BATTERY_CHARGER_STATUS_2 = 0x28
02-06 15:47:36.128     0     0 I QG-K    : qg_status_change_work: charge_status=4 charge_done=1
02-06 15:47:36.128     0     0 E PL_DISABLE: CHG_STATE_VOTER,0 same vote on of val=1
02-06 15:47:36.128     0     0 E PL_DISABLE: CHG_STATE_VOTER,0 Ignoring similar vote on of val=1
02-06 15:47:36.128     0     0 I pmi632_charger: smblib_get_charge_param: input current limit status = 1000000 (0x14)
02-06 15:47:36.128     0     0 E PL_ENABLE_INDIRECT: USBIN_I_VOTER,0 same vote on of val=1
02-06 15:47:36.128     0     0 E PL_ENABLE_INDIRECT: USBIN_I_VOTER,0 Ignoring similar vote on of val=1
02-06 15:47:36.128     0     0 I QCOM-BATT: pl_fcc_vote_callback: cp_fcc_ua=3000000 total_fcc_ua=3000000 forced_main_fcc=0
02-06 15:47:36.128     0     0 E QCOM-BATT: pl_disable_vote_callback: FCC Stepper disabled
02-06 15:47:36.128     0     0 E FCC_MAIN: MAIN_FCC_VOTER,0 same vote on of val=3000000
02-06 15:47:36.128     0     0 E FCC_MAIN: MAIN_FCC_VOTER,0 Ignoring similar vote on of val=3000000
02-06 15:47:36.128     0     0 I pmi632_charger: smblib_set_charge_param: float voltage = 4400000 (0x50)
02-06 15:47:36.128     0     0 I QCOM-BATT: pl_disable_vote_callback: parallel charging disabled
02-06 15:47:36.129     0     0 I         : length 2 addr=48c0
02-06 15:47:36.129     0     0 I val[0]  : 2a
02-06 15:47:36.129     0     0 I val[1]  : 57
02-06 15:47:36.129     0     0 I addr=4842 mask: 01 val: 01
02-06 15:47:36.129     0     0 I         : length 2 addr=48c6
02-06 15:47:36.129     0     0 I val[0]  : 00
02-06 15:47:36.129     0     0 I val[1]  : 00
02-06 15:47:36.129     0     0 I addr=4842 mask: 01 val: 00
02-06 15:47:36.133     0     0 I         : length 2 addr=48c0
02-06 15:47:36.133     0     0 I val[0]  : 2a
02-06 15:47:36.133     0     0 I val[1]  : 57
02-06 15:47:36.133     0     0 I addr=4842 mask: 01 val: 01
02-06 15:47:36.133     0     0 I         : length 2 addr=48c6
02-06 15:47:36.133     0     0 I val[0]  : 00
02-06 15:47:36.133     0     0 I val[1]  : 00
02-06 15:47:36.133     0     0 I addr=4842 mask: 01 val: 00
02-06 15:47:36.133     0     0 I addr=4842 mask: 01 val: 01
02-06 15:47:36.133     0     0 I         : length 2 addr=48c6
02-06 15:47:36.133     0     0 I val[0]  : 00
02-06 15:47:36.133     0     0 I val[1]  : 00
02-06 15:47:36.133     0     0 I addr=4842 mask: 01 val: 00
02-06 15:47:36.133     0     0 I         : length 2 addr=48c0
02-06 15:47:36.133     0     0 I val[0]  : 2a
02-06 15:47:36.133     0     0 I val[1]  : 57
02-06 15:47:36.134     0     0 I pmi632_charger: smblib_get_charge_param: input current limit status = 1000000 (0x14)
02-06 15:47:36.134     0     0 I pmi632_charger: smblib_get_prop_batt_health: BATTERY_CHARGER_STATUS_2 = 0x28
02-06 15:47:36.135     0     0 I pmi632_charger: smblib_get_charge_param: input current limit status = 1000000 (0x14)
02-06 15:47:36.145     0     0 I pmi632_charger: smblib_get_prop_batt_health: BATTERY_CHARGER_STATUS_2 = 0x28
02-06 15:47:36.145     0     0 I QG-K    : qg_charge_full_update: msoc=100 health=1 charge_full=1 charge_done=1
02-06 15:47:36.146     0     0 E FCC     : JEITA_VOTER,3 same vote on of val=3000000
02-06 15:47:36.146     0     0 E FCC     : JEITA_VOTER,3 Ignoring similar vote on of val=3000000
02-06 15:47:36.146     0     0 E USB_ICL : JEITA_VOTER,11 same vote off of val=0
02-06 15:47:36.146     0     0 E USB_ICL : JEITA_VOTER,11 Ignoring similar vote off of val=0
02-06 15:47:36.146     0     0 I QCOM-STEPCHG: handle_jeita:  jeita vote fv_uv:4400000 last_vol:4400000
02-06 15:47:36.146     0     0 E FV      : JEITA_VOTER,3 same vote on of val=4400000
02-06 15:47:36.146     0     0 E FV      : JEITA_VOTER,3 Ignoring similar vote on of val=4400000
02-06 15:47:36.146     0     0 E FCC     : STEP_CHG_VOTER,4 same vote off of val=0
02-06 15:47:36.146     0     0 E FCC     : STEP_CHG_VOTER,4 Ignoring similar vote off of val=0
02-06 15:47:36.149     0     0 I pmi632_charger: smblib_get_prop_usb_online: POWER_PATH_STATUS = 0x95
02-06 15:47:36.149     0     0 I pmi632_charger: smblib_get_prop_batt_health: BATTERY_CHARGER_STATUS_2 = 0x28
02-06 15:47:36.149     0     0 I pmi632_charger: smblib_get_prop_batt_health: BATTERY_CHARGER_STATUS_2 = 0x28
02-06 15:47:36.149     0     0 I pmi632_charger: smblib_get_prop_usb_online: POWER_PATH_STATUS = 0x95
02-06 15:47:36.149     0     0 I pmi632_charger: smblib_get_prop_usb_online: POWER_PATH_STATUS = 0x95
02-06 15:47:36.149     0     0 I pmi632_charger: smblib_get_charge_param: usb input current limit = 1500000 (0x1e)
02-06 15:47:36.149     0     0 I pmi632_charger: smblib_get_charge_param: input current limit status = 1000000 (0x14)
02-06 15:47:36.150     0     0 W healthd : battery l=100 v=4343 t=26.7 h=2 st=5 c=0 fc=3984000 cc=8 tl=0 ct=USB_CDP pluged=1 chg=a
02-06 15:47:36.150     0     0 I         : length 2 addr=48c0
02-06 15:47:36.150     0     0 I val[0]  : 2a
02-06 15:47:36.150     0     0 I val[1]  : 57
02-06 15:47:36.150     0     0 I addr=4842 mask: 01 val: 01
02-06 15:47:36.150     0     0 I         : length 2 addr=48c6
02-06 15:47:36.150     0     0 I val[0]  : 00
02-06 15:47:36.150     0     0 I val[1]  : 00
02-06 15:47:36.150     0     0 I addr=4842 mask: 01 val: 00
02-06 15:47:36.176     0     0 I pmi632_charger: smblib_get_charge_param: input current limit status = 1000000 (0x14)
02-06 15:47:36.178     0     0 I pmi632_charger: smblib_get_prop_usb_online: POWER_PATH_STATUS = 0x95
02-06 15:47:36.178     0     0 I pmi632_charger: smblib_get_prop_batt_health: BATTERY_CHARGER_STATUS_2 = 0x28
02-06 15:47:36.178     0     0 I pmi632_charger: smblib_get_prop_batt_health: BATTERY_CHARGER_STATUS_2 = 0x28
02-06 15:47:36.178     0     0 I pmi632_charger: smblib_get_prop_usb_online: POWER_PATH_STATUS = 0x95
02-06 15:47:36.178     0     0 I pmi632_charger: smblib_get_prop_usb_online: POWER_PATH_STATUS = 0x95
02-06 15:47:36.178     0     0 I pmi632_charger: smblib_get_charge_param: usb input current limit = 1500000 (0x1e)
02-06 15:47:36.178     0     0 I pmi632_charger: smblib_get_charge_param: input current limit status = 1000000 (0x14)
02-06 15:47:36.206     0     0 I pmi632_charger: smblib_get_prop_usb_online: POWER_PATH_STATUS = 0x95
02-06 15:47:36.206     0     0 I pmi632_charger: smblib_get_prop_batt_health: BATTERY_CHARGER_STATUS_2 = 0x28
02-06 15:47:36.206     0     0 E batteryd: /sys/class/power_supply/usb/real_type = USB_CDP
02-06 15:47:36.436  2696  6188 I chatty  : uid=1001(radio) Thread-15 identical 1 line
02-06 15:47:36.638  2696  6188 I SarService: Receiver polling >>>> Change receiver mode: off
02-06 15:47:36.721  4069  4069 I CNSS    : Failed to send nl message
02-06 15:47:36.731  4069  4069 I chatty  : uid=1000(system) /system/vendor/bin/cnss_diag identical 4 lines
02-06 15:47:36.819  4069  4069 I CNSS    : Failed to send nl message
02-06 15:47:36.839  2696  6188 I SarService: Receiver polling >>>> Change receiver mode: off
02-06 15:47:36.841  4069  4069 I CNSS    : Failed to send nl message
02-06 15:47:37.017  4069  4069 I chatty  : uid=1000(system) /system/vendor/bin/cnss_diag identical 17 lines
02-06 15:47:37.023  4069  4069 I CNSS    : Failed to send nl message
02-06 15:47:37.039  2696  6188 I SarService: Receiver polling >>>> Change receiver mode: off
02-06 15:47:37.042  4069  4069 I CNSS    : Failed to send nl message
02-06 15:47:37.053  4069  4069 I chatty  : uid=1000(system) /system/vendor/bin/cnss_diag identical 4 lines
02-06 15:47:37.054  4069  4069 I CNSS    : Failed to send nl message
02-06 15:47:37.093 24714 24770 V g       : flags=98
02-06 15:47:37.096 24714 24770 V g       : ret=0
02-06 15:47:37.099  2362  2362 D InterruptionStateProvider: No alerting: suppressed due to group alert behavior
02-06 15:47:37.100  2362  2362 D InterruptionStateProvider: No alerting: suppressed due to group alert behavior
02-06 15:47:37.240  2696  6188 I SarService: Receiver polling >>>> Change receiver mode: off
02-06 15:47:37.361  4069  4069 I CNSS    : Failed to send nl message
02-06 15:47:37.379  4069  4069 I chatty  : uid=1000(system) /system/vendor/bin/cnss_diag identical 6 lines
02-06 15:47:37.382  4069  4069 I CNSS    : Failed to send nl message
02-06 15:47:37.382  1663  2237 D SlaveWifiManager: getWifiSlaveConnectionInfo
02-06 15:47:37.383  1663  2237 D SlaveWifiManager: getWifiSlaveConnectionInfo
02-06 15:47:37.383  4069  4069 I CNSS    : Failed to send nl message
02-06 15:47:37.384  4069  4069 I CNSS    : Failed to send nl message
02-06 15:47:37.386  2362  2629 D NetworkController: onReceive: intent=Intent { act=android.net.wifi.RSSI_CHANGED flg=0x4000010 (has extras) }
02-06 15:47:37.386  4069  4069 I CNSS    : Failed to send nl message
02-06 15:47:37.387  4069  4069 I CNSS    : Failed to send nl message
02-06 15:47:37.388 26228 26275 D QCNEJ/WlanStaInfoRelay: Received action: android.net.wifi.RSSI_CHANGED
02-06 15:47:37.388  4069  4069 I CNSS    : Failed to send nl message
02-06 15:47:37.390  4069  4069 I chatty  : uid=1000(system) /system/vendor/bin/cnss_diag identical 1 line
02-06 15:47:37.392  4069  4069 I CNSS    : Failed to send nl message
02-06 15:47:37.401  3905  5773 I CarrierServices: [217] fau.handleMessage:39 RcsEngineImpl[DUAL_REG]:[d174f1db-53ee]>Handler: handleMessage processing message:[NOTIFY_UPTIME_IGNORE_STATE_CHANGED] with [non-null]:RcsEngineImpl reference
02-06 15:47:37.402  3905  5780 I CarrierServices: [218] eqy.c:51 Connected state: [1], networkType: [WIFI]
02-06 15:47:37.416  1663  2237 D SlaveWifiManager: getWifiSlaveConnectionInfo
02-06 15:47:37.419  1663  2237 I chatty  : uid=1000(system) ConnectivitySer identical 47 lines
02-06 15:47:37.419  1663  2237 D SlaveWifiManager: getWifiSlaveConnectionInfo
02-06 15:47:37.419  3905  5773 I CarrierServices: [217] ezm.b:53 ProvisioningEngineDataRetriever: No RCS Configuration was found in Bugle for simID: redacted-pii:sim_id[chars:20,last3:73F]
02-06 15:47:37.419  1663  2237 D SlaveWifiManager: getWifiSlaveConnectionInfo
02-06 15:47:37.420  1663  2237 I chatty  : uid=1000(system) ConnectivitySer identical 1 line
02-06 15:47:37.420  1663  2237 D SlaveWifiManager: getWifiSlaveConnectionInfo
02-06 15:47:37.420  4069  4069 I CNSS    : Failed to send nl message
02-06 15:47:37.420  1663  2237 D SlaveWifiManager: getWifiSlaveConnectionInfo
02-06 15:47:37.425  1663  2237 I chatty  : uid=1000(system) ConnectivitySer identical 12 lines
02-06 15:47:37.425  1663  2237 D SlaveWifiManager: getWifiSlaveConnectionInfo
02-06 15:47:37.427  4069  4069 I CNSS    : Failed to send nl message
02-06 15:47:37.438  4069  4069 I CNSS    : Failed to send nl message
02-06 15:47:37.440  2696  6188 I SarService: Receiver polling >>>> Change receiver mode: off
02-06 15:47:37.444  4069  4069 I CNSS    : Failed to send nl message
02-06 15:47:37.447  4069  4069 I CNSS    : Failed to send nl message
02-06 15:47:37.641  2696  6188 I SarService: Receiver polling >>>> Change receiver mode: off
02-06 15:47:37.842  2696  6188 I SarService: Receiver polling >>>> Change receiver mode: off
02-06 15:47:37.917 31444 16312 I NearbySharing: Network state changed: NetworkState(isRestricted=false, isOnline=true, isCongested=false, isMetered=false, isWifiConnected=true)
02-06 15:47:38.042  2696  6188 I SarService: Receiver polling >>>> Change receiver mode: off
02-06 15:47:38.242  2696  6188 I SarService: Receiver polling >>>> Change receiver mode: off
02-06 15:47:38.440  4301  4342 I com.miui.daemo: oneway function results will be dropped but finished with status OK and parcel size 4
02-06 15:47:38.441  4301  4342 I com.miui.daemo: oneway function results will be dropped but finished with status OK and parcel size 4
02-06 15:47:38.443  2696  6188 I SarService: Receiver polling >>>> Change receiver mode: off
02-06 15:47:38.643  2696  6188 I SarService: Receiver polling >>>> Change receiver mode: off
02-06 15:47:38.718 32127 32316 E chromium: [ERROR:net/socket/ssl_client_socket_impl.cc:916] handshake failed; returned -1, SSL error code 1, net_error -202
02-06 15:47:38.767  4069  4069 I CNSS    : Failed to send nl message
02-06 15:47:38.768 32127 32316 E chromium: [ERROR:net/socket/ssl_client_socket_impl.cc:916] handshake failed; returned -1, SSL error code 1, net_error -202
02-06 15:47:38.770  4069  4069 I CNSS    : Failed to send nl message
02-06 15:47:38.844  2696  6188 I SarService: Receiver polling >>>> Change receiver mode: off
02-06 15:47:38.950 32127 32141 I .minima.androi: Background young concurrent copying GC freed 439811(52MB) AllocSpace objects, 67(1468KB) LOS objects, 15% free, 127MB/151MB, paused 160us total 195.845ms
02-06 15:47:39.044  2696  6188 I SarService: Receiver polling >>>> Change receiver mode: off
02-06 15:47:39.846  2696  6188 I chatty  : uid=1001(radio) Thread-15 identical 4 lines
02-06 15:47:40.046  2696  6188 I SarService: Receiver polling >>>> Change receiver mode: off
02-06 15:47:40.099  4069  4069 I CNSS    : Failed to send nl message
02-06 15:47:40.104  2481 17795 W AlarmManager: Unrecognized alarm listener com.android.networkstack.android.net.ip.IpClientLinkObserver$Dhcp6PdPreferredPrefixAlarmListener@5923b1f
02-06 15:47:40.105  4069  4069 I CNSS    : Failed to send nl message
02-06 15:47:40.109  2481 17795 D ApfFilter: (wlan0): Ignoring RA RA fe80::7e77:16ff:fecf:9730 -> ff02::1 1800s 2a0c:5a84:e711:8500::/64 4214821191s/4214821191s DNS 600s 2a0c:5a80:0:2::1 2a0c:5a84:0:2::1  which matches RA fe80::7e77:16ff:fecf:9730 -> ff02::1 1800s 2a0c:5a84:e711:8500::/64 4214821231s/4214821231s DNS 600s 2a0c:5a80:0:2::1 2a0c:5a84:0:2::1 
02-06 15:47:40.247  2696  6188 I SarService: Receiver polling >>>> Change receiver mode: off
02-06 15:47:40.402  4069  4069 I CNSS    : Failed to send nl message
02-06 15:47:40.410  4069  4069 I chatty  : uid=1000(system) /system/vendor/bin/cnss_diag identical 2 lines
02-06 15:47:40.411  4069  4069 I CNSS    : Failed to send nl message
02-06 15:47:40.411  1663  2237 D SlaveWifiManager: getWifiSlaveConnectionInfo
02-06 15:47:40.411  1663  2237 D SlaveWifiManager: getWifiSlaveConnectionInfo
02-06 15:47:40.412  4069  4069 I CNSS    : Failed to send nl message
02-06 15:47:40.415  4069  4069 I chatty  : uid=1000(system) /system/vendor/bin/cnss_diag identical 2 lines
02-06 15:47:40.417  4069  4069 I CNSS    : Failed to send nl message
02-06 15:47:40.418 26228 26275 D QCNEJ/WlanStaInfoRelay: Received action: android.net.wifi.RSSI_CHANGED
02-06 15:47:40.422  3905  5773 I CarrierServices: [217] fau.handleMessage:39 RcsEngineImpl[DUAL_REG]:[d174f1db-53ee]>Handler: handleMessage processing message:[NOTIFY_UPTIME_IGNORE_STATE_CHANGED] with [non-null]:RcsEngineImpl reference
02-06 15:47:40.423  2362  2629 D NetworkController: onReceive: intent=Intent { act=android.net.wifi.RSSI_CHANGED flg=0x4000010 (has extras) }
02-06 15:47:40.423  4069  4069 I CNSS    : Failed to send nl message
02-06 15:47:40.424  3905  5780 I CarrierServices: [218] eqy.c:51 Connected state: [1], networkType: [WIFI]
02-06 15:47:40.425  4069  4069 I CNSS    : Failed to send nl message
02-06 15:47:40.433  1663  2237 D SlaveWifiManager: getWifiSlaveConnectionInfo
02-06 15:47:40.438  1663  2237 I chatty  : uid=1000(system) ConnectivitySer identical 64 lines
02-06 15:47:40.439  1663  2237 D SlaveWifiManager: getWifiSlaveConnectionInfo
02-06 15:47:40.447  2696  6188 I SarService: Receiver polling >>>> Change receiver mode: off
02-06 15:47:40.447  3905  5773 I CarrierServices: [217] ezm.b:53 ProvisioningEngineDataRetriever: No RCS Configuration was found in Bugle for simID: redacted-pii:sim_id[chars:20,last3:73F]
02-06 15:47:40.648  2696  6188 I SarService: Receiver polling >>>> Change receiver mode: off
02-06 15:47:40.848  2696  6188 I SarService: Receiver polling >>>> Change receiver mode: off
02-06 15:47:40.919  1663  2223 I MiuiNetworkPolicy: updateUidState uid = 10190, uidState = 5
02-06 15:47:40.919  7279  7611 I BtGatt.ScanManager: msg.what = 6
02-06 15:47:40.929 31444 16312 I NearbySharing: Network state changed: NetworkState(isRestricted=false, isOnline=true, isCongested=false, isMetered=false, isWifiConnected=true)
02-06 15:47:40.916     0     0 I init    : starting service 'qccsyshalservice'...
02-06 15:47:41.048  2696  6188 I SarService: Receiver polling >>>> Change receiver mode: off
02-06 15:47:41.062 32525 32525 I qccsyshalservice: Start with system binder
02-06 15:47:41.063 32525 32525 I qccsyshalservice: Registering qccsyshal service...
02-06 15:47:41.064   499   499 I hwservicemanager: getTransport: Cannot find entry vendor.qti.hardware.qccsyshal@1.0::IQccsyshal/qccsyshal in either framework or device manifest.
02-06 15:47:41.064 32525 32525 E HidlServiceManagement: Service vendor.qti.hardware.qccsyshal@1.0::IQccsyshal/qccsyshal must be in VINTF manifest in order to register/get.
02-06 15:47:41.064 32525 32525 E qccsyshalservice: [ERROR] registerAsService() failed with status: -2147483648
