02-06 15:46:49.049  4069  4069 I chatty  : uid=1000(system) /system/vendor/bin/cnss_diag identical 8 lines
02-06 15:46:49.049  4069  4069 I CNSS    : Failed to send nl message
02-06 15:46:49.127  2696  6188 I SarService: Receiver polling >>>> Change receiver mode: off
02-06 15:46:49.049     0     0 I pmi632_charger: smblib_get_charge_param: input current limit status = 1000000 (0x14)
02-06 15:46:49.328  2696  6188 I SarService: Receiver polling >>>> Change receiver mode: off
02-06 15:46:49.404 32127 32141 I .minima.androi: Background young concurrent copying GC freed 1531770(108MB) AllocSpace objects, 136(4532KB) LOS objects, 28% free, 59MB/83MB, paused 206us total 309.010ms
02-06 15:46:49.449  1663  4970 W NotificationService: Toast already killed. pkg=com.minima.android token=android.os.BinderProxy@9c19d8b
02-06 15:46:49.398     0     0 I         : length 2 addr=48c0
02-06 15:46:49.398     0     0 I val[0]  : 2b
02-06 15:46:49.398     0     0 I val[1]  : 57
02-06 15:46:49.398     0     0 I addr=4842 mask: 01 val: 01
02-06 15:46:49.398     0     0 I         : length 2 addr=48c6
02-06 15:46:49.398     0     0 I val[0]  : 00
02-06 15:46:49.398     0     0 I val[1]  : 00
02-06 15:46:49.398     0     0 I addr=4842 mask: 01 val: 00
02-06 15:46:49.399     0     0 I pmi632_charger: smblib_get_prop_usb_online: POWER_PATH_STATUS = 0x95
02-06 15:46:49.400     0     0 I pmi632_charger: smblib_get_prop_batt_health: BATTERY_CHARGER_STATUS_2 = 0x28
02-06 15:46:49.400     0     0 I pmi632_charger: smblib_get_prop_batt_health: BATTERY_CHARGER_STATUS_2 = 0x28
02-06 15:46:49.400     0     0 I pmi632_charger: smblib_get_prop_usb_online: POWER_PATH_STATUS = 0x95
02-06 15:46:49.400     0     0 I pmi632_charger: smblib_get_prop_usb_online: POWER_PATH_STATUS = 0x95
02-06 15:46:49.400     0     0 I pmi632_charger: smblib_get_charge_param: usb input current limit = 1500000 (0x1e)
02-06 15:46:49.400     0     0 I pmi632_charger: smblib_get_charge_param: input current limit status = 1000000 (0x14)
02-06 15:46:49.400     0     0 W healthd : battery l=100 v=4343 t=26.6 h=2 st=5 c=0 fc=3984000 cc=8 tl=0 ct=USB_CDP pluged=1 chg=a
02-06 15:46:49.400     0     0 I         : length 2 addr=48c0
02-06 15:46:49.400     0     0 I val[0]  : 2b
02-06 15:46:49.400     0     0 I val[1]  : 57
02-06 15:46:49.400     0     0 I addr=4842 mask: 01 val: 01
02-06 15:46:49.400     0     0 I         : length 2 addr=48c6
02-06 15:46:49.400     0     0 I val[0]  : 00
02-06 15:46:49.400     0     0 I val[1]  : 00
02-06 15:46:49.400     0     0 I addr=4842 mask: 01 val: 00
02-06 15:46:49.401     0     0 I pmi632_charger: smblib_get_prop_usb_online: POWER_PATH_STATUS = 0x95
02-06 15:46:49.401     0     0 I pmi632_charger: smblib_get_prop_batt_health: BATTERY_CHARGER_STATUS_2 = 0x28
02-06 15:46:49.401     0     0 I pmi632_charger: smblib_get_prop_batt_health: BATTERY_CHARGER_STATUS_2 = 0x28
02-06 15:46:49.402     0     0 I pmi632_charger: smblib_get_prop_usb_online: POWER_PATH_STATUS = 0x95
02-06 15:46:49.402     0     0 I pmi632_charger: smblib_get_prop_usb_online: POWER_PATH_STATUS = 0x95
02-06 15:46:49.402     0     0 I pmi632_charger: smblib_get_charge_param: usb input current limit = 1500000 (0x1e)
02-06 15:46:49.402     0     0 I pmi632_charger: smblib_get_charge_param: input current limit status = 1000000 (0x14)
02-06 15:46:49.528  2696  6188 I SarService: Receiver polling >>>> Change receiver mode: off
02-06 15:46:49.728  2696  6188 I chatty  : uid=1001(radio) Thread-15 identical 1 line
02-06 15:46:49.929  2696  6188 I SarService: Receiver polling >>>> Change receiver mode: off
02-06 15:46:50.025  4069  4069 I CNSS    : Failed to send nl message
02-06 15:46:50.026  4069  4069 I CNSS    : Failed to send nl message
02-06 15:46:50.129  2696  6188 I SarService: Receiver polling >>>> Change receiver mode: off
02-06 15:46:50.180 32127 32141 I .minima.androi: Background concurrent copying GC freed 1031303(41MB) AllocSpace objects, 134(4624KB) LOS objects, 28% free, 60MB/84MB, paused 86us total 419.261ms
02-06 15:46:50.329  2696  6188 I SarService: Receiver polling >>>> Change receiver mode: off
02-06 15:46:50.530  2696  6188 I SarService: Receiver polling >>>> Change receiver mode: off
02-06 15:46:50.689 32127 32141 I .minima.androi: Background young concurrent copying GC freed 637926(27MB) AllocSpace objects, 0(0B) LOS objects, 21% free, 66MB/84MB, paused 158us total 178.540ms
02-06 15:46:50.730  2696  6188 I SarService: Receiver polling >>>> Change receiver mode: off
02-06 15:46:50.815     0     0 I init    : starting service 'qccsyshalservice'...
02-06 15:46:50.952  1663  1768 W WindowManager: Unable to start animation, surface is null or no children.
02-06 15:46:50.931  2696  6188 I SarService: Receiver polling >>>> Change receiver mode: off
02-06 15:46:50.956 32187 32187 I qccsyshalservice: Start with system binder
02-06 15:46:50.957 32187 32187 I qccsyshalservice: Registering qccsyshal service...
02-06 15:46:50.958   499   499 I hwservicemanager: getTransport: Cannot find entry vendor.qti.hardware.qccsyshal@1.0::IQccsyshal/qccsyshal in either framework or device manifest.
02-06 15:46:50.958 32187 32187 E HidlServiceManagement: Service vendor.qti.hardware.qccsyshal@1.0::IQccsyshal/qccsyshal must be in VINTF manifest in order to register/get.
02-06 15:46:50.958 32187 32187 E qccsyshalservice: [ERROR] registerAsService() failed with status: -2147483648
02-06 15:46:50.855     0     0 I init    : Service 'qccsyshalservice' (pid 32187) exited with status 1
02-06 15:46:50.855     0     0 I init    : Sending signal 9 to service 'qccsyshalservice' (pid 32187) process group...
02-06 15:46:50.855     0     0 I libprocessgroup: Successfully killed process cgroup uid 1000 pid 32187 in 0ms
02-06 15:46:51.050  4069  4069 I CNSS    : Failed to send nl message
02-06 15:46:51.131  2696  6188 I SarService: Receiver polling >>>> Change receiver mode: off
02-06 15:46:51.332  2696  6188 I SarService: Receiver polling >>>> Change receiver mode: off
02-06 15:46:51.383  2362  2629 D NetworkController.MobileSignalController(1): notifyListeners mConfig.alwaysShowNetworkTypeIcon=false  getNetworkType:18/IWLAN voiceNetType=3/UMTS showDataIcon=false mConfig.alwaysShowDataRatIcon=false icons.mDataType=0 mConfig.showVolteIcon=false isVolteSwitchOn=false volteIcon=0 mConfig.showVowifiIcon=false
02-06 15:46:51.384  2362  2629 D NetworkController.MobileSignalController(1): notifyListeners mConfig.alwaysShowNetworkTypeIcon=false  getNetworkType:18/IWLAN voiceNetType=3/UMTS showDataIcon=false mConfig.alwaysShowDataRatIcon=false icons.mDataType=0 mConfig.showVolteIcon=false isVolteSwitchOn=false volteIcon=0 mConfig.showVowifiIcon=false
02-06 15:46:51.408 32127 32141 I .minima.androi: Background concurrent copying GC freed 1046946(41MB) AllocSpace objects, 0(0B) LOS objects, 25% free, 70MB/94MB, paused 157us total 461.018ms
02-06 15:46:51.421  2362  2629 D NetworkController.MobileSignalController(1): notifyListeners mConfig.alwaysShowNetworkTypeIcon=false  getNetworkType:18/IWLAN voiceNetType=3/UMTS showDataIcon=false mConfig.alwaysShowDataRatIcon=false icons.mDataType=0 mConfig.showVolteIcon=false isVolteSwitchOn=false volteIcon=0 mConfig.showVowifiIcon=false
02-06 15:46:51.422  2362  2362 D MiuiPhoneStatusBarPolicy: updateBluetooth: action = null
02-06 15:46:51.422  2362  2362 D MiuiPhoneStatusBarPolicy: hide bluetooth battery
02-06 15:46:51.422  2362  2362 D MiuiPhoneStatusBarPolicy: updateBluetooth: BluetoothFlowState = 0
02-06 15:46:51.424  2362  2629 D NetworkController.MobileSignalController(1): notifyListeners mConfig.alwaysShowNetworkTypeIcon=false  getNetworkType:18/IWLAN voiceNetType=3/UMTS showDataIcon=false mConfig.alwaysShowDataRatIcon=false icons.mDataType=0 mConfig.showVolteIcon=false isVolteSwitchOn=false volteIcon=0 mConfig.showVowifiIcon=false
02-06 15:46:51.532  2696  6188 I SarService: Receiver polling >>>> Change receiver mode: off
02-06 15:46:51.444     0     0 I IRQ 7   : no longer affine to CPU4
02-06 15:46:51.732  2696  6188 I chatty  : uid=1001(radio) Thread-15 identical 1 line
02-06 15:46:51.933  2696  6188 I SarService: Receiver polling >>>> Change receiver mode: off
02-06 15:46:51.949 32127 32141 I .minima.androi: Background young concurrent copying GC freed 621624(27MB) AllocSpace objects, 0(0B) LOS objects, 17% free, 77MB/94MB, paused 141us total 205.508ms
02-06 15:46:52.061  4069  4069 I CNSS    : Failed to send nl message
02-06 15:46:52.077  4069  4069 I chatty  : uid=1000(system) /system/vendor/bin/cnss_diag identical 9 lines
02-06 15:46:52.078  4069  4069 I CNSS    : Failed to send nl message
02-06 15:46:52.133  2696  6188 I SarService: Receiver polling >>>> Change receiver mode: off
02-06 15:46:52.178  4069  4069 I CNSS    : Failed to send nl message
02-06 15:46:52.245  4069  4069 I chatty  : uid=1000(system) /system/vendor/bin/cnss_diag identical 8 lines
02-06 15:46:52.247  4069  4069 I CNSS    : Failed to send nl message
02-06 15:46:52.333  2696  6188 I SarService: Receiver polling >>>> Change receiver mode: off
02-06 15:46:52.381  4069  4069 I CNSS    : Failed to send nl message
02-06 15:46:52.455  4069  4069 I chatty  : uid=1000(system) /system/vendor/bin/cnss_diag identical 7 lines
02-06 15:46:52.457  4069  4069 I CNSS    : Failed to send nl message
02-06 15:46:52.534  2696  6188 I SarService: Receiver polling >>>> Change receiver mode: off
02-06 15:46:52.716 32127 32141 I .minima.androi: Background concurrent copying GC freed 1068728(42MB) AllocSpace objects, 0(0B) LOS objects, 22% free, 82MB/106MB, paused 140us total 533.427ms
02-06 15:46:52.735  2696  6188 I SarService: Receiver polling >>>> Change receiver mode: off
02-06 15:46:52.935  2696  6188 I SarService: Receiver polling >>>> Change receiver mode: off
02-06 15:46:52.941  5825  5825 W PushService: [Tid:2] onStart() with intent.Action = com.xiaomi.push.timer, chid = null, pkg = null|null
02-06 15:46:52.942  5825  6066 W PushService: [Tid:491] [Job] Handle intent action = com.xiaomi.push.timer
02-06 15:46:52.942  5825  6066 W PushService: [Tid:491] [Alarm] Service called on timer
02-06 15:46:52.942  5825  6066 W PushService: [Tid:491] [Alarm] register alarm. (false)
02-06 15:46:52.943  5825  6066 W PushService: [Tid:491] [HB] ping interval:600000
02-06 15:46:52.945  5825  6066 W PushService: [Tid:491] [Slim] SND ping id=0
02-06 15:46:52.946  5825  6034 W PushService: [Tid:481] [Alarm] heartbeat alarm finish in 9
02-06 15:46:52.956  4069  4069 I CNSS    : Failed to send nl message
02-06 15:46:52.962  4069  4069 I chatty  : uid=1000(system) /system/vendor/bin/cnss_diag identical 3 lines
02-06 15:46:52.964  4069  4069 I CNSS    : Failed to send nl message
02-06 15:46:53.009  5825 12870 W PushService: [Tid:649] [Slim] RCV ping id=0
02-06 15:46:53.060  4069  4069 I CNSS    : Failed to send nl message
02-06 15:46:53.113  4069  4069 I chatty  : uid=1000(system) /system/vendor/bin/cnss_diag identical 7 lines
02-06 15:46:53.115  4069  4069 I CNSS    : Failed to send nl message
02-06 15:46:53.135  2696  6188 I SarService: Receiver polling >>>> Change receiver mode: off
02-06 15:46:53.138  4069  4069 I CNSS    : Failed to send nl message
02-06 15:46:53.151  4069  4069 I chatty  : uid=1000(system) /system/vendor/bin/cnss_diag identical 4 lines
02-06 15:46:53.262  4069  4069 I CNSS    : Failed to send nl message
02-06 15:46:53.292 32127 32141 I .minima.androi: Background young concurrent copying GC freed 644645(27MB) AllocSpace objects, 0(0B) LOS objects, 14% free, 90MB/106MB, paused 133us total 244.192ms
02-06 15:46:53.336  2696  6188 I SarService: Receiver polling >>>> Change receiver mode: off
02-06 15:46:53.365  1663  2223 D MiuiNetworkPolicy: updateLimit mLimitEnabled=true,enabled=false,mNetworkPriorityMode=255
02-06 15:46:53.536  2696  6188 I SarService: Receiver polling >>>> Change receiver mode: off
02-06 15:46:53.712  4069  4069 I CNSS    : Failed to send nl message
02-06 15:46:53.737  2696  6188 I SarService: Receiver polling >>>> Change receiver mode: off
02-06 15:46:53.814  4069  4069 I CNSS    : Failed to send nl message
02-06 15:46:53.816  4069  4069 I CNSS    : Failed to send nl message
02-06 15:46:53.937  2696  6188 I SarService: Receiver polling >>>> Change receiver mode: off
02-06 15:46:54.138  2696  6188 I SarService: Receiver polling >>>> Change receiver mode: off
02-06 15:46:54.156 32127 32141 I .minima.androi: Background concurrent copying GC freed 1192295(46MB) AllocSpace objects, 0(0B) LOS objects, 21% free, 86MB/110MB, paused 114us total 650.003ms
02-06 15:46:54.164     0     0 I IRQ 7   : no longer affine to CPU5
02-06 15:46:54.339  2696  6188 I SarService: Receiver polling >>>> Change receiver mode: off
02-06 15:46:54.539  2696  6188 I SarService: Receiver polling >>>> Change receiver mode: off
02-06 15:46:54.735  4069  4069 I CNSS    : Failed to send nl message
02-06 15:46:54.738  4069  4069 I CNSS    : Failed to send nl message
02-06 15:46:54.739  2696  6188 I SarService: Receiver polling >>>> Change receiver mode: off
02-06 15:46:54.916 32127 32141 I .minima.androi: Background young concurrent copying GC freed 445660(27MB) AllocSpace objects, 4(208KB) LOS objects, 0% free, 112MB/112MB, paused 138us total 168.236ms
02-06 15:46:54.940  2696  6188 I SarService: Receiver polling >>>> Change receiver mode: off
02-06 15:46:54.884     0     0 I IRQ 7   : no longer affine to CPU7
02-06 15:46:55.085  4069  4069 I CNSS    : Failed to send nl message
02-06 15:46:55.086  4069  4069 I CNSS    : Failed to send nl message
02-06 15:46:55.077 17737 17737 W /apex/com.android.adbd/bin/adbd: type=1400 audit(0.0:86887): avc: denied { search } for comm=73796E6320737663203232 name="oem" dev="dm-0" ino=54 scontext=u:r:adbd:s0 tcontext=u:object_r:oemfs:s0 tclass=dir permissive=0
02-06 15:46:55.093  4069  4069 I CNSS    : Failed to send nl message
02-06 15:46:55.107  4069  4069 I chatty  : uid=1000(system) /system/vendor/bin/cnss_diag identical 6 lines
02-06 15:46:55.108  4069  4069 I CNSS    : Failed to send nl message
02-06 15:46:55.141  2696  6188 I SarService: Receiver polling >>>> Change receiver mode: off
02-06 15:46:55.187 31487 31487 W ThreadPoolForeg: type=1400 audit(0.0:86888): avc: denied { write } for name="traced_producer" dev="tmpfs" ino=417 scontext=u:r:gmscore_app:s0:c512,c768 tcontext=u:object_r:traced_producer_socket:s0 tclass=sock_file permissive=0 app=com.google.android.gms
02-06 15:46:55.342  2696  6188 I SarService: Receiver polling >>>> Change receiver mode: off
02-06 15:46:55.278     0     0 I pmi632_charger: wdog_snarl_irq_handler: IRQ: wdog-snarl
02-06 15:46:55.278     0     0 I pmi632_charger: smblib_get_prop_usb_online: POWER_PATH_STATUS = 0x95
02-06 15:46:55.278     0     0 I pmi632_charger: smblib_get_prop_batt_health: BATTERY_CHARGER_STATUS_2 = 0x28
02-06 15:46:55.278     0     0 I pmi632_charger: smblib_get_prop_usb_online: POWER_PATH_STATUS = 0x95
02-06 15:46:55.278     0     0 I pmi632_charger: smblib_get_prop_batt_health: BATTERY_CHARGER_STATUS_2 = 0x28
02-06 15:46:55.278     0     0 I pmi632_charger: smblib_get_prop_batt_health: BATTERY_CHARGER_STATUS_2 = 0x28
02-06 15:46:55.278     0     0 I pmi632_charger: smblib_get_prop_usb_online: POWER_PATH_STATUS = 0x95
02-06 15:46:55.278     0     0 I pmi632_charger: smblib_get_prop_batt_health: BATTERY_CHARGER_STATUS_2 = 0x28
02-06 15:46:55.278     0     0 I QG-K    : qg_status_change_work: charge_status=4 charge_done=1
02-06 15:46:55.278     0     0 E PL_DISABLE: CHG_STATE_VOTER,0 same vote on of val=1
02-06 15:46:55.278     0     0 E PL_DISABLE: CHG_STATE_VOTER,0 Ignoring similar vote on of val=1
02-06 15:46:55.279     0     0 I pmi632_charger: smblib_get_charge_param: input current limit status = 1000000 (0x14)
02-06 15:46:55.279     0     0 E PL_ENABLE_INDIRECT: USBIN_I_VOTER,0 same vote on of val=1
02-06 15:46:55.279     0     0 E PL_ENABLE_INDIRECT: USBIN_I_VOTER,0 Ignoring similar vote on of val=1
02-06 15:46:55.279     0     0 I QCOM-BATT: pl_fcc_vote_callback: cp_fcc_ua=3000000 total_fcc_ua=3000000 forced_main_fcc=0
02-06 15:46:55.279     0     0 E QCOM-BATT: pl_disable_vote_callback: FCC Stepper disabled
02-06 15:46:55.279     0     0 E FCC_MAIN: MAIN_FCC_VOTER,0 same vote on of val=3000000
02-06 15:46:55.279     0     0 E FCC_MAIN: MAIN_FCC_VOTER,0 Ignoring similar vote on of val=3000000
02-06 15:46:55.279     0     0 I pmi632_charger: smblib_set_charge_param: float voltage = 4400000 (0x50)
02-06 15:46:55.279     0     0 I QCOM-BATT: pl_disable_vote_callback: parallel charging disabled
02-06 15:46:55.279     0     0 I         : length 2 addr=48c0
02-06 15:46:55.279     0     0 I val[0]  : 2b
02-06 15:46:55.279     0     0 I val[1]  : 57
02-06 15:46:55.279     0     0 I addr=4842 mask: 01 val: 01
02-06 15:46:55.279     0     0 I         : length 2 addr=48c6
02-06 15:46:55.279     0     0 I val[0]  : 00
02-06 15:46:55.279     0     0 I val[1]  : 00
02-06 15:46:55.280     0     0 I addr=4842 mask: 01 val: 00
02-06 15:46:55.283     0     0 I pmi632_charger: smblib_get_charge_param: input current limit status = 1000000 (0x14)
02-06 15:46:55.283     0     0 I         : length 2 addr=48c0
02-06 15:46:55.283     0     0 I val[0]  : 2b
02-06 15:46:55.283     0     0 I val[1]  : 57
02-06 15:46:55.283     0     0 I pmi632_charger: smblib_get_prop_batt_health: BATTERY_CHARGER_STATUS_2 = 0x28
02-06 15:46:55.283     0     0 I addr=4842 mask: 01 val: 01
02-06 15:46:55.284     0     0 I         : length 2 addr=48c6
02-06 15:46:55.284     0     0 I val[0]  : 00
02-06 15:46:55.284     0     0 I val[1]  : 00
02-06 15:46:55.284     0     0 I addr=4842 mask: 01 val: 00
02-06 15:46:55.284     0     0 I addr=4842 mask: 01 val: 01
02-06 15:46:55.284     0     0 I         : length 2 addr=48c6
02-06 15:46:55.284     0     0 I val[0]  : 00
02-06 15:46:55.284     0     0 I val[1]  : 00
02-06 15:46:55.284     0     0 I addr=4842 mask: 01 val: 00
02-06 15:46:55.284     0     0 I         : length 2 addr=48c0
02-06 15:46:55.284     0     0 I val[0]  : 2b
02-06 15:46:55.284     0     0 I val[1]  : 57
02-06 15:46:55.294     0     0 I pmi632_charger: smblib_get_prop_batt_health: BATTERY_CHARGER_STATUS_2 = 0x28
02-06 15:46:55.294     0     0 I QG-K    : qg_charge_full_update: msoc=100 health=1 charge_full=1 charge_done=1
02-06 15:46:55.295     0     0 E FCC     : JEITA_VOTER,3 same vote on of val=3000000
02-06 15:46:55.295     0     0 E FCC     : JEITA_VOTER,3 Ignoring similar vote on of val=3000000
02-06 15:46:55.295     0     0 E USB_ICL : JEITA_VOTER,11 same vote off of val=0
02-06 15:46:55.295     0     0 E USB_ICL : JEITA_VOTER,11 Ignoring similar vote off of val=0
02-06 15:46:55.295     0     0 I QCOM-STEPCHG: handle_jeita:  jeita vote fv_uv:4400000 last_vol:4400000
02-06 15:46:55.295     0     0 E FV      : JEITA_VOTER,3 same vote on of val=4400000
02-06 15:46:55.295     0     0 E FV      : JEITA_VOTER,3 Ignoring similar vote on of val=4400000
02-06 15:46:55.295     0     0 E FCC     : STEP_CHG_VOTER,4 same vote off of val=0
02-06 15:46:55.295     0     0 E FCC     : STEP_CHG_VOTER,4 Ignoring similar vote off of val=0
02-06 15:46:55.296     0     0 I pmi632_charger: smblib_get_prop_usb_online: POWER_PATH_STATUS = 0x95
02-06 15:46:55.296     0     0 I pmi632_charger: smblib_get_prop_batt_health: BATTERY_CHARGER_STATUS_2 = 0x28
02-06 15:46:55.296     0     0 I pmi632_charger: smblib_get_prop_batt_health: BATTERY_CHARGER_STATUS_2 = 0x28
02-06 15:46:55.297     0     0 I pmi632_charger: smblib_get_prop_usb_online: POWER_PATH_STATUS = 0x95
02-06 15:46:55.297     0     0 I pmi632_charger: smblib_get_prop_usb_online: POWER_PATH_STATUS = 0x95
02-06 15:46:55.297     0     0 I pmi632_charger: smblib_get_charge_param: usb input current limit = 1500000 (0x1e)
02-06 15:46:55.297     0     0 I pmi632_charger: smblib_get_charge_param: input current limit status = 1000000 (0x14)
02-06 15:46:55.297     0     0 W healthd : battery l=100 v=4343 t=26.5 h=2 st=5 c=0 fc=3984000 cc=8 tl=0 ct=USB_CDP pluged=1 chg=a
02-06 15:46:55.297     0     0 I         : length 2 addr=48c0
02-06 15:46:55.297     0     0 I val[0]  : 2b
02-06 15:46:55.297     0     0 I val[1]  : 57
02-06 15:46:55.297     0     0 I addr=4842 mask: 01 val: 01
02-06 15:46:55.297     0     0 I         : length 2 addr=48c6
02-06 15:46:55.297     0     0 I val[0]  : 00
02-06 15:46:55.297     0     0 I val[1]  : 00
02-06 15:46:55.297     0     0 I addr=4842 mask: 01 val: 00
02-06 15:46:55.300     0     0 I pmi632_charger: smblib_get_prop_usb_online: POWER_PATH_STATUS = 0x95
02-06 15:46:55.300     0     0 I pmi632_charger: smblib_get_prop_batt_health: BATTERY_CHARGER_STATUS_2 = 0x28
02-06 15:46:55.300     0     0 I pmi632_charger: smblib_get_prop_batt_health: BATTERY_CHARGER_STATUS_2 = 0x28
02-06 15:46:55.300     0     0 I pmi632_charger: smblib_get_prop_usb_online: POWER_PATH_STATUS = 0x95
02-06 15:46:55.300     0     0 I pmi632_charger: smblib_get_prop_usb_online: POWER_PATH_STATUS = 0x95
02-06 15:46:55.300     0     0 I pmi632_charger: smblib_get_charge_param: usb input current limit = 1500000 (0x1e)
02-06 15:46:55.300     0     0 I pmi632_charger: smblib_get_charge_param: input current limit status = 1000000 (0x14)
02-06 15:46:55.420 24714 24714 I PowerSaveService: onReceive: android.intent.action.BATTERY_CHANGED
02-06 15:46:55.421 24714 24714 I PowerNoticeUI: handleBatteryChanged oldPlugType 1 mPlugType 1 oldBatteryLevel 100 mBatteryLevel 100 temperature 265
02-06 15:46:55.421 24714 24714 I ChargerBatteryIntelligenceReceiver: onBatteryChanged temperature：26,plugType:1
02-06 15:46:55.421 24714 24714 I PowerFeatureUtils: getVendorName:qcom
02-06 15:46:55.422  6165  6539 D PowerCheckerService: onBatteryChanged, mBatteryLevel = 100, status = 5, level = 100, plug = 1, scale = 100
02-06 15:46:55.423 28090 28090 D DeviceStatisticsService: chargerType=1 batteryLevel=100 totalBatteryCapacity=3864400
02-06 15:46:55.423 28090 28090 D DeviceInfoHidlClient: isPowerInfoNeverSent()=true
02-06 15:46:55.428  2362  2362 D BatteryController: onReceive: Intent = Intent { act=android.intent.action.BATTERY_CHANGED flg=0x60000010 (has extras) } action = android.intent.action.BATTERY_CHANGED
02-06 15:46:55.429  2362  2362 D KeyguardUpdateMonitor: received broadcast android.intent.action.BATTERY_CHANGED
02-06 15:46:55.461 32127 32141 I .minima.androi: Background concurrent copying GC freed 676784(44MB) AllocSpace objects, 20(11MB) LOS objects, 18% free, 107MB/131MB, paused 116us total 545.432ms
02-06 15:46:55.326     0     0 I chatty  : uid=0(root) logd identical 1 line
02-06 15:46:55.327     0     0 I pmi632_charger: smblib_get_charge_param: input current limit status = 1000000 (0x14)
02-06 15:46:55.356     0     0 I pmi632_charger: smblib_get_prop_usb_online: POWER_PATH_STATUS = 0x95
02-06 15:46:55.356     0     0 I pmi632_charger: smblib_get_prop_batt_health: BATTERY_CHARGER_STATUS_2 = 0x28
02-06 15:46:55.356     0     0 E batteryd: /sys/class/power_supply/usb/real_type = USB_CDP
02-06 15:46:55.542  2696  6188 I SarService: Receiver polling >>>> Change receiver mode: off
02-06 15:46:55.671 17737 17737 E adbd    : failed to connect to socket 'tcp:9005': Connection refused
02-06 15:46:55.679 17737 17737 E adbd    : failed to connect to socket 'tcp:9005': Connection refused
02-06 15:46:55.743  2696  6188 I SarService: Receiver polling >>>> Change receiver mode: off
02-06 15:46:55.760  4069  4069 I CNSS    : Failed to send nl message
02-06 15:46:55.761  4069  4069 I CNSS    : Failed to send nl message
02-06 15:46:55.918 32127 32141 I .minima.androi: Background young concurrent copying GC freed 443360(36MB) AllocSpace objects, 0(0B) LOS objects, 15% free, 110MB/131MB, paused 83us total 222.658ms
02-06 15:46:55.821     0     0 I init    : starting service 'qccsyshalservice'...
02-06 15:46:55.939 32127 32164 I System.out: Minima @ 06/02/2026 15:46:55 [112,2 MB] : Loading SSL Keystore.. 
02-06 15:46:55.943  2696  6188 I SarService: Receiver polling >>>> Change receiver mode: off
02-06 15:46:55.960 32189 32189 I qccsyshalservice: Start with system binder
02-06 15:46:55.961 32189 32189 I qccsyshalservice: Registering qccsyshal service...
02-06 15:46:55.962   499   499 I hwservicemanager: getTransport: Cannot find entry vendor.qti.hardware.qccsyshal@1.0::IQccsyshal/qccsyshal in either framework or device manifest.
02-06 15:46:55.962 32189 32189 E HidlServiceManagement: Service vendor.qti.hardware.qccsyshal@1.0::IQccsyshal/qccsyshal must be in VINTF manifest in order to register/get.
02-06 15:46:55.962 32189 32189 E qccsyshalservice: [ERROR] registerAsService() failed with status: -2147483648
02-06 15:46:55.857     0     0 I init    : Service 'qccsyshalservice' (pid 32189) exited with status 1
02-06 15:46:55.857     0     0 I init    : Sending signal 9 to service 'qccsyshalservice' (pid 32189) process group...
02-06 15:46:55.857     0     0 I libprocessgroup: Successfully killed process cgroup uid 1000 pid 32189 in 0ms
02-06 15:46:56.144  2696  6188 I SarService: Receiver polling >>>> Change receiver mode: off
02-06 15:46:56.198 17737 17737 E adbd    : failed to connect to socket 'tcp:9001': Connection refused
02-06 15:46:56.206 17737 17737 E adbd    : failed to connect to socket 'tcp:9001': Connection refused
02-06 15:46:56.344  2696  6188 I SarService: Receiver polling >>>> Change receiver mode: off
02-06 15:46:56.544  2696  6188 I SarService: Receiver polling >>>> Change receiver mode: off
02-06 15:46:56.599 32127 32141 I .minima.androi: Background concurrent copying GC freed 1091102(106MB) AllocSpace objects, 1(2180KB) LOS objects, 16% free, 124MB/148MB, paused 143us total 562.600ms
02-06 15:46:56.726 17737 17737 E adbd    : failed to connect to socket 'tcp:9003': Connection refused
02-06 15:46:56.733 17737 17737 E adbd    : failed to connect to socket 'tcp:9003': Connection refused
02-06 15:46:56.727 31444 31444 W ThreadPoolForeg: type=1400 audit(0.0:86889): avc: denied { write } for name="traced_producer" dev="tmpfs" ino=417 scontext=u:r:gmscore_app:s0:c512,c768 tcontext=u:object_r:traced_producer_socket:s0 tclass=sock_file permissive=0 app=com.google.android.gms
02-06 15:46:56.745  2696  6188 I SarService: Receiver polling >>>> Change receiver mode: off
02-06 15:46:56.915 32127 32141 I .minima.androi: Background young concurrent copying GC freed 340167(62MB) AllocSpace objects, 0(0B) LOS objects, 16% free, 118MB/142MB, paused 144us total 190.595ms
02-06 15:46:56.946  2696  6188 I SarService: Receiver polling >>>> Change receiver mode: off
02-06 15:46:57.146  2696  6188 I SarService: Receiver polling >>>> Change receiver mode: off
02-06 15:46:57.213 32127 32141 I .minima.androi: Background young concurrent copying GC freed 299316(55MB) AllocSpace objects, 0(0B) LOS objects, 17% free, 116MB/140MB, paused 159us total 175.102ms
02-06 15:46:57.253 17737 17737 E adbd    : failed to connect to socket 'tcp:9004': Connection refused
02-06 15:46:57.261 17737 17737 E adbd    : failed to connect to socket 'tcp:9004': Connection refused
02-06 15:46:57.346  2696  6188 I SarService: Receiver polling >>>> Change receiver mode: off
02-06 15:46:57.500  4069  4069 I CNSS    : Failed to send nl message
02-06 15:46:57.503  4069  4069 I CNSS    : Failed to send nl message
02-06 15:46:57.503 32127 32141 I .minima.androi: Background young concurrent copying GC freed 285655(52MB) AllocSpace objects, 0(0B) LOS objects, 17% free, 116MB/140MB, paused 137us total 167.480ms
02-06 15:46:57.505  4069  4069 I CNSS    : Failed to send nl message
02-06 15:46:57.510  4069  4069 I chatty  : uid=1000(system) /system/vendor/bin/cnss_diag identical 2 lines
02-06 15:46:57.512  4069  4069 I CNSS    : Failed to send nl message
02-06 15:46:57.547  2696  6188 I SarService: Receiver polling >>>> Change receiver mode: off
02-06 15:46:57.560  4069  4069 I CNSS    : Failed to send nl message
02-06 15:46:57.569  4069  4069 I chatty  : uid=1000(system) /system/vendor/bin/cnss_diag identical 2 lines
02-06 15:46:57.571  4069  4069 I CNSS    : Failed to send nl message
02-06 15:46:57.747  2696  6188 I SarService: Receiver polling >>>> Change receiver mode: off
02-06 15:46:57.781 17737 17737 E adbd    : failed to connect to socket 'tcp:9002': Connection refused
02-06 15:46:57.790 17737 17737 E adbd    : failed to connect to socket 'tcp:9002': Connection refused
02-06 15:46:57.800 32127 32141 I .minima.androi: Background young concurrent copying GC freed 280808(51MB) AllocSpace objects, 0(0B) LOS objects, 16% free, 117MB/140MB, paused 134us total 171.644ms
02-06 15:46:57.905  4222  4400 I MediaProvider: Deleted paths_hashcode:1:1362203814 items on external due to com.android.shell
02-06 15:46:57.907 17737 17737 W /apex/com.android.adbd/bin/adbd: type=1400 audit(0.0:86890): avc: denied { search } for comm=73796E6320737663203232 name="oem" dev="dm-0" ino=54 scontext=u:r:adbd:s0 tcontext=u:object_r:oemfs:s0 tclass=dir permissive=0
02-06 15:46:57.933  4222  9179 I MediaProvider: Deleted paths_hashcode:1:-506403637 items on external due to com.android.shell
02-06 15:46:57.927 17737 17737 W /apex/com.android.adbd/bin/adbd: type=1400 audit(0.0:86891): avc: denied { search } for comm=73796E6320737663203232 name="oem" dev="dm-0" ino=54 scontext=u:r:adbd:s0 tcontext=u:object_r:oemfs:s0 tclass=dir permissive=0
02-06 15:46:57.946  4222  9180 I MediaProvider: Deleted paths_hashcode:1:-378298952 items on external due to com.android.shell
02-06 15:46:57.948  2696  6188 I SarService: Receiver polling >>>> Change receiver mode: off
02-06 15:46:57.937 17737 17737 W /apex/com.android.adbd/bin/adbd: type=1400 audit(0.0:86892): avc: denied { search } for comm=73796E6320737663203232 name="oem" dev="dm-0" ino=54 scontext=u:r:adbd:s0 tcontext=u:object_r:oemfs:s0 tclass=dir permissive=0
02-06 15:46:57.952  4222  4358 D MediaProvider: deleteAndInvalidate path = /storage/emulated/0/Pictures/.thumbnails/195.jpg
02-06 15:46:57.968  4222  9177 I MediaProvider: Deleted paths_hashcode:1:1450454711 items on external due to com.android.shell
02-06 15:46:57.971  1663  2223 I MiuiNetworkPolicy: updateUidState uid = 10084, uidState = 5
02-06 15:46:57.979 28831 28848 W MiuiGallery2_ExternalScanResolver: [Binder:28831_2] - [com.android.providers.media.module] not a registered application.
02-06 15:46:57.980  4222  4358 D NoMediaRecorder: call gallery scan + /storage/emulated/0/Download/MinimaDapps/MetaChain/icon.png
02-06 15:46:57.977 17737 17737 W /apex/com.android.adbd/bin/adbd: type=1400 audit(0.0:86893): avc: denied { search } for comm=73796E6320737663203232 name="oem" dev="dm-0" ino=54 scontext=u:r:adbd:s0 tcontext=u:object_r:oemfs:s0 tclass=dir permissive=0
02-06 15:46:57.989 28831 28848 W MiuiGallery2_ExternalScanResolver: [Binder:28831_2] - [com.android.providers.media.module] not a registered application.
02-06 15:46:57.990  4222  4358 D NoMediaRecorder: call gallery scan + /storage/emulated/0/Download/MinimaDapps/MetaChain/favicon.ico
02-06 15:46:58.003  4222  4358 D MediaProvider: deleteAndInvalidate path = /storage/emulated/0/Pictures/.thumbnails/196.jpg
02-06 15:46:58.009  4222  4401 I MediaProvider: Deleted paths_hashcode:1:-515168623 items on external due to com.android.shell
02-06 15:46:57.997 17737 17737 W /apex/com.android.adbd/bin/adbd: type=1400 audit(0.0:86894): avc: denied { search } for comm=73796E6320737663203232 name="oem" dev="dm-0" ino=54 scontext=u:r:adbd:s0 tcontext=u:object_r:oemfs:s0 tclass=dir permissive=0
02-06 15:46:58.013 28831 28848 W MiuiGallery2_ExternalScanResolver: [Binder:28831_2] - [com.android.providers.media.module] not a registered application.
02-06 15:46:58.013  4222  4358 D NoMediaRecorder: call gallery scan + /storage/emulated/0/Download/MinimaDapps/MetaChain/default_avatar.svg
02-06 15:46:58.016  4222  4358 D MediaProvider: deleteAndInvalidate path = /storage/emulated/0/Pictures/.thumbnails/197.jpg
02-06 15:46:58.023  4222  5666 I MediaProvider: Deleted paths_hashcode:1:-936272591 items on external due to com.android.shell
02-06 15:46:58.017 17737 17737 W /apex/com.android.adbd/bin/adbd: type=1400 audit(0.0:86895): avc: denied { search } for comm=73796E6320737663203232 name="oem" dev="dm-0" ino=54 scontext=u:r:adbd:s0 tcontext=u:object_r:oemfs:s0 tclass=dir permissive=0
02-06 15:46:58.037  4222  4400 I MediaProvider: Deleted paths_hashcode:1:1734073557 items on external due to com.android.shell
02-06 15:46:58.027 17737 17737 W /apex/com.android.adbd/bin/adbd: type=1400 audit(0.0:86896): avc: denied { search } for comm=73796E6320737663203232 name="oem" dev="dm-0" ino=54 scontext=u:r:adbd:s0 tcontext=u:object_r:oemfs:s0 tclass=dir permissive=0
02-06 15:46:58.064  4222  9179 I MediaProvider: Deleted paths_hashcode:1:2131354204 items on external due to com.android.shell
02-06 15:46:58.057 17737 17737 W /apex/com.android.adbd/bin/adbd: type=1400 audit(0.0:86897): avc: denied { search } for comm=73796E6320737663203232 name="oem" dev="dm-0" ino=54 scontext=u:r:adbd:s0 tcontext=u:object_r:oemfs:s0 tclass=dir permissive=0
02-06 15:46:58.078  4222  9180 I MediaProvider: Deleted paths_hashcode:1:-1894794200 items on external due to com.android.shell
02-06 15:46:58.077 17737 17737 W /apex/com.android.adbd/bin/adbd: type=1400 audit(0.0:86898): avc: denied { search } for comm=73796E6320737663203232 name="oem" dev="dm-0" ino=54 scontext=u:r:adbd:s0 tcontext=u:object_r:oemfs:s0 tclass=dir permissive=0
02-06 15:46:58.094 32127 32141 I .minima.androi: Background young concurrent copying GC freed 277794(51MB) AllocSpace objects, 0(0B) LOS objects, 16% free, 116MB/140MB, paused 664us total 173.325ms
02-06 15:46:58.096  4222  9177 I MediaProvider: Deleted paths_hashcode:1:1101789646 items on external due to com.android.shell
02-06 15:46:57.991     0     0 W audit   : audit_lost=69220 audit_rate_limit=5 audit_backlog_limit=64
02-06 15:46:57.991     0     0 E audit   : rate limit exceeded
02-06 15:46:58.110  4069  4069 I CNSS    : Failed to send nl message
02-06 15:46:58.120  4069  4069 I chatty  : uid=1000(system) /system/vendor/bin/cnss_diag identical 4 lines
02-06 15:46:58.122  4069  4069 I CNSS    : Failed to send nl message
02-06 15:46:58.123  4222  5666 I MediaProvider: Deleted paths_hashcode:1:-264122441 items on external due to com.android.shell
02-06 15:46:58.124  4069  4069 I CNSS    : Failed to send nl message
02-06 15:46:58.132  4069  4069 I chatty  : uid=1000(system) /system/vendor/bin/cnss_diag identical 4 lines
02-06 15:46:58.133  4069  4069 I CNSS    : Failed to send nl message
02-06 15:46:58.134  4222  4401 I MediaProvider: Deleted paths_hashcode:1:-172671870 items on external due to com.android.shell
02-06 15:46:58.134  4069  4069 I CNSS    : Failed to send nl message
02-06 15:46:58.147  4222  4400 I MediaProvider: Deleted paths_hashcode:1:1767531695 items on external due to com.android.shell
02-06 15:46:58.148  2696  6188 I SarService: Receiver polling >>>> Change receiver mode: off
02-06 15:46:58.160  4222  9179 I MediaProvider: Deleted paths_hashcode:1:1907594861 items on external due to com.android.shell
02-06 15:46:58.168  4069  4069 I CNSS    : Failed to send nl message
02-06 15:46:58.176  4069  4069 I chatty  : uid=1000(system) /system/vendor/bin/cnss_diag identical 2 lines
02-06 15:46:58.179  4069  4069 I CNSS    : Failed to send nl message
02-06 15:46:58.182  4222  9180 I MediaProvider: Deleted paths_hashcode:1:-2115421502 items on external due to com.android.shell
02-06 15:46:58.195  4222  9177 I MediaProvider: Deleted paths_hashcode:1:-1975810004 items on external due to com.android.shell
02-06 15:46:58.207  4222  5666 I MediaProvider: Deleted paths_hashcode:1:269749340 items on external due to com.android.shell
02-06 15:46:58.234  4222  4401 I MediaProvider: Deleted paths_hashcode:1:-1630519317 items on external due to com.android.shell
02-06 15:46:58.250  4222  9179 I MediaProvider: Deleted paths_hashcode:1:744299987 items on external due to com.android.shell
02-06 15:46:58.266  4222  9180 I MediaProvider: Deleted paths_hashcode:1:-982198937 items on external due to com.android.shell
02-06 15:46:58.282  4222  4400 I MediaProvider: Deleted paths_hashcode:1:-1679822808 items on external due to com.android.shell
02-06 15:46:58.301 28831 28848 W MiuiGallery2_ExternalScanResolver: [Binder:28831_2] - [com.android.providers.media.module] not a registered application.
02-06 15:46:58.304  4222  4358 D NoMediaRecorder: call gallery scan + /storage/emulated/0/Download/MinimaDapps/MetaChain/avatars/memo_9.png
02-06 15:46:58.311  4222  9177 I MediaProvider: Deleted paths_hashcode:1:-1680746329 items on external due to com.android.shell
02-06 15:46:58.312  4222  4358 D MediaProvider: deleteAndInvalidate path = /storage/emulated/0/Pictures/.thumbnails/217.jpg
02-06 15:46:58.320  4222  4358 D MediaProvider: deleteAndInvalidate path = /storage/emulated/0/Pictures/.thumbnails/218.jpg
02-06 15:46:58.323 28831 28848 W MiuiGallery2_ExternalScanResolver: [Binder:28831_2] - [com.android.providers.media.module] not a registered application.
02-06 15:46:58.323  4222  4358 D NoMediaRecorder: call gallery scan + /storage/emulated/0/Download/MinimaDapps/MetaChain/avatars/memo_8.png
02-06 15:46:58.331  4222  5666 I MediaProvider: Deleted paths_hashcode:1:-1681669850 items on external due to com.android.shell
02-06 15:46:58.334 28831 28848 W MiuiGallery2_ExternalScanResolver: [Binder:28831_2] - [com.android.providers.media.module] not a registered application.
02-06 15:46:58.334  4222  4358 D NoMediaRecorder: call gallery scan + /storage/emulated/0/Download/MinimaDapps/MetaChain/avatars/memo_7.png
02-06 15:46:58.342  4222  4358 D MediaProvider: deleteAndInvalidate path = /storage/emulated/0/Pictures/.thumbnails/219.jpg
02-06 15:46:58.344  4222  4401 I MediaProvider: Deleted paths_hashcode:1:-1682593371 items on external due to com.android.shell
02-06 15:46:58.348  2696  6188 I SarService: Receiver polling >>>> Change receiver mode: off
02-06 15:46:58.357 28831 28848 W MiuiGallery2_ExternalScanResolver: [Binder:28831_2] - [com.android.providers.media.module] not a registered application.
02-06 15:46:58.357  4222  4358 D NoMediaRecorder: call gallery scan + /storage/emulated/0/Download/MinimaDapps/MetaChain/avatars/memo_6.png
02-06 15:46:58.361  4222  4358 D MediaProvider: deleteAndInvalidate path = /storage/emulated/0/Pictures/.thumbnails/220.jpg
02-06 15:46:58.366  1663  2223 D MiuiNetworkPolicy: updateLimit mLimitEnabled=false,enabled=true,mNetworkPriorityMode=255
02-06 15:46:58.370  4222  9180 I MediaProvider: Deleted paths_hashcode:1:-1683516892 items on external due to com.android.shell
02-06 15:46:58.373 28831 28848 W MiuiGallery2_ExternalScanResolver: [Binder:28831_2] - [com.android.providers.media.module] not a registered application.
02-06 15:46:58.373  4222  4358 D NoMediaRecorder: call gallery scan + /storage/emulated/0/Download/MinimaDapps/MetaChain/avatars/memo_5.png
02-06 15:46:58.383  4222  4358 D MediaProvider: deleteAndInvalidate path = /storage/emulated/0/Pictures/.thumbnails/221.jpg
02-06 15:46:58.386  4222  4400 I MediaProvider: Deleted paths_hashcode:1:-1684440413 items on external due to com.android.shell
02-06 15:46:58.391 28831 28848 W MiuiGallery2_ExternalScanResolver: [Binder:28831_2] - [com.android.providers.media.module] not a registered application.
02-06 15:46:58.392  4222  4358 D NoMediaRecorder: call gallery scan + /storage/emulated/0/Download/MinimaDapps/MetaChain/avatars/memo_4.png
02-06 15:46:58.397  4222  4358 D MediaProvider: deleteAndInvalidate path = /storage/emulated/0/Pictures/.thumbnails/222.jpg
02-06 15:46:58.402 32127 32141 I .minima.androi: Background young concurrent copying GC freed 272934(50MB) AllocSpace objects, 0(0B) LOS objects, 14% free, 119MB/140MB, paused 135us total 182.742ms
02-06 15:46:58.406  4222  9177 I MediaProvider: Deleted paths_hashcode:1:-702173719 items on external due to com.android.shell
02-06 15:46:58.409 28831 28848 W MiuiGallery2_ExternalScanResolver: [Binder:28831_2] - [com.android.providers.media.module] not a registered application.
02-06 15:46:58.410  4222  4358 D NoMediaRecorder: call gallery scan + /storage/emulated/0/Download/MinimaDapps/MetaChain/avatars/memo_35.png
02-06 15:46:58.413  4222  4358 D MediaProvider: deleteAndInvalidate path = /storage/emulated/0/Pictures/.thumbnails/223.jpg
02-06 15:46:58.422  4069  4069 I CNSS    : Failed to send nl message
02-06 15:46:58.423  4069  4069 I CNSS    : Failed to send nl message
02-06 15:46:58.431  4222  9179 I MediaProvider: Deleted paths_hashcode:1:-703097240 items on external due to com.android.shell
02-06 15:46:58.433 28831 28848 W MiuiGallery2_ExternalScanResolver: [Binder:28831_2] - [com.android.providers.media.module] not a registered application.
02-06 15:46:58.433  4222  4358 D NoMediaRecorder: call gallery scan + /storage/emulated/0/Download/MinimaDapps/MetaChain/avatars/memo_34.png
02-06 15:46:58.436  4222  4358 D MediaProvider: deleteAndInvalidate path = /storage/emulated/0/Pictures/.thumbnails/224.jpg
02-06 15:46:58.444  4222  5666 I MediaProvider: Deleted paths_hashcode:1:-704020761 items on external due to com.android.shell
02-06 15:46:58.446 28831 28848 W MiuiGallery2_ExternalScanResolver: [Binder:28831_2] - [com.android.providers.media.module] not a registered application.
02-06 15:46:58.446  4222  4358 D NoMediaRecorder: call gallery scan + /storage/emulated/0/Download/MinimaDapps/MetaChain/avatars/memo_33.png
02-06 15:46:58.449  4222  4358 D MediaProvider: deleteAndInvalidate path = /storage/emulated/0/Pictures/.thumbnails/225.jpg
02-06 15:46:58.456  4222  9180 I MediaProvider: Deleted paths_hashcode:1:-704944282 items on external due to com.android.shell
02-06 15:46:58.459 28831 28848 W MiuiGallery2_ExternalScanResolver: [Binder:28831_2] - [com.android.providers.media.module] not a registered application.
02-06 15:46:58.459  4222  4358 D NoMediaRecorder: call gallery scan + /storage/emulated/0/Download/MinimaDapps/MetaChain/avatars/memo_32.png
02-06 15:46:58.462  4222  4358 D MediaProvider: deleteAndInvalidate path = /storage/emulated/0/Pictures/.thumbnails/226.jpg
02-06 15:46:58.470  4222  4400 I MediaProvider: Deleted paths_hashcode:1:-705867803 items on external due to com.android.shell
02-06 15:46:58.483 28831 28848 W MiuiGallery2_ExternalScanResolver: [Binder:28831_2] - [com.android.providers.media.module] not a registered application.
02-06 15:46:58.483  4222  4358 D NoMediaRecorder: call gallery scan + /storage/emulated/0/Download/MinimaDapps/MetaChain/avatars/memo_31.png
02-06 15:46:58.486  4222  4358 D MediaProvider: deleteAndInvalidate path = /storage/emulated/0/Pictures/.thumbnails/227.jpg
02-06 15:46:58.493  4222  4401 I MediaProvider: Deleted paths_hashcode:1:-706791324 items on external due to com.android.shell
02-06 15:46:58.495 28831 28848 W MiuiGallery2_ExternalScanResolver: [Binder:28831_2] - [com.android.providers.media.module] not a registered application.
02-06 15:46:58.495  4222  4358 D NoMediaRecorder: call gallery scan + /storage/emulated/0/Download/MinimaDapps/MetaChain/avatars/memo_30.png
02-06 15:46:58.499  4222  4358 D MediaProvider: deleteAndInvalidate path = /storage/emulated/0/Pictures/.thumbnails/228.jpg
02-06 15:46:58.507  4222  9177 I MediaProvider: Deleted paths_hashcode:1:-1685363934 items on external due to com.android.shell
02-06 15:46:58.510 28831 28848 W MiuiGallery2_ExternalScanResolver: [Binder:28831_2] - [com.android.providers.media.module] not a registered application.
02-06 15:46:58.510  4222  4358 D NoMediaRecorder: call gallery scan + /storage/emulated/0/Download/MinimaDapps/MetaChain/avatars/memo_3.png
02-06 15:46:58.520  4222  4358 D MediaProvider: deleteAndInvalidate path = /storage/emulated/0/Pictures/.thumbnails/229.jpg
02-06 15:46:58.524  4222  9179 I MediaProvider: Deleted paths_hashcode:1:-727108786 items on external due to com.android.shell
02-06 15:46:58.535 28831 28848 W MiuiGallery2_ExternalScanResolver: [Binder:28831_2] - [com.android.providers.media.module] not a registered application.
02-06 15:46:58.535  4222  4358 D NoMediaRecorder: call gallery scan + /storage/emulated/0/Download/MinimaDapps/MetaChain/avatars/memo_29.png
02-06 15:46:58.538  4222  4358 D MediaProvider: deleteAndInvalidate path = /storage/emulated/0/Pictures/.thumbnails/230.jpg
02-06 15:46:58.549  2696  6188 I SarService: Receiver polling >>>> Change receiver mode: off
02-06 15:46:58.554  4222  5666 I MediaProvider: Deleted paths_hashcode:1:-728032307 items on external due to com.android.shell
02-06 15:46:58.558 28831 28848 W MiuiGallery2_ExternalScanResolver: [Binder:28831_2] - [com.android.providers.media.module] not a registered application.
02-06 15:46:58.558  4222  4358 D NoMediaRecorder: call gallery scan + /storage/emulated/0/Download/MinimaDapps/MetaChain/avatars/memo_28.png
02-06 15:46:58.561  4222  4358 D MediaProvider: deleteAndInvalidate path = /storage/emulated/0/Pictures/.thumbnails/231.jpg
02-06 15:46:58.569  4222  9180 I MediaProvider: Deleted paths_hashcode:1:-728955828 items on external due to com.android.shell
02-06 15:46:58.572 28831 28848 W MiuiGallery2_ExternalScanResolver: [Binder:28831_2] - [com.android.providers.media.module] not a registered application.
02-06 15:46:58.572  4222  4358 D NoMediaRecorder: call gallery scan + /storage/emulated/0/Download/MinimaDapps/MetaChain/avatars/memo_27.png
02-06 15:46:58.575  4222  4358 D MediaProvider: deleteAndInvalidate path = /storage/emulated/0/Pictures/.thumbnails/232.jpg
02-06 15:46:58.584  4222  4400 I MediaProvider: Deleted paths_hashcode:1:-729879349 items on external due to com.android.shell
02-06 15:46:58.588 28831 28848 W MiuiGallery2_ExternalScanResolver: [Binder:28831_2] - [com.android.providers.media.module] not a registered application.
02-06 15:46:58.588  4222  4358 D NoMediaRecorder: call gallery scan + /storage/emulated/0/Download/MinimaDapps/MetaChain/avatars/memo_26.png
02-06 15:46:58.591  4222  4358 D MediaProvider: deleteAndInvalidate path = /storage/emulated/0/Pictures/.thumbnails/233.jpg
02-06 15:46:58.600  4222  4401 I MediaProvider: Deleted paths_hashcode:1:-730802870 items on external due to com.android.shell
02-06 15:46:58.618  4222  4358 D MediaProvider: deleteAndInvalidate path = /storage/emulated/0/Pictures/.thumbnails/234.jpg
02-06 15:46:58.621 28831 28848 W MiuiGallery2_ExternalScanResolver: [Binder:28831_2] - [com.android.providers.media.module] not a registered application.
02-06 15:46:58.621  4222  4358 D NoMediaRecorder: call gallery scan + /storage/emulated/0/Download/MinimaDapps/MetaChain/avatars/memo_25.png
02-06 15:46:58.627  4222  9179 I MediaProvider: Deleted paths_hashcode:1:-731726391 items on external due to com.android.shell
02-06 15:46:58.633  4222  4358 D MediaProvider: deleteAndInvalidate path = /storage/emulated/0/Pictures/.thumbnails/235.jpg
02-06 15:46:58.638 28831 28848 W MiuiGallery2_ExternalScanResolver: [Binder:28831_2] - [com.android.providers.media.module] not a registered application.
02-06 15:46:58.639  4222  4358 D NoMediaRecorder: call gallery scan + /storage/emulated/0/Download/MinimaDapps/MetaChain/avatars/memo_24.png
02-06 15:46:58.654  4222  9177 I MediaProvider: Deleted paths_hashcode:1:-732649912 items on external due to com.android.shell
02-06 15:46:58.665 28831 28848 W MiuiGallery2_ExternalScanResolver: [Binder:28831_2] - [com.android.providers.media.module] not a registered application.
02-06 15:46:58.665  4222  4358 D NoMediaRecorder: call gallery scan + /storage/emulated/0/Download/MinimaDapps/MetaChain/avatars/memo_23.png
02-06 15:46:58.669  4222  4358 D MediaProvider: deleteAndInvalidate path = /storage/emulated/0/Pictures/.thumbnails/236.jpg
02-06 15:46:58.673  4222  5666 I MediaProvider: Deleted paths_hashcode:1:-733573433 items on external due to com.android.shell
02-06 15:46:58.679 28831 28848 W MiuiGallery2_ExternalScanResolver: [Binder:28831_2] - [com.android.providers.media.module] not a registered application.
02-06 15:46:58.679  4222  4358 D NoMediaRecorder: call gallery scan + /storage/emulated/0/Download/MinimaDapps/MetaChain/avatars/memo_22.png
02-06 15:46:58.682 32127 32141 I .minima.androi: Background young concurrent copying GC freed 269873(49MB) AllocSpace objects, 0(0B) LOS objects, 15% free, 118MB/140MB, paused 236us total 171.668ms
02-06 15:46:58.683  4222  4358 D MediaProvider: deleteAndInvalidate path = /storage/emulated/0/Pictures/.thumbnails/237.jpg
02-06 15:46:58.702  4222  4400 I MediaProvider: Deleted paths_hashcode:1:-734496954 items on external due to com.android.shell
02-06 15:46:58.704 28831 28848 W MiuiGallery2_ExternalScanResolver: [Binder:28831_2] - [com.android.providers.media.module] not a registered application.
02-06 15:46:58.704  4222  4358 D NoMediaRecorder: call gallery scan + /storage/emulated/0/Download/MinimaDapps/MetaChain/avatars/memo_21.png
02-06 15:46:58.707  4222  4358 D MediaProvider: deleteAndInvalidate path = /storage/emulated/0/Pictures/.thumbnails/238.jpg
02-06 15:46:58.715  4222  9180 I MediaProvider: Deleted paths_hashcode:1:-735420475 items on external due to com.android.shell
02-06 15:46:58.717 28831 28848 W MiuiGallery2_ExternalScanResolver: [Binder:28831_2] - [com.android.providers.media.module] not a registered application.
02-06 15:46:58.718  4222  4358 D NoMediaRecorder: call gallery scan + /storage/emulated/0/Download/MinimaDapps/MetaChain/avatars/memo_20.png
02-06 15:46:58.720  4222  4358 D MediaProvider: deleteAndInvalidate path = /storage/emulated/0/Pictures/.thumbnails/239.jpg
02-06 15:46:58.728  4222  9179 I MediaProvider: Deleted paths_hashcode:1:-1686287455 items on external due to com.android.shell
02-06 15:46:58.729  4069  4069 I CNSS    : Failed to send nl message
02-06 15:46:58.731 28831 28848 W MiuiGallery2_ExternalScanResolver: [Binder:28831_2] - [com.android.providers.media.module] not a registered application.
02-06 15:46:58.731  4069  4069 I CNSS    : Failed to send nl message
02-06 15:46:58.732  4222  4358 D NoMediaRecorder: call gallery scan + /storage/emulated/0/Download/MinimaDapps/MetaChain/avatars/memo_2.png
