02-06 15:47:04.658  1663  4853 D MiuiMultiWindowAdapter: MiuiMultiWindowAdapter::getFreeformBlackList::sSmallWindowBlackList = [com.miui.securitycenter, com.miui.weather2, com.miui.miservice, com.android.calendar, com.xiaomi.calendar, com.android.contacts, com.miui.mishare.connectivity, com.android.settings, com.android.printspooler, com.miui.backup, com.miui.huanji, com.miui.calculator, com.android.deskclock, com.android.thememanager, com.mfashiongallery.emag, com.miui.virtualsim, com.miui.smarttravel, com.mi.health, com.android.camera, com.lbe.security.miui, com.miui.cleanmaster, com.miui.newhome, com.miui.voiceassist, com.android.phone, com.miui.yellowpage, com.android.updater, com.miui.tsmclient, com.miui.securitycore, com.xiaomi.account, com.xiaomi.shop, com.mipay.wallet, com.xiaomi.youpin, com.xiaomi.hm.health, com.miui.bugreport, com.xiaomi.mibrain.speech, com.xiaomi.mimoji, com.xiaomi.scanner, com.duokan.phone.remotecontroller, com.miui.hybrid, com.android.incallui, com.miui.video, com.miui.videoplayer, com.miui.player, com.miui.fm, com.miui.packageinstaller, com.mi.android.globallauncher, com.google.android.dialer, com.google.android.apps.magazines, com.miui.compass, com.miui.greenguard, com.kiteguard, com.google.android.apps.prodcasts, com.google.ar.lens, com.xiangkan.android, com.android.bankabc, com.sohu.inputmethod.sogou, com.tencent.mtt, com.shyz.toutiao, com.netease.mc.mi, com.outfit7.talkingtomgoldrun.mi, com.doudz.mi, com.wepie.snake.new.mi, cn.jj, com.standddz002.mi, com.miHoYo.bh3.mi, com.qqgame.hlddz, com.happyelements.AndroidAnimal, com.minitech.miniworld.TMobile.mi, com.mfp.jelly.xiaomi, com.lilithgames.afk.mi, com.tencent.peng, com.teenpatti.hd.gold, blockpuzzle.jewelgames.jewelslegend, com.playgendary.tanks, com.chillingo.robberybobfree.android.row, com.episodeinteractive.android.catalog, com.playrix.township, com.ansangha.drdriving, com.google.android.youtube, com.gbits.atm.mi]
02-06 15:47:04.668  1663  4853 D CompatibilityInfo: mCompatibilityFlags - 0
02-06 15:47:04.668  1663  4853 D CompatibilityInfo: applicationDensity - 440
02-06 15:47:04.668  1663  4853 D CompatibilityInfo: applicationScale - 1.0
02-06 15:47:04.672  1663  4853 D ActivityTrigger: ActivityTrigger activityPauseTrigger 
02-06 15:47:04.676  4069  4069 I CNSS    : Failed to send nl message
02-06 15:47:04.677 32127 32127 W Activity: Slow Operation: Activity com.minima.android/.browser.MiniBrowser onCreate took 706ms
02-06 15:47:04.693 32127 32127 D DecorView[]: getWindowModeFromSystem  windowmode is 1
02-06 15:47:04.706 20419 20419 D RecentsImpl: mActivityStateObserver com.minima.android.browser.MiniBrowser
02-06 15:47:04.706 20419 20419 W RecentsImpl: onResumed className=com.minima.android.browser.MiniBrowser   mIsInAnotherPro=false
02-06 15:47:04.716 32295 32324 W chromium: [WARNING:content/child/runtime_features.cc:561] Fenced frames cannot be enabled in this configuration. Use --enable-features=FencedFrames instead.
02-06 15:47:04.716 32295 32324 W chromium: [WARNING:content/child/runtime_features.cc:586] Topics cannot be enabled in this configuration. Use --enable-features=BrowsingTopics in addition.
02-06 15:47:04.716 32295 32324 W chromium: [WARNING:content/child/runtime_features.cc:607] SharedStorage cannot be enabled in this configuration. Use --enable-features=SharedStorageAPI in addition.
02-06 15:47:04.721 32127 32127 W Looper  : PerfMonitor looperActivity : package=com.minima.android/.browser.MiniBrowser time=0ms latency=772ms running=0ms  procState=2 ClientTransaction{ callbacks=[android.app.servertransaction.TopResumedActivityChangeItem] } historyMsgCount=4 (msgIndex=4 wall=750ms seq=60 running=348ms runnable=85ms late=7ms h=android.app.ActivityThread$H w=159)
02-06 15:47:04.725 32127 32337 I CameraManagerGlobal: Connecting to camera service
02-06 15:47:04.732 32127 32127 W ContentCatcher: Failed to notify a WebView
02-06 15:47:04.737  1069  2335 W ServiceManager: Permission failure: android.permission.CAMERA_OPEN_CLOSE_LISTENER from uid=10251 pid=32127
02-06 15:47:04.737 32127 32337 W CameraManagerGlobal: [soar.cts] ignore the status update of camera: 20
02-06 15:47:04.737 32127 32337 W CameraManagerGlobal: [soar.cts] ignore the status update of camera: 21
02-06 15:47:04.737 32127 32337 W CameraManagerGlobal: [soar.cts] ignore the status update of camera: 22
02-06 15:47:04.737 32127 32337 W CameraManagerGlobal: [soar.cts] ignore the status update of camera: 61
02-06 15:47:04.739 32127 32146 W CameraManagerGlobal: ignore the torch status update of camera: 21
02-06 15:47:04.739 32127 32147 W CameraManagerGlobal: ignore the torch status update of camera: 22
02-06 15:47:04.739 32127 32147 W CameraManagerGlobal: ignore the torch status update of camera: 61
02-06 15:47:04.762  2696  6188 I SarService: Receiver polling >>>> Change receiver mode: off
02-06 15:47:04.790 31444 31826 I FontLog : (REDACTED) Received query %s, URI %s
02-06 15:47:04.790 31444 31826 I FontLog : (REDACTED) Query [%s] resolved to %s
02-06 15:47:04.793 31444 31826 I FontLog : (REDACTED) Font PFD returned from cache for %s
02-06 15:47:04.793 31444 31826 I FontLog : (REDACTED) Fetch %s end status %s
02-06 15:47:04.799 31444 31826 I FontLog : (REDACTED) Pulling font file for id = %d, cache size = %d
02-06 15:47:04.806 31444 31826 I FontLog : (REDACTED) Received query %s, URI %s
02-06 15:47:04.807 31444 31826 I FontLog : (REDACTED) Query [%s] resolved to %s
02-06 15:47:04.809 31444 31826 I FontLog : (REDACTED) Fetch %s end status %s
02-06 15:47:04.818  1663  1769 I Timeline: Timeline: App_transition_stopped time:94333067
02-06 15:47:04.830 31444 31826 I FontLog : (REDACTED) Pulling font file for id = %d, cache size = %d
02-06 15:47:04.836  1663  4848 D CompatibilityInfo: mCompatibilityFlags - 0
02-06 15:47:04.836  1663  4848 D CompatibilityInfo: applicationDensity - 440
02-06 15:47:04.836  1663  4848 D CompatibilityInfo: applicationScale - 1.0
02-06 15:47:04.843 31444 31819 I FontLog : (REDACTED) Received query %s, URI %s
02-06 15:47:04.843 31444 31819 I FontLog : (REDACTED) Query [%s] resolved to %s
02-06 15:47:04.845 31444 31819 I FontLog : (REDACTED) Font PFD returned from cache for %s
02-06 15:47:04.845 31444 31819 I FontLog : (REDACTED) Fetch %s end status %s
02-06 15:47:04.853 32295 32324 E libc    : Access denied finding property "ro.vendor.api_level"
02-06 15:47:04.865 31444 31826 I FontLog : (REDACTED) Pulling font file for id = %d, cache size = %d
02-06 15:47:04.869  4069  4069 I CNSS    : Failed to send nl message
02-06 15:47:04.870  1663  1769 I Timeline: Timeline: Activity_windows_visible id: ActivityRecord{8acdb0c u0 com.minima.android/.browser.MiniBrowser t259} time:94333119
02-06 15:47:04.873 32127 32292 I cr_X509Util: Failed to validate the certificate chain, error: java.security.cert.CertPathValidatorException: Trust anchor for certification path not found.
02-06 15:47:04.875 32127 32321 W VideoCapabilities: Unsupported mime image/vnd.android.heic
02-06 15:47:04.877 31444 31826 I FontLog : (REDACTED) Received query %s, URI %s
02-06 15:47:04.877 31444 31826 I FontLog : (REDACTED) Query [%s] resolved to %s
02-06 15:47:04.878  1663  2175 D MIUIInput: [FoucsChange]: Display  0 FocusedWindow From null(0,0)  to Window{c17b93d mode=0 rootTaskId=259 u0 com.minima.android/com.minima.android.browser.MiniBrowser}(1,1)
02-06 15:47:04.879 31444 31826 I FontLog : (REDACTED) Font PFD returned from cache for %s
02-06 15:47:04.879 31444 31826 I FontLog : (REDACTED) Fetch %s end status %s
02-06 15:47:04.883 32127 32316 E chromium: [ERROR:net/socket/ssl_client_socket_impl.cc:916] handshake failed; returned -1, SSL error code 1, net_error -202
02-06 15:47:04.889  1663  3448 I ActivityTaskManager: The Process com.google.android.permissioncontroller Already Exists in BG. So sending its PID: 28333
02-06 15:47:04.889  1663  3448 W ActivityTaskManager: Tried to set launchTime (0) < mLastActivityLaunchTime (94205939)
02-06 15:47:04.891 32127 32321 W VideoCapabilities: Unrecognized profile/level 0/3 for video/mpeg2
02-06 15:47:04.892 32127 32321 W VideoCapabilities: Unrecognized profile/level 0/3 for video/mpeg2
02-06 15:47:04.892  1663  3448 D CompatibilityInfo: mCompatibilityFlags - 0
02-06 15:47:04.892  1663  3448 D CompatibilityInfo: applicationDensity - 440
02-06 15:47:04.892  1663  3448 D CompatibilityInfo: applicationScale - 1.0
02-06 15:47:04.894  6165  6184 D PerfEngineController: ForegroundInfo{mForegroundPackageName='com.google.android.permissioncontroller', mForegroundUid=10246, mForegroundPid=28333, mLastForegroundPackageName='com.minima.android', mLastForegroundUid=10251, mLastForegroundPid=32127, mMultiWindowForegroundPackageName='null', mMultiWindowForegroundUid=-1, mFlags=0}
02-06 15:47:04.894 21080 21098 D AutoInstallService: onForegroundInfoChanged: com.google.android.permissioncontroller
02-06 15:47:04.894  6165 10231 W MessageQueue: Handler (com.miui.powerkeeper.feedbackcontrol.FeedbackControlService$FeedbackControlHandler) {9885f8e} sending message to a Handler on a dead thread
02-06 15:47:04.894  6165 10231 W MessageQueue: java.lang.IllegalStateException: Handler (com.miui.powerkeeper.feedbackcontrol.FeedbackControlService$FeedbackControlHandler) {9885f8e} sending message to a Handler on a dead thread
02-06 15:47:04.894  6165 10231 W MessageQueue: 	at android.os.MessageQueue.enqueueMessage(MessageQueue.java:563)
02-06 15:47:04.894  6165 10231 W MessageQueue: 	at android.os.Handler.enqueueMessage(Handler.java:778)
02-06 15:47:04.894  6165 10231 W MessageQueue: 	at android.os.Handler.sendMessageAtTime(Handler.java:727)
02-06 15:47:04.894  6165 10231 W MessageQueue: 	at com.miui.powerkeeper.event.EventsAggregator$EventRegistrant.notifyResult(Unknown Source:26)
02-06 15:47:04.894  6165 10231 W MessageQueue: 	at com.miui.powerkeeper.event.EventsAggregator.notifyForForegroundInfo(Unknown Source:47)
02-06 15:47:04.894  6165 10231 W MessageQueue: 	at com.miui.powerkeeper.utils.ProcessObserver.notifyForegroundListener(Unknown Source:17)
02-06 15:47:04.894  6165 10231 W MessageQueue: 	at com.miui.powerkeeper.utils.ProcessObserver.access$1000(Unknown Source:0)
02-06 15:47:04.894  6165 10231 W MessageQueue: 	at com.miui.powerkeeper.utils.ProcessObserver$2.onForegroundInfoChanged(Unknown Source:2)
02-06 15:47:04.894  6165 10231 W MessageQueue: 	at miui.process.IForegroundInfoListener$Stub.onTransact(IForegroundInfoListener.java:87)
02-06 15:47:04.894  6165 10231 W MessageQueue: 	at android.os.Binder.execTransactInternal(Binder.java:1159)
02-06 15:47:04.894  6165 10231 W MessageQueue: 	at android.os.Binder.execTransact(Binder.java:1123)
02-06 15:47:04.895  6165  6629 I ThermalInfoCollector: collectForgroundAppsInfo
02-06 15:47:04.895 24714 31033 I ProcessMonitor: onForegroundInfoChanged: ForegroundInfo{mForegroundPackageName='com.google.android.permissioncontroller', mForegroundUid=10246, mForegroundPid=28333, mLastForegroundPackageName='com.minima.android', mLastForegroundUid=10251, mLastForegroundPid=32127, mMultiWindowForegroundPackageName='null', mMultiWindowForegroundUid=-1, mFlags=0}
02-06 15:47:04.896 24714 31033 I VideoBoxUtils: isSupportVideoBox: false
02-06 15:47:04.896 24714 31033 I VideoToolBoxService: vtb is closed!!!
02-06 15:47:04.900 31444 31826 I FontLog : (REDACTED) Pulling font file for id = %d, cache size = %d
02-06 15:47:04.905  1663  3448 I Timeline: Timeline: App_transition_ready time:94333153
02-06 15:47:04.906 31444 31826 I FontLog : (REDACTED) Received query %s, URI %s
02-06 15:47:04.909  1663  1769 I Timeline: Timeline: App_transition_ready time:94333158
02-06 15:47:04.923 31444 31826 I FontLog : (REDACTED) Query [%s] resolved to %s
02-06 15:47:04.925 31444 31826 I FontLog : (REDACTED) Font PFD returned from cache for %s
02-06 15:47:04.925 31444 31826 I FontLog : (REDACTED) Fetch %s end status %s
02-06 15:47:04.937  1663  2223 I MiuiNetworkPolicy: updateUidState uid = 10246, uidState = 2
02-06 15:47:04.937  5825  3843 D PMonitor:  onForegroundActivitiesChanged:pid = 28333,activity-uid=10246,foregroundActivities=true
02-06 15:47:04.942 31444 31826 I FontLog : (REDACTED) Pulling font file for id = %d, cache size = %d
02-06 15:47:04.944  1663  3448 D MIUIInput: [FoucsChange]: Display  0 FocusedWindow From Window{c17b93d mode=0 rootTaskId=259 u0 com.minima.android/com.minima.android.browser.MiniBrowser}(1,0)  to null(0,0)
02-06 15:47:04.962  2696  6188 I SarService: Receiver polling >>>> Change receiver mode: off
02-06 15:47:04.971  4069  4069 I CNSS    : Failed to send nl message
02-06 15:47:04.980  1663  3448 I Timeline: Timeline: App_transition_ready time:94333228
02-06 15:47:04.989  4069  4069 I chatty  : uid=1000(system) /system/vendor/bin/cnss_diag identical 5 lines
02-06 15:47:04.990  4069  4069 I CNSS    : Failed to send nl message
02-06 15:47:04.990   498   498 E SELinux : avc:  denied  { find } for pid=28333 uid=10246 name=MiuiInit scontext=u:r:permissioncontroller_app:s0:c246,c256,c512,c768 tcontext=u:object_r:miui_init_service:s0 tclass=service_manager permissive=0
02-06 15:47:04.991 28333 28333 E MiuiInit: Occur Exception when getCutoutMode:com.google.android.permissioncontroller
02-06 15:47:04.991  4069  4069 I CNSS    : Failed to send nl message
02-06 15:47:04.992 28333 28333 D DecorView[]: getWindowModeFromSystem  windowmode is 1
02-06 15:47:04.992 28333 28333 D DecorView: createDecorCaptionView windowingMode:1 mWindowMode 1 isFullscreen: true
02-06 15:47:04.995  4069  4069 I CNSS    : Failed to send nl message
02-06 15:47:05.005 24714 24892 I SCTaskStackListener: onTaskStackChanged! inSplit = false
02-06 15:47:05.005  1663  2175 I Timeline: Timeline: App_transition_ready time:94333253
02-06 15:47:05.007 24714 31033 I SCTaskStackListener: onTaskStackChanged! inSplit = false
02-06 15:47:05.021  4069  4069 I CNSS    : Failed to send nl message
02-06 15:47:05.022  4069  4069 I chatty  : uid=1000(system) /system/vendor/bin/cnss_diag identical 1 line
02-06 15:47:05.023  4069  4069 I CNSS    : Failed to send nl message
02-06 15:47:05.024 20419 20419 D RecentsImpl: mActivityStateObserver com.android.permissioncontroller.permission.ui.GrantPermissionsActivity
02-06 15:47:05.024 20419 20419 W RecentsImpl: onResumed className=com.android.permissioncontroller.permission.ui.GrantPermissionsActivity   mIsInAnotherPro=false
02-06 15:47:05.036  1663  2175 I Timeline: Timeline: App_transition_ready time:94333285
02-06 15:47:05.040  1663  2175 I Timeline: Timeline: App_transition_ready time:94333288
02-06 15:47:05.058  4069  4069 I CNSS    : Failed to send nl message
02-06 15:47:05.059  1663  1826 I ActivityTaskManager: Displayed com.google.android.permissioncontroller/com.android.permissioncontroller.permission.ui.GrantPermissionsActivity: +1s155ms
02-06 15:47:05.062  1663  1769 I Timeline: Timeline: App_transition_ready time:94333310
02-06 15:47:05.062  1663  1769 I Timeline: Timeline: Activity_windows_visible id: ActivityRecord{fd2e4a6 u0 com.google.android.permissioncontroller/com.android.permissioncontroller.permission.ui.GrantPermissionsActivity t259} time:94333311
02-06 15:47:05.063  4069  4069 I CNSS    : Failed to send nl message
02-06 15:47:05.063  1663  1769 I Timeline: Timeline: App_transition_stopped time:94333311
02-06 15:47:05.071  2362  2917 D MiuiPhoneStatusBarPolicy: updateManagedProfile: secondSpace = false
02-06 15:47:05.077  1663  4853 D MIUIInput: [FoucsChange]: Display  0 FocusedWindow From null(0,0)  to Window{ba4b451 mode=0 rootTaskId=259 u0 com.google.android.permissioncontroller/com.android.permissioncontroller.permission.ui.GrantPermissionsActivity}(1,1)
02-06 15:47:05.091  4069  4069 I CNSS    : Failed to send nl message
02-06 15:47:05.103  4069  4069 I chatty  : uid=1000(system) /system/vendor/bin/cnss_diag identical 3 lines
02-06 15:47:05.148  4069  4069 I CNSS    : Failed to send nl message
02-06 15:47:05.150  1663  3448 D ActivityTrigger: ActivityTrigger activityPauseTrigger 
02-06 15:47:05.152  4069  4069 I CNSS    : Failed to send nl message
02-06 15:47:05.153  4069  4069 I CNSS    : Failed to send nl message
02-06 15:47:05.161 20419 20419 D EventBus: No subscribers registered for event class com.miui.home.recents.messages.TaskSnapshotChangedEvent
02-06 15:47:05.161 20419 20419 D EventBus: No subscribers registered for event class org.greenrobot.eventbus.NoSubscriberEvent
02-06 15:47:05.163  2696  6188 I SarService: Receiver polling >>>> Change receiver mode: off
02-06 15:47:05.163  4069  4069 I CNSS    : Failed to send nl message
02-06 15:47:05.169  4069  4069 I chatty  : uid=1000(system) /system/vendor/bin/cnss_diag identical 2 lines
02-06 15:47:05.180  4069  4069 I CNSS    : Failed to send nl message
02-06 15:47:05.180  1663  4848 D MIUIInput: [FoucsChange]: Display  0 FocusedWindow From Window{ba4b451 mode=0 rootTaskId=259 u0 com.google.android.permissioncontroller/com.android.permissioncontroller.permission.ui.GrantPermissionsActivity}(1,1)  to null(0,0)
02-06 15:47:05.181  4069  4069 I CNSS    : Failed to send nl message
02-06 15:47:05.183 21080 21098 D AutoInstallService: onForegroundInfoChanged: com.minima.android
02-06 15:47:05.184  6165 10231 D PerfEngineController: ForegroundInfo{mForegroundPackageName='com.minima.android', mForegroundUid=10251, mForegroundPid=32127, mLastForegroundPackageName='com.google.android.permissioncontroller', mLastForegroundUid=10246, mLastForegroundPid=28333, mMultiWindowForegroundPackageName='null', mMultiWindowForegroundUid=-1, mFlags=0}
02-06 15:47:05.184  6165  6184 W MessageQueue: Handler (com.miui.powerkeeper.feedbackcontrol.FeedbackControlService$FeedbackControlHandler) {9885f8e} sending message to a Handler on a dead thread
02-06 15:47:05.184  6165  6184 W MessageQueue: java.lang.IllegalStateException: Handler (com.miui.powerkeeper.feedbackcontrol.FeedbackControlService$FeedbackControlHandler) {9885f8e} sending message to a Handler on a dead thread
02-06 15:47:05.184  6165  6184 W MessageQueue: 	at android.os.MessageQueue.enqueueMessage(MessageQueue.java:563)
02-06 15:47:05.184  6165  6184 W MessageQueue: 	at android.os.Handler.enqueueMessage(Handler.java:778)
02-06 15:47:05.184  6165  6184 W MessageQueue: 	at android.os.Handler.sendMessageAtTime(Handler.java:727)
02-06 15:47:05.184  6165  6184 W MessageQueue: 	at com.miui.powerkeeper.event.EventsAggregator$EventRegistrant.notifyResult(Unknown Source:26)
02-06 15:47:05.184  6165  6184 W MessageQueue: 	at com.miui.powerkeeper.event.EventsAggregator.notifyForForegroundInfo(Unknown Source:47)
02-06 15:47:05.184  6165  6184 W MessageQueue: 	at com.miui.powerkeeper.utils.ProcessObserver.notifyForegroundListener(Unknown Source:17)
02-06 15:47:05.184  6165  6184 W MessageQueue: 	at com.miui.powerkeeper.utils.ProcessObserver.access$1000(Unknown Source:0)
02-06 15:47:05.184  6165  6184 W MessageQueue: 	at com.miui.powerkeeper.utils.ProcessObserver$2.onForegroundInfoChanged(Unknown Source:2)
02-06 15:47:05.184  6165  6184 W MessageQueue: 	at miui.process.IForegroundInfoListener$Stub.onTransact(IForegroundInfoListener.java:87)
02-06 15:47:05.184  6165  6184 W MessageQueue: 	at android.os.Binder.execTransactInternal(Binder.java:1159)
02-06 15:47:05.184  6165  6184 W MessageQueue: 	at android.os.Binder.execTransact(Binder.java:1123)
02-06 15:47:05.184  6165  6629 I ThermalInfoCollector: collectForgroundAppsInfo
02-06 15:47:05.185 24714 31033 I ProcessMonitor: onForegroundInfoChanged: ForegroundInfo{mForegroundPackageName='com.minima.android', mForegroundUid=10251, mForegroundPid=32127, mLastForegroundPackageName='com.google.android.permissioncontroller', mLastForegroundUid=10246, mLastForegroundPid=28333, mMultiWindowForegroundPackageName='null', mMultiWindowForegroundUid=-1, mFlags=0}
02-06 15:47:05.187 24714 31033 I GameBoosterService: onForegroundInfoChanged: Cur=com.minima.android	 last=com.google.android.permissioncontroller
02-06 15:47:05.204  1663  4853 I Timeline: Timeline: App_transition_ready time:94333453
02-06 15:47:05.217 24714 31033 D GameBoosterService: onGameStatusChange foreground:ForegroundInfo{mForegroundPackageName='com.minima.android', mForegroundUid=10251, mForegroundPid=32127, mLastForegroundPackageName='com.google.android.permissioncontroller', mLastForegroundUid=10246, mLastForegroundPid=28333, mMultiWindowForegroundPackageName='null', mMultiWindowForegroundUid=-1, mFlags=0}
02-06 15:47:05.217 24714 31033 I VideoBoxUtils: isSupportVideoBox: false
02-06 15:47:05.217 24714 31033 I VideoToolBoxService: vtb is closed!!!
02-06 15:47:05.218 20419 20419 D RecentsImpl: mActivityStateObserver com.minima.android.browser.MiniBrowser
02-06 15:47:05.218 20419 20419 W RecentsImpl: onResumed className=com.minima.android.browser.MiniBrowser   mIsInAnotherPro=false
02-06 15:47:05.225  4069  4069 I CNSS    : Failed to send nl message
02-06 15:47:05.228  1663  2175 D MIUIInput: [FoucsChange]: Display  0 FocusedWindow From null(0,0)  to Window{c17b93d mode=0 rootTaskId=259 u0 com.minima.android/com.minima.android.browser.MiniBrowser}(1,1)
02-06 15:47:05.230  4069  4069 I CNSS    : Failed to send nl message
02-06 15:47:05.237  4069  4069 I chatty  : uid=1000(system) /system/vendor/bin/cnss_diag identical 1 line
02-06 15:47:05.237  4069  4069 I CNSS    : Failed to send nl message
02-06 15:47:05.240  2362  2917 D MiuiPhoneStatusBarPolicy: updateManagedProfile: secondSpace = false
02-06 15:47:05.251 32127 32316 E chromium: [ERROR:net/socket/ssl_client_socket_impl.cc:916] handshake failed; returned -1, SSL error code 1, net_error -202
02-06 15:47:05.253  5825  3843 D PMonitor:  onForegroundActivitiesChanged:pid = 28333,activity-uid=10246,foregroundActivities=false
02-06 15:47:05.253  1663  2223 I MiuiNetworkPolicy: updateUidState uid = 10246, uidState = 19
02-06 15:47:05.268 32127 32316 E chromium: [ERROR:net/socket/ssl_client_socket_impl.cc:916] handshake failed; returned -1, SSL error code 1, net_error -202
02-06 15:47:05.270  4069  4069 I CNSS    : Failed to send nl message
02-06 15:47:05.278 32127 32316 E chromium: [ERROR:net/socket/ssl_client_socket_impl.cc:916] handshake failed; returned -1, SSL error code 1, net_error -202
02-06 15:47:05.279  4069  4069 I CNSS    : Failed to send nl message
02-06 15:47:05.283  4069  4069 I chatty  : uid=1000(system) /system/vendor/bin/cnss_diag identical 2 lines
02-06 15:47:05.284  4069  4069 I CNSS    : Failed to send nl message
02-06 15:47:05.291 24714 24892 I SCTaskStackListener: onTaskStackChanged! inSplit = false
02-06 15:47:05.292 24714 31033 I SCTaskStackListener: onTaskStackChanged! inSplit = false
02-06 15:47:05.301  1663  1769 I Timeline: Timeline: App_transition_stopped time:94333549
02-06 15:47:05.331  4104  4104 I GoogleInputMethodService: GoogleInputMethodService.onFinishInput():2085 
02-06 15:47:05.333  4104  4104 I Module  : DeviceLockedStatusModuleProvider$Module.updateDeviceLockedStatus():100 repeatCheckTimes = 0, locked = false
02-06 15:47:05.334  4104  4104 I GoogleInputMethodService: GoogleInputMethodService.onStartInput():1346 onStartInput(EditorInfo{EditorInfo{packageName=com.minima.android, inputType=0, inputTypeString=NULL, enableLearning=false, autoCorrection=false, autoComplete=false, imeOptions=0, privateImeOptions=null, actionName=UNSPECIFIED, actionLabel=null, initialSelStart=-1, initialSelEnd=-1, initialCapsMode=0, label=null, fieldId=-1, fieldName=null, extras=null, hintText=null, hintLocales=[]}}, false)
02-06 15:47:05.338  4104  4104 I Module  : DeviceLockedStatusModuleProvider$Module.updateDeviceLockedStatus():100 repeatCheckTimes = 1, locked = false
02-06 15:47:05.363  2696  6188 I SarService: Receiver polling >>>> Change receiver mode: off
02-06 15:47:05.381  4069  4069 I CNSS    : Failed to send nl message
02-06 15:47:05.390 32127 32223 I System.out: Minima @ 06/02/2026 15:47:05 [356,4 MB] : MDS_Miniswap_0x7F86F0EC52A70CA39C4D8D51095F5D03F20DA8B5E73885104E732A8A8211200A > Bridge Inited..
02-06 15:47:05.390 32127 32223 I System.out: Minima @ 06/02/2026 15:47:05 [356,6 MB] : Started service.js Miniswap
02-06 15:47:05.430 32127 32141 I .minima.androi: Background concurrent copying GC freed 1273686(149MB) AllocSpace objects, 24(1844KB) LOS objects, 10% free, 212MB/236MB, paused 413us total 924.514ms
02-06 15:47:05.518  4069  4069 I CNSS    : Failed to send nl message
02-06 15:47:05.563  2696  6188 I SarService: Receiver polling >>>> Change receiver mode: off
02-06 15:47:05.688  4069  4069 I CNSS    : Failed to send nl message
02-06 15:47:05.729  4069  4069 I chatty  : uid=1000(system) /system/vendor/bin/cnss_diag identical 10 lines
02-06 15:47:05.732  4069  4069 I CNSS    : Failed to send nl message
02-06 15:47:05.749 32127 32141 I .minima.androi: Background young concurrent copying GC freed 1048908(113MB) AllocSpace objects, 20(620KB) LOS objects, 13% free, 148MB/172MB, paused 216us total 182.561ms
02-06 15:47:05.754  4069  4069 I CNSS    : Failed to send nl message
02-06 15:47:05.760  4069  4069 I chatty  : uid=1000(system) /system/vendor/bin/cnss_diag identical 1 line
02-06 15:47:05.761  4069  4069 I CNSS    : Failed to send nl message
02-06 15:47:05.764  2696  6188 I SarService: Receiver polling >>>> Change receiver mode: off
02-06 15:47:05.774 32127 32316 E chromium: [ERROR:net/socket/ssl_client_socket_impl.cc:916] handshake failed; returned -1, SSL error code 1, net_error -202
02-06 15:47:05.775 32127 32316 I chatty  : uid=10251(com.minima.android) NetworkService identical 1 line
02-06 15:47:05.788 32127 32316 E chromium: [ERROR:net/socket/ssl_client_socket_impl.cc:916] handshake failed; returned -1, SSL error code 1, net_error -202
02-06 15:47:05.790  4069  4069 I CNSS    : Failed to send nl message
02-06 15:47:05.793  4069  4069 I chatty  : uid=1000(system) /system/vendor/bin/cnss_diag identical 1 line
02-06 15:47:05.797  4069  4069 I CNSS    : Failed to send nl message
02-06 15:47:05.803 32127 32316 E chromium: [ERROR:net/socket/ssl_client_socket_impl.cc:916] handshake failed; returned -1, SSL error code 1, net_error -202
02-06 15:47:05.807 32127 32316 I chatty  : uid=10251(com.minima.android) NetworkService identical 1 line
02-06 15:47:05.809 32127 32316 E chromium: [ERROR:net/socket/ssl_client_socket_impl.cc:916] handshake failed; returned -1, SSL error code 1, net_error -202
02-06 15:47:05.826  4069  4069 I CNSS    : Failed to send nl message
02-06 15:47:05.826  4069  4069 I CNSS    : Failed to send nl message
02-06 15:47:05.842 32127 32316 E chromium: [ERROR:net/socket/ssl_client_socket_impl.cc:916] handshake failed; returned -1, SSL error code 1, net_error -202
02-06 15:47:05.854 32127 32316 I chatty  : uid=10251(com.minima.android) NetworkService identical 1 line
02-06 15:47:05.854 32127 32316 E chromium: [ERROR:net/socket/ssl_client_socket_impl.cc:916] handshake failed; returned -1, SSL error code 1, net_error -202
02-06 15:47:05.860  4069  4069 I CNSS    : Failed to send nl message
02-06 15:47:05.875 32127 32316 E chromium: [ERROR:net/socket/ssl_client_socket_impl.cc:916] handshake failed; returned -1, SSL error code 1, net_error -202
02-06 15:47:05.883  4069  4069 I CNSS    : Failed to send nl message
02-06 15:47:05.885  4069  4069 I CNSS    : Failed to send nl message
02-06 15:47:05.886 32127 32316 E chromium: [ERROR:net/socket/ssl_client_socket_impl.cc:916] handshake failed; returned -1, SSL error code 1, net_error -202
02-06 15:47:05.886  4069  4069 I CNSS    : Failed to send nl message
02-06 15:47:05.889  4069  4069 I chatty  : uid=1000(system) /system/vendor/bin/cnss_diag identical 2 lines
02-06 15:47:05.892  4069  4069 I CNSS    : Failed to send nl message
02-06 15:47:05.898 32127 32316 E chromium: [ERROR:net/socket/ssl_client_socket_impl.cc:916] handshake failed; returned -1, SSL error code 1, net_error -202
02-06 15:47:05.841     0     0 I init    : starting service 'qccsyshalservice'...
02-06 15:47:05.910 32127 32316 I chatty  : uid=10251(com.minima.android) NetworkService identical 2 lines
02-06 15:47:05.913 32127 32316 E chromium: [ERROR:net/socket/ssl_client_socket_impl.cc:916] handshake failed; returned -1, SSL error code 1, net_error -202
02-06 15:47:05.964  2696  6188 I SarService: Receiver polling >>>> Change receiver mode: off
02-06 15:47:05.986 32387 32387 I qccsyshalservice: Start with system binder
02-06 15:47:05.987 32387 32387 I qccsyshalservice: Registering qccsyshal service...
02-06 15:47:05.987   499   499 I hwservicemanager: getTransport: Cannot find entry vendor.qti.hardware.qccsyshal@1.0::IQccsyshal/qccsyshal in either framework or device manifest.
02-06 15:47:05.988 32387 32387 E HidlServiceManagement: Service vendor.qti.hardware.qccsyshal@1.0::IQccsyshal/qccsyshal must be in VINTF manifest in order to register/get.
02-06 15:47:05.988 32387 32387 E qccsyshalservice: [ERROR] registerAsService() failed with status: -2147483648
02-06 15:47:05.884     0     0 I init    : Service 'qccsyshalservice' (pid 32387) exited with status 1
02-06 15:47:05.884     0     0 I init    : Sending signal 9 to service 'qccsyshalservice' (pid 32387) process group...
02-06 15:47:05.884     0     0 I libprocessgroup: Successfully killed process cgroup uid 1000 pid 32387 in 0ms
02-06 15:47:06.002  4069  4069 I CNSS    : Failed to send nl message
02-06 15:47:06.054  4069  4069 I chatty  : uid=1000(system) /system/vendor/bin/cnss_diag identical 7 lines
02-06 15:47:06.057  4069  4069 I CNSS    : Failed to send nl message
02-06 15:47:06.058 32127 32227 I System.out: Minima @ 06/02/2026 15:47:06 [206,6 MB] : Started service.js Thunder
02-06 15:47:06.069 32127 32141 I .minima.androi: Background young concurrent copying GC freed 241899(49MB) AllocSpace objects, 5(116KB) LOS objects, 7% free, 158MB/172MB, paused 663us total 193.439ms
02-06 15:47:06.091 32127 32316 E chromium: [ERROR:net/socket/ssl_client_socket_impl.cc:916] handshake failed; returned -1, SSL error code 1, net_error -202
02-06 15:47:06.097  4069  4069 I CNSS    : Failed to send nl message
02-06 15:47:06.120 32127 32316 E chromium: [ERROR:net/socket/ssl_client_socket_impl.cc:916] handshake failed; returned -1, SSL error code 1, net_error -202
02-06 15:47:06.165  2696  6188 I SarService: Receiver polling >>>> Change receiver mode: off
02-06 15:47:06.200  4069  4069 I CNSS    : Failed to send nl message
02-06 15:47:06.267  4069  4069 I chatty  : uid=1000(system) /system/vendor/bin/cnss_diag identical 9 lines
02-06 15:47:06.268  4069  4069 I CNSS    : Failed to send nl message
02-06 15:47:06.293 32127 32316 E chromium: [ERROR:net/socket/ssl_client_socket_impl.cc:916] handshake failed; returned -1, SSL error code 1, net_error -202
02-06 15:47:06.298  4069  4069 I CNSS    : Failed to send nl message
02-06 15:47:06.303  4069  4069 I CNSS    : Failed to send nl message
02-06 15:47:06.303 32127 32316 E chromium: [ERROR:net/socket/ssl_client_socket_impl.cc:916] handshake failed; returned -1, SSL error code 1, net_error -202
02-06 15:47:06.303 32127 32316 E chromium: [ERROR:net/socket/ssl_client_socket_impl.cc:916] handshake failed; returned -1, SSL error code 1, net_error -202
02-06 15:47:06.307  4069  4069 I CNSS    : Failed to send nl message
02-06 15:47:06.309  4069  4069 I CNSS    : Failed to send nl message
02-06 15:47:06.314 32127 32316 E chromium: [ERROR:net/socket/ssl_client_socket_impl.cc:916] handshake failed; returned -1, SSL error code 1, net_error -202
02-06 15:47:06.328 32127 32316 I chatty  : uid=10251(com.minima.android) NetworkService identical 1 line
02-06 15:47:06.358 32127 32316 E chromium: [ERROR:net/socket/ssl_client_socket_impl.cc:916] handshake failed; returned -1, SSL error code 1, net_error -202
02-06 15:47:06.365  2696  6188 I SarService: Receiver polling >>>> Change receiver mode: off
02-06 15:47:06.381 32127 32316 E chromium: [ERROR:net/socket/ssl_client_socket_impl.cc:916] handshake failed; returned -1, SSL error code 1, net_error -202
02-06 15:47:06.390 24714 24842 D TrafficManageService: onReceive: intent.action = com.android.server.action.NETWORK_STATS_UPDATED
02-06 15:47:06.411 32127 32316 E chromium: [ERROR:net/socket/ssl_client_socket_impl.cc:916] handshake failed; returned -1, SSL error code 1, net_error -202
02-06 15:47:06.441 32127 32316 I chatty  : uid=10251(com.minima.android) NetworkService identical 2 lines
02-06 15:47:06.454 32127 32316 E chromium: [ERROR:net/socket/ssl_client_socket_impl.cc:916] handshake failed; returned -1, SSL error code 1, net_error -202
02-06 15:47:06.470  1663  2223 I MiuiNetworkPolicy: updateUidState uid = 10272, uidState = 19
02-06 15:47:06.485 32127 32316 E chromium: [ERROR:net/socket/ssl_client_socket_impl.cc:916] handshake failed; returned -1, SSL error code 1, net_error -202
02-06 15:47:06.513 32127 32316 I chatty  : uid=10251(com.minima.android) NetworkService identical 3 lines
02-06 15:47:06.565 32127 32316 E chromium: [ERROR:net/socket/ssl_client_socket_impl.cc:916] handshake failed; returned -1, SSL error code 1, net_error -202
02-06 15:47:06.566  2696  6188 I SarService: Receiver polling >>>> Change receiver mode: off
02-06 15:47:06.588 32127 32316 E chromium: [ERROR:net/socket/ssl_client_socket_impl.cc:916] handshake failed; returned -1, SSL error code 1, net_error -202
02-06 15:47:06.590 32127 32316 I chatty  : uid=10251(com.minima.android) NetworkService identical 1 line
02-06 15:47:06.621 32127 32316 E chromium: [ERROR:net/socket/ssl_client_socket_impl.cc:916] handshake failed; returned -1, SSL error code 1, net_error -202
02-06 15:47:06.767  2696  6188 I SarService: Receiver polling >>>> Change receiver mode: off
02-06 15:47:06.793 32127 32127 W Choreographer: Frame time is 0.055017 ms in the future!  Check that graphics HAL is generating vsync timestamps using the correct timebase.
02-06 15:47:06.829 32127 32316 E chromium: [ERROR:net/socket/ssl_client_socket_impl.cc:916] handshake failed; returned -1, SSL error code 1, net_error -202
02-06 15:47:06.851 32127 32141 I .minima.androi: Background concurrent copying GC freed 548529(100MB) AllocSpace objects, 137(3840KB) LOS objects, 12% free, 172MB/196MB, paused 304us total 715.549ms
02-06 15:47:06.886 32127 32316 E chromium: [ERROR:net/socket/ssl_client_socket_impl.cc:916] handshake failed; returned -1, SSL error code 1, net_error -202
02-06 15:47:06.908 32127 32316 I chatty  : uid=10251(com.minima.android) NetworkService identical 2 lines
02-06 15:47:06.915 32127 32316 E chromium: [ERROR:net/socket/ssl_client_socket_impl.cc:916] handshake failed; returned -1, SSL error code 1, net_error -202
02-06 15:47:06.967  2696  6188 I SarService: Receiver polling >>>> Change receiver mode: off
02-06 15:47:06.983 32127 32316 E chromium: [ERROR:net/socket/ssl_client_socket_impl.cc:916] handshake failed; returned -1, SSL error code 1, net_error -202
02-06 15:47:07.111 32127 32316 I chatty  : uid=10251(com.minima.android) NetworkService identical 6 lines
02-06 15:47:07.118 32127 32316 E chromium: [ERROR:net/socket/ssl_client_socket_impl.cc:916] handshake failed; returned -1, SSL error code 1, net_error -202
02-06 15:47:07.119  4069  4069 I CNSS    : Failed to send nl message
02-06 15:47:07.122  4069  4069 I CNSS    : Failed to send nl message
02-06 15:47:07.126 32127 32316 E chromium: [ERROR:net/socket/ssl_client_socket_impl.cc:916] handshake failed; returned -1, SSL error code 1, net_error -202
02-06 15:47:07.128  4069  4069 I CNSS    : Failed to send nl message
02-06 15:47:07.164  4069  4069 I chatty  : uid=1000(system) /system/vendor/bin/cnss_diag identical 5 lines
02-06 15:47:07.166  4069  4069 I CNSS    : Failed to send nl message
02-06 15:47:07.168  2696  6188 I SarService: Receiver polling >>>> Change receiver mode: off
02-06 15:47:07.172  4069  4069 I CNSS    : Failed to send nl message
02-06 15:47:07.203  4069  4069 I chatty  : uid=1000(system) /system/vendor/bin/cnss_diag identical 12 lines
02-06 15:47:07.205  4069  4069 I CNSS    : Failed to send nl message
02-06 15:47:07.211 32127 32141 I .minima.androi: Background young concurrent copying GC freed 342332(67MB) AllocSpace objects, 46(1288KB) LOS objects, 12% free, 162MB/186MB, paused 490us total 228.101ms
02-06 15:47:07.224  4069  4069 I CNSS    : Failed to send nl message
02-06 15:47:07.349  4069  4069 I chatty  : uid=1000(system) /system/vendor/bin/cnss_diag identical 13 lines
02-06 15:47:07.351  4069  4069 I CNSS    : Failed to send nl message
02-06 15:47:07.369  2696  6188 I SarService: Receiver polling >>>> Change receiver mode: off
02-06 15:47:07.386  4069  4069 I CNSS    : Failed to send nl message
02-06 15:47:07.432  4069  4069 I chatty  : uid=1000(system) /system/vendor/bin/cnss_diag identical 8 lines
02-06 15:47:07.435  4069  4069 I CNSS    : Failed to send nl message
02-06 15:47:07.510 32127 32141 I .minima.androi: Background young concurrent copying GC freed 282667(57MB) AllocSpace objects, 18(504KB) LOS objects, 13% free, 152MB/176MB, paused 280us total 164.775ms
02-06 15:47:07.554 24714 24842 D TrafficManageService: onReceive: intent.action = com.android.server.action.NETWORK_STATS_UPDATED
02-06 15:47:07.569  2696  6188 I SarService: Receiver polling >>>> Change receiver mode: off
02-06 15:47:07.769  2696  6188 I SarService: Receiver polling >>>> Change receiver mode: off
02-06 15:47:07.805 32127 32141 I .minima.androi: Background young concurrent copying GC freed 228703(47MB) AllocSpace objects, 0(0B) LOS objects, 13% free, 152MB/176MB, paused 163us total 160.938ms
02-06 15:47:07.928  1663  2304 D HBMFeatureControl: brightness=0.14603631, mMode=0
02-06 15:47:07.930  1663  2304 D HBMFeatureControl: setBrightness,mNTCTemp-40
02-06 15:47:07.823     0     0 I msm-dsi-panel: [dsi_panel_set_backlight:783] backlight type:2 lvl:300
02-06 15:47:07.823     0     0 E msm-dsi-panel: [dsi_panel_update_backlight_externel:761] backlight level :300
02-06 15:47:07.823     0     0 I         : [brightness]sgm_brightness_set brightness = 300
02-06 15:47:07.824     0     0 I IRQ 7   : no longer affine to CPU5
02-06 15:47:07.933   754   754 I qdlights: set backlight level :path = /sys/class/backlight/panel0-backlight/brightness, value = 300
02-06 15:47:07.945  1663  2304 D HBMFeatureControl: brightness=0.13429846, mMode=0
02-06 15:47:07.842     0     0 I msm-dsi-panel: [dsi_panel_set_backlight:783] backlight type:2 lvl:276
02-06 15:47:07.948  1663  2304 D HBMFeatureControl: setBrightness,mNTCTemp-40
02-06 15:47:07.842     0     0 E msm-dsi-panel: [dsi_panel_update_backlight_externel:761] backlight level :276
02-06 15:47:07.842     0     0 I         : [brightness]sgm_brightness_set brightness = 276
02-06 15:47:07.952   754   754 I qdlights: set backlight level :path = /sys/class/backlight/panel0-backlight/brightness, value = 276
02-06 15:47:07.962  1663  2304 D HBMFeatureControl: brightness=0.12254124, mMode=0
02-06 15:47:07.966  1663  2304 D HBMFeatureControl: setBrightness,mNTCTemp-40
02-06 15:47:07.968   754   754 I qdlights: set backlight level :path = /sys/class/backlight/panel0-backlight/brightness, value = 252
02-06 15:47:07.969  2696  6188 I SarService: Receiver polling >>>> Change receiver mode: off
02-06 15:47:07.859     0     0 I msm-dsi-panel: [dsi_panel_set_backlight:783] backlight type:2 lvl:252
02-06 15:47:07.859     0     0 E msm-dsi-panel: [dsi_panel_update_backlight_externel:761] backlight level :252
02-06 15:47:07.859     0     0 I         : [brightness]sgm_brightness_set brightness = 252
02-06 15:47:07.978  1663  2304 D HBMFeatureControl: brightness=0.11083254, mMode=0
02-06 15:47:07.980  1663  2304 D HBMFeatureControl: setBrightness,mNTCTemp-40
02-06 15:47:07.873     0     0 I msm-dsi-panel: [dsi_panel_set_backlight:783] backlight type:2 lvl:228
02-06 15:47:07.873     0     0 E msm-dsi-panel: [dsi_panel_update_backlight_externel:761] backlight level :228
02-06 15:47:07.873     0     0 I         : [brightness]sgm_brightness_set brightness = 228
02-06 15:47:07.982   754   754 I qdlights: set backlight level :path = /sys/class/backlight/panel0-backlight/brightness, value = 228
02-06 15:47:07.994  1663  2304 D HBMFeatureControl: brightness=0.099076144, mMode=0
02-06 15:47:07.997  1663  2304 D HBMFeatureControl: setBrightness,mNTCTemp-40
02-06 15:47:07.890     0     0 I msm-dsi-panel: [dsi_panel_set_backlight:783] backlight type:2 lvl:204
02-06 15:47:07.890     0     0 E msm-dsi-panel: [dsi_panel_update_backlight_externel:761] backlight level :204
02-06 15:47:07.890     0     0 I         : [brightness]sgm_brightness_set brightness = 204
02-06 15:47:07.999   754   754 I qdlights: set backlight level :path = /sys/class/backlight/panel0-backlight/brightness, value = 204
02-06 15:47:08.011  1663  2304 D HBMFeatureControl: brightness=0.08728641, mMode=0
02-06 15:47:08.015  1663  2304 D HBMFeatureControl: setBrightness,mNTCTemp-40
02-06 15:47:08.017   754   754 I qdlights: set backlight level :path = /sys/class/backlight/panel0-backlight/brightness, value = 180
02-06 15:47:07.907     0     0 I msm-dsi-panel: [dsi_panel_set_backlight:783] backlight type:2 lvl:180
02-06 15:47:07.907     0     0 E msm-dsi-panel: [dsi_panel_update_backlight_externel:761] backlight level :180
02-06 15:47:07.907     0     0 I         : [brightness]sgm_brightness_set brightness = 180
02-06 15:47:08.029  1663  2304 D HBMFeatureControl: brightness=0.07550883, mMode=0
02-06 15:47:08.032  1663  2304 D HBMFeatureControl: setBrightness,mNTCTemp-40
02-06 15:47:08.034   754   754 I qdlights: set backlight level :path = /sys/class/backlight/panel0-backlight/brightness, value = 155
02-06 15:47:07.925     0     0 I msm-dsi-panel: [dsi_panel_set_backlight:783] backlight type:2 lvl:155
02-06 15:47:07.925     0     0 E msm-dsi-panel: [dsi_panel_update_backlight_externel:761] backlight level :155
02-06 15:47:07.925     0     0 I         : [brightness]sgm_brightness_set brightness = 155
02-06 15:47:08.046  1663  2304 D HBMFeatureControl: brightness=0.06372998, mMode=0
02-06 15:47:08.049  1663  2304 D HBMFeatureControl: setBrightness,mNTCTemp-40
02-06 15:47:07.942     0     0 I msm-dsi-panel: [dsi_panel_set_backlight:783] backlight type:2 lvl:131
02-06 15:47:07.942     0     0 E msm-dsi-panel: [dsi_panel_update_backlight_externel:761] backlight level :131
02-06 15:47:07.942     0     0 I         : [brightness]sgm_brightness_set brightness = 131
02-06 15:47:08.052   754   754 I qdlights: set backlight level :path = /sys/class/backlight/panel0-backlight/brightness, value = 131
02-06 15:47:08.063  1663  2304 D HBMFeatureControl: brightness=0.051960666, mMode=0
02-06 15:47:08.067  1663  2304 D HBMFeatureControl: setBrightness,mNTCTemp-40
02-06 15:47:08.069   754   754 I qdlights: set backlight level :path = /sys/class/backlight/panel0-backlight/brightness, value = 107
02-06 15:47:07.960     0     0 I msm-dsi-panel: [dsi_panel_set_backlight:783] backlight type:2 lvl:107
02-06 15:47:07.960     0     0 E msm-dsi-panel: [dsi_panel_update_backlight_externel:761] backlight level :107
02-06 15:47:07.960     0     0 I         : [brightness]sgm_brightness_set brightness = 107
02-06 15:47:08.078  1663  2304 D HBMFeatureControl: brightness=0.04019592, mMode=0
02-06 15:47:08.080  1663  2304 D HBMFeatureControl: setBrightness,mNTCTemp-40
02-06 15:47:07.973     0     0 I msm-dsi-panel: [dsi_panel_set_backlight:783] backlight type:2 lvl:83
02-06 15:47:08.083   754   754 I qdlights: set backlight level :path = /sys/class/backlight/panel0-backlight/brightness, value = 83
02-06 15:47:07.973     0     0 E msm-dsi-panel: [dsi_panel_update_backlight_externel:761] backlight level :83
02-06 15:47:07.973     0     0 I         : [brightness]sgm_brightness_set brightness = 83
02-06 15:47:08.097  1663  2304 D HBMFeatureControl: brightness=0.02846719, mMode=0
02-06 15:47:08.098 32127 32141 I .minima.androi: Background young concurrent copying GC freed 229824(47MB) AllocSpace objects, 0(0B) LOS objects, 13% free, 152MB/176MB, paused 367us total 163.609ms
02-06 15:47:08.099  1663  2304 D HBMFeatureControl: setBrightness,mNTCTemp-40
02-06 15:47:07.992     0     0 I msm-dsi-panel: [dsi_panel_set_backlight:783] backlight type:2 lvl:59
02-06 15:47:07.992     0     0 E msm-dsi-panel: [dsi_panel_update_backlight_externel:761] backlight level :59
02-06 15:47:07.992     0     0 I         : [brightness]sgm_brightness_set brightness = 59
02-06 15:47:08.101   754   754 I qdlights: set backlight level :path = /sys/class/backlight/panel0-backlight/brightness, value = 59
02-06 15:47:08.115  1663  2304 D HBMFeatureControl: brightness=0.0166747, mMode=0
02-06 15:47:08.117  1663  2304 D HBMFeatureControl: setBrightness,mNTCTemp-40
02-06 15:47:08.010     0     0 I msm-dsi-panel: [dsi_panel_set_backlight:783] backlight type:2 lvl:35
02-06 15:47:08.010     0     0 E msm-dsi-panel: [dsi_panel_update_backlight_externel:761] backlight level :35
02-06 15:47:08.010     0     0 I         : [brightness]sgm_brightness_set brightness = 35
02-06 15:47:08.119   754   754 I qdlights: set backlight level :path = /sys/class/backlight/panel0-backlight/brightness, value = 35
02-06 15:47:08.128  1663  2304 D HBMFeatureControl: brightness=0.005376344, mMode=0
02-06 15:47:08.131  1663  2304 D HBMFeatureControl: setBrightness,mNTCTemp-40
02-06 15:47:08.134   754   754 I qdlights: set backlight level :path = /sys/class/backlight/panel0-backlight/brightness, value = 12
02-06 15:47:08.024     0     0 I msm-dsi-panel: [dsi_panel_set_backlight:783] backlight type:2 lvl:12
02-06 15:47:08.024     0     0 E msm-dsi-panel: [dsi_panel_update_backlight_externel:761] backlight level :12
02-06 15:47:08.024     0     0 I         : [brightness]sgm_brightness_set brightness = 12
02-06 15:47:08.170  2696  6188 I SarService: Receiver polling >>>> Change receiver mode: off
02-06 15:47:08.370  2696  6188 I SarService: Receiver polling >>>> Change receiver mode: off
02-06 15:47:08.389 32127 32141 I .minima.androi: Background young concurrent copying GC freed 229047(47MB) AllocSpace objects, 0(0B) LOS objects, 13% free, 152MB/176MB, paused 154us total 156.432ms
02-06 15:47:08.453  4301  4342 W MiuiPerfServiceClient: interceptAndQueuing:32127|com.minima.android|455|90|unknown|null|com.minima.android/com.minima.android.browser.MiniBrowser|94335080972450|Slow issue draw commands|20
02-06 15:47:08.454  4301  4342 I com.miui.daemo: oneway function results will be dropped but finished with status OK and parcel size 4
02-06 15:47:08.571  2696  6188 I SarService: Receiver polling >>>> Change receiver mode: off
02-06 15:47:08.677 32127 32141 I .minima.androi: Background young concurrent copying GC freed 228143(47MB) AllocSpace objects, 0(0B) LOS objects, 13% free, 151MB/175MB, paused 137us total 156.593ms
02-06 15:47:08.730 32127 32316 E chromium: [ERROR:net/socket/ssl_client_socket_impl.cc:916] handshake failed; returned -1, SSL error code 1, net_error -202
02-06 15:47:08.764  4069  4069 I CNSS    : Failed to send nl message
02-06 15:47:08.766  4069  4069 I CNSS    : Failed to send nl message
02-06 15:47:08.771  2696  6188 I SarService: Receiver polling >>>> Change receiver mode: off
02-06 15:47:08.965 32127 32141 I .minima.androi: Background young concurrent copying GC freed 226087(46MB) AllocSpace objects, 1(20KB) LOS objects, 13% free, 152MB/175MB, paused 137us total 156.351ms
02-06 15:47:08.972  2696  6188 I SarService: Receiver polling >>>> Change receiver mode: off
02-06 15:47:09.121  4069  4069 I CNSS    : Failed to send nl message
02-06 15:47:09.129  4069  4069 I chatty  : uid=1000(system) /system/vendor/bin/cnss_diag identical 4 lines
02-06 15:47:09.170  4069  4069 I CNSS    : Failed to send nl message
02-06 15:47:09.172  2696  6188 I SarService: Receiver polling >>>> Change receiver mode: off
02-06 15:47:09.181  4069  4069 I CNSS    : Failed to send nl message
02-06 15:47:09.344  4069  4069 I chatty  : uid=1000(system) /system/vendor/bin/cnss_diag identical 20 lines
02-06 15:47:09.371  4069  4069 I CNSS    : Failed to send nl message
02-06 15:47:09.372  2696  6188 I SarService: Receiver polling >>>> Change receiver mode: off
02-06 15:47:09.373  4069  4069 I CNSS    : Failed to send nl message
02-06 15:47:09.508  4069  4069 I chatty  : uid=1000(system) /system/vendor/bin/cnss_diag identical 14 lines
02-06 15:47:09.509  4069  4069 I CNSS    : Failed to send nl message
02-06 15:47:09.573  2696  6188 I SarService: Receiver polling >>>> Change receiver mode: off
02-06 15:47:09.773  2696  6188 I SarService: Receiver polling >>>> Change receiver mode: off
02-06 15:47:09.810  4069  4069 I CNSS    : Failed to send nl message
02-06 15:47:09.890  4069  4069 I chatty  : uid=1000(system) /system/vendor/bin/cnss_diag identical 9 lines
02-06 15:47:09.893  4069  4069 I CNSS    : Failed to send nl message
02-06 15:47:09.974  2696  6188 I SarService: Receiver polling >>>> Change receiver mode: off
02-06 15:47:09.993  4069  4069 I CNSS    : Failed to send nl message
02-06 15:47:10.153  4069  4069 I chatty  : uid=1000(system) /system/vendor/bin/cnss_diag identical 21 lines
02-06 15:47:10.155  4069  4069 I CNSS    : Failed to send nl message
02-06 15:47:10.174  2696  6188 I SarService: Receiver polling >>>> Change receiver mode: off
02-06 15:47:10.178  4069  4069 I CNSS    : Failed to send nl message
02-06 15:47:10.363  4069  4069 I chatty  : uid=1000(system) /system/vendor/bin/cnss_diag identical 25 lines
02-06 15:47:10.366  4069  4069 I CNSS    : Failed to send nl message
02-06 15:47:10.375  2696  6188 I SarService: Receiver polling >>>> Change receiver mode: off
02-06 15:47:10.399  4069  4069 I CNSS    : Failed to send nl message
02-06 15:47:10.568  4069  4069 I chatty  : uid=1000(system) /system/vendor/bin/cnss_diag identical 8 lines
02-06 15:47:10.570  4069  4069 I CNSS    : Failed to send nl message
02-06 15:47:10.575  2696  6188 I SarService: Receiver polling >>>> Change receiver mode: off
02-06 15:47:10.604  4069  4069 I CNSS    : Failed to send nl message
02-06 15:47:10.723  4069  4069 I chatty  : uid=1000(system) /system/vendor/bin/cnss_diag identical 8 lines
02-06 15:47:10.725  4069  4069 I CNSS    : Failed to send nl message
02-06 15:47:10.776  2696  6188 I SarService: Receiver polling >>>> Change receiver mode: off
02-06 15:47:10.795  4069  4069 I CNSS    : Failed to send nl message
